09-16 07:44:49.840  1219  1219 E IptablesRestoreController: -A fw_dozable -i lo -j RETURN
09-16 07:44:49.840  1219  1219 E IptablesRestoreController: -A fw_dozable -o lo -j RETURN
09-16 07:44:49.840  1219  1219 E IptablesRestoreController: -A fw_dozable -p tcp --tcp-flags RST RST -j RETURN
09-16 07:44:49.840  1219  1219 E IptablesRestoreController: -A fw_dozable -j DROP
09-16 07:44:49.840  1219  1219 E IptablesRestoreController: COMMIT
09-16 07:44:49.840  1219  1219 E IptablesRestoreController: 
09-16 07:44:49.840  1219  1219 E IptablesRestoreController: -------  ERROR -------
09-16 07:44:49.840  1219  1219 E IptablesRestoreController: iptables-restore: line 90 failed
09-16 07:44:49.840  1219  1219 E IptablesRestoreController: ----------------------
09-16 07:44:49.840  1216  1216 D         : [ACDB Command]->SW Minor/Major/Revision version info for /etc/acdbdata/QRD/QRD_Handset_cal.acdb
09-16 07:44:49.840  1216  1216 D         : [ACDB Command]->ACDB Sw Major = 5, ACDB Sw Minor = 0, ACDB Sw Revision = 2
09-16 07:44:49.840  1216  1216 D         : [ACDB Command]->ACDB File Major = 5, ACDB File Minor = 0, ACDB File Revision = 0
09-16 07:44:49.840  1216  1216 D         : [ACDB Command]->SW Minor/Major/Revision version info for /etc/acdbdata/QRD/QRD_Hdmi_cal.acdb
09-16 07:44:49.840  1216  1216 D         : [ACDB Command]->ACDB Sw Major = 5, ACDB Sw Minor = 0, ACDB Sw Revision = 2
09-16 07:44:49.840  1216  1216 D         : [ACDB Command]->ACDB File Major = 5, ACDB File Minor = 0, ACDB File Revision = 0
09-16 07:44:49.840  1217  1217 E mm-camera-intf: entity id 1
09-16 07:44:49.840  1216  1216 D         : [ACDB Command]->SW Minor/Major/Revision version info for /etc/acdbdata/QRD/QRD_Headset_cal.acdb
09-16 07:44:49.840  1217  1217 E mm-camera-intf: entity name video0 type 65537 group id 2
09-16 07:44:49.840  1217  1217 E mm-camera-intf: entity id 2
09-16 07:44:49.840  1216  1216 D         : [ACDB Command]->ACDB Sw Major = 5, ACDB Sw Minor = 0, ACDB Sw Revision = 2
09-16 07:44:49.840  1217  1217 E mm-camera-intf: entity name msm_cci type 131072 group id 0
09-16 07:44:49.840  1217  1217 E mm-camera-intf: entity id 3
09-16 07:44:49.840  1216  1216 D         : [ACDB Command]->ACDB File Major = 5, ACDB File Minor = 0, ACDB File Revision = 0
09-16 07:44:49.840  1217  1217 E mm-camera-intf: entity name v4l-subdev0 type 131072 group id 0
09-16 07:44:49.840  1217  1217 E mm-camera-intf: entity id 4
09-16 07:44:49.840  1217  1217 E mm-camera-intf: entity name v4l-subdev1 type 131072 group id 0
09-16 07:44:49.840  1217  1217 E mm-camera-intf: entity id 5
09-16 07:44:49.840  1217  1217 E mm-camera-intf: entity name v4l-subdev2 type 131072 group id 1
09-16 07:44:49.840  1217  1217 E mm-camera-intf: entity id 6
09-16 07:44:49.840  1217  1217 E mm-camera-intf: entity name v4l-subdev3 type 131072 group id 1
09-16 07:44:49.840  1217  1217 E mm-camera-intf: entity id 7
09-16 07:44:49.841  1217  1217 E mm-camera-intf: entity name v4l-subdev4 type 131072 group id 1
09-16 07:44:49.841  1217  1217 E mm-camera-intf: entity id 8
09-16 07:44:49.841  1217  1217 E mm-camera-intf: entity name v4l-subdev5 type 131072 group id 7
09-16 07:44:49.841  1217  1217 E mm-camera-intf: entity id 9
09-16 07:44:49.841  1217  1217 E mm-camera-intf: entity name v4l-subdev6 type 131072 group id 7
09-16 07:44:49.841  1217  1217 E mm-camera-intf: entity id 10
09-16 07:44:49.841  1217  1217 E mm-camera-intf: entity name v4l-subdev7 type 131072 group id 11
09-16 07:44:49.841  1217  1217 E mm-camera-intf: entity id 11
09-16 07:44:49.841  1217  1217 E mm-camera-intf: entity name v4l-subdev8 type 131072 group id 8
09-16 07:44:49.841  1217  1217 E mm-camera-intf: entity id 12
09-16 07:44:49.841  1217  1217 E mm-camera-intf: entity name v4l-subdev9 type 131072 group id 8
09-16 07:44:49.841  1217  1217 E mm-camera-intf: entity id 13
09-16 07:44:49.841  1217  1217 E mm-camera-intf: entity name v4l-subdev10 type 131072 group id 14
09-16 07:44:49.841  1217  1217 E mm-camera-intf: entity id 1
09-16 07:44:49.841  1217  1217 E mm-camera-intf: entity name video1 type 65537 group id 2
09-16 07:44:49.841  1217  1217 E mm-camera-intf: entity id 2
09-16 07:44:49.841  1217  1217 E mm-camera-intf: Done enumerating media entities
09-16 07:44:49.841  1217  1217 E mm-camera-intf: entity id 1
09-16 07:44:49.841  1217  1217 E mm-camera-intf: entity name video2 type 65537 group id 2
09-16 07:44:49.841  1217  1217 E mm-camera-intf: entity id 2
09-16 07:44:49.841  1217  1217 E mm-camera-intf: Done enumerating media entities
09-16 07:44:49.841  1217  1217 D mm-camera-intf: index = 0 flag = 1 mount_angle = 90 facing = 0 is_yuv = 0
09-16 07:44:49.841  1216  1216 D         : [ACDB Command]->SW Minor/Major/Revision version info for /etc/acdbdata/QRD/QRD_Speaker_cal.acdb
09-16 07:44:49.841  1217  1217 D mm-camera-intf: index = 1 flag = 103 mount_angle = 270 facing = 1 is_yuv = 0
09-16 07:44:49.841  1216  1216 D         : [ACDB Command]->ACDB Sw Major = 5, ACDB Sw Minor = 0, ACDB Sw Revision = 2
09-16 07:44:49.841  1216  1216 D         : [ACDB Command]->ACDB File Major = 5, ACDB File Minor = 0, ACDB File Revision = 0
09-16 07:44:49.841  1216  1216 D ACDB-LOADER: ACDB -> ACPH INIT
09-16 07:44:49.841  1216  1216 D         : [ACPH]->Online service registered with ACPH
09-16 07:44:49.841  1216  1216 E Diag_Lib:  Diag_LSM_Init: Failed to open handle to diag driver, error = 13
09-16 07:44:49.841  1217  1217 I CamProvider@2.4-impl: Loaded "QCamera Module" camera module
09-16 07:44:49.841  1216  1216 E Diag_Lib:  diagpkt_tbl_reg: Registration failed.
09-16 07:44:49.841  1217  1217 I CamProvider@2.4-impl: setUpVendorTags: No vendor tags defined for this device.
09-16 07:44:49.841  1216  1216 D         : [ACPH]->ACPH init success
09-16 07:44:49.841  1216  1216 D ACDB-LOADER: ACDB -> RTAC INIT
09-16 07:44:49.841  1216  1216 D         : [ACPH]->DSP RTC service registered with ACPH
09-16 07:44:49.841  1216  1216 D ACDB-LOADER: ACDB -> MCS, FTS INIT
09-16 07:44:49.841  1216  1216 E MCS-RT-CTL: Can't open the configuration file /system/etc/aanc_tuning_mixer.txt.
09-16 07:44:49.841  1216  1216 E ACDB-MCS: acdb_mcs_init: MCS routing control initialization failed.
09-16 07:44:49.842  1216  1216 D         : [ACPH]->FTS RTC service registered with ACPH
09-16 07:44:49.842  1216  1216 D ACDB-LOADER: ACDB -> ADIE RTAC INIT
09-16 07:44:49.842  1216  1216 D         : [ACPH]->ADIE RTC service registered with ACPH
09-16 07:44:49.842  1216  1216 D ACDB-LOADER: ACDB -> ACDB_CMD_GET_VOC_PROC_DYNAMIC_TABLE_SIZE
09-16 07:44:49.842  1217  1217 I CameraProviderManager: Connecting to new camera provider: legacy/0, isRemote? 0
09-16 07:44:49.842  1217  1217 I CameraProviderManager: Enumerating new camera device: device@1.0/legacy/0
09-16 07:44:49.843  1219  1219 W IptablesRestoreController: iptables-restore process 1222 terminated status=256
09-16 07:44:49.843  1219  1219 E IptablesRestoreController: iptables error:
09-16 07:44:49.843  1219  1219 E IptablesRestoreController: ------- COMMAND -------
09-16 07:44:49.843  1219  1219 E IptablesRestoreController: *filter
09-16 07:44:49.843  1219  1219 E IptablesRestoreController: :fw_dozable -
09-16 07:44:49.843  1219  1219 E IptablesRestoreController: -A fw_dozable -m owner --uid-owner 0-9999 -j RETURN
09-16 07:44:49.843  1219  1219 E IptablesRestoreController: -A fw_dozable -i lo -j RETURN
09-16 07:44:49.843  1219  1219 E IptablesRestoreController: -A fw_dozable -o lo -j RETURN
09-16 07:44:49.843  1219  1219 E IptablesRestoreController: -A fw_dozable -p tcp --tcp-flags RST RST -j RETURN
09-16 07:44:49.843  1219  1219 E IptablesRestoreController: -A fw_dozable -p icmpv6 --icmpv6-type packet-too-big -j RETURN
09-16 07:44:49.843  1219  1219 E IptablesRestoreController: -A fw_dozable -p icmpv6 --icmpv6-type router-solicitation -j RETURN
09-16 07:44:49.843  1219  1219 E IptablesRestoreController: -A fw_dozable -p icmpv6 --icmpv6-type router-advertisement -j RETURN
09-16 07:44:49.843  1219  1219 E IptablesRestoreController: -A fw_dozable -p icmpv6 --icmpv6-type neighbour-solicitation -j RETURN
09-16 07:44:49.843  1219  1219 E IptablesRestoreController: -A fw_dozable -p icmpv6 --icmpv6-type neighbour-advertisement -j RETURN
09-16 07:44:49.843  1219  1219 E IptablesRestoreController: -A fw_dozable -p icmpv6 --icmpv6-type redirect -j RETURN
09-16 07:44:49.843  1219  1219 E IptablesRestoreController: -A fw_dozable -j DROP
09-16 07:44:49.843  1219  1219 E IptablesRestoreController: COMMIT
09-16 07:44:49.843  1219  1219 E IptablesRestoreController: 
09-16 07:44:49.843  1219  1219 E IptablesRestoreController: -------  ERROR -------
09-16 07:44:49.843  1219  1219 E IptablesRestoreController: ip6tables-restore: line 80 failed
09-16 07:44:49.843  1219  1219 E IptablesRestoreController: ----------------------
09-16 07:44:49.845  1216  1216 D ACDB-LOADER: ACDB -> send_meta_info, lic 0
09-16 07:44:49.845  1216  1216 D         : Couldnt find the key 00000000 
09-16 07:44:49.845  1216  1216 D         : Output from GetMetaInfoSize command : 0
09-16 07:44:49.846  1217  1217 I CamDev@1.0-impl: Opening camera 0
09-16 07:44:49.847  1217  1217 I QCamera2HWI: getLogLevel gCamHalLogLevel=0
09-16 07:44:49.847  1217  1217 I vndksupport: sphal namespace is not configured for this process. Loading /vendor/lib/hw/power.msm8916.so from the current namespace instead.
09-16 07:44:49.849  1263  1263 W ip6tables-resto: type=1400 audit(0.0:315): avc: granted { getattr } for path="/vendor" dev="rootfs" ino=2208 scontext=u:r:netd:s0 tcontext=u:object_r:rootfs:s0 tclass=lnk_file
09-16 07:44:49.850  1217  1217 E QCOM PowerHAL: Unable to open prefetcher: dlopen failed: library "libqti-iop-client.so" not found
09-16 07:44:49.850  1217  1217 E QCOM PowerHAL: Failed to get prefetcher handle.
09-16 07:44:49.850  1217  1217 E mm-camera-intf: mm_camera_open: dev name = /dev/video1, cam_idx = 1
09-16 07:44:49.853   350  1254 I chatty  : uid=1006(camera) mm-qcamera-daem expire 1 line
09-16 07:44:49.854   350  1255 I chatty  : uid=1006(camera) mm-qcamera-daem expire 1 line
09-16 07:44:49.854   350  1254 I chatty  : uid=1006(camera) mm-qcamera-daem expire 3 lines
09-16 07:44:49.854   350  1256 I chatty  : uid=1006(camera) mm-qcamera-daem expire 3 lines
09-16 07:44:49.854   350  1257 I chatty  : uid=1006(camera) mm-qcamera-daem expire 4 lines
09-16 07:44:49.856   350  1258 I chatty  : uid=1006(camera) mm-qcamera-daem expire 2 lines
09-16 07:44:49.858   350  1260 I chatty  : uid=1006(camera) mm-qcamera-daem expire 1 line
09-16 07:44:49.859   350  1259 I chatty  : uid=1006(camera) mm-qcamera-daem expire 2 lines
09-16 07:44:49.860  1216  1216 D ACDB-LOADER: ACDB -> send_common_custom_topology
09-16 07:44:49.860  1216  1216 D ACDB-LOADER: ACDB -> ACDB_CMD_GET_AVCS_CUSTOM_TOPO_INFO
09-16 07:44:49.860  1216  1216 D         : ACDBFILE_MGR: Property for the pid 000131A7 not found
09-16 07:44:49.860  1216  1216 D         : ACDB_COMMAND: Failed to fetch the property info for pid 000131A7 
09-16 07:44:49.860  1216  1216 E ACDB-LOADER: Error: ACDB get common custom topologies returned = -18
09-16 07:44:49.860  1216  1216 D ACDB-LOADER: ACDB -> ACDB_CMD_GET_AVCS_CUSTOM_TOPO_INFO: size:0x0 ret=-18 
09-16 07:44:49.860  1216  1216 D ACDB-LOADER: ACDB -> CORE_CUSTOM_TOPOLOGIES
09-16 07:44:49.860  1216  1216 D ACDB-LOADER: ACDB -> acdb_loader_send_common_custom_topology: Common custom topology not in use
09-16 07:44:49.860  1216  1216 D ACDB-LOADER: ACDB -> send_adm_custom_topology
09-16 07:44:49.860  1216  1216 D ACDB-LOADER: ACDB -> ACDB_CMD_GET_AUDIO_COPP_TOPOLOGIES
09-16 07:44:49.860  1216  1216 D         : ACDBFILE_MGR: Property for the pid 00012E47 not found
09-16 07:44:49.860  1216  1216 D         : ACDB_COMMAND: Failed to fetch the property info for pid 00012E47 
09-16 07:44:49.860  1216  1216 E ACDB-LOADER: Error: ACDB get adm topologies returned = -18
09-16 07:44:49.860  1216  1216 D ACDB-LOADER: ACDB -> AUDIO_SET_ADM_CUSTOM_TOPOLOGY
09-16 07:44:49.860  1216  1216 D ACDB-LOADER: ACDB -> send_asm_custom_topology
09-16 07:44:49.860  1216  1216 D ACDB-LOADER: ACDB -> ACDB_CMD_GET_AUDIO_POPP_TOPOLOGIES
09-16 07:44:49.860  1216  1216 D ACDB-LOADER: ACDB -> AUDIO_SET_ASM_CUSTOM_TOPOLOGY
09-16 07:44:49.860  1216  1216 D ACDB-LOADER: ACDB -> send_lsm_custom_topology
09-16 07:44:49.860  1216  1216 D ACDB-LOADER: ACDB -> ACDB_CMD_GET_LSM_TOPOLOGIES
09-16 07:44:49.860  1216  1216 D         : ACDBFILE_MGR: Property for the pid 000130DF not found
09-16 07:44:49.860  1216  1216 D         : ACDB_COMMAND: Failed to fetch the property info for pid 000130DF 
09-16 07:44:49.860  1216  1216 E ACDB-LOADER: Error: ACDB get lsm custom topologies returned = -18
09-16 07:44:49.860  1216  1216 D ACDB-LOADER: ACDB -> AUDIO_SET_LSM_CUSTOM_TOPOLOGY
09-16 07:44:49.860  1216  1216 D ACDB-LOADER: ACDB -> init done!
09-16 07:44:49.860  1216  1216 D msm8916_platform: ACDB initialized
09-16 07:44:49.860  1216  1216 D msm8916_platform: hw_util_open Opening device /dev/snd/hwC0D1000
09-16 07:44:49.860  1216  1216 D msm8916_platform: hw_util_open success
09-16 07:44:49.860  1216  1216 D ACDB-LOADER: ACDB -> ACDB_CMD_GET_ANC_SETTING
09-16 07:44:49.860  1216  1216 D         : Failed to fetch the lookup information of the device 0000001A 
09-16 07:44:49.860  1216  1216 E ACDB-LOADER: Error: ACDB ANC returned = -19
09-16 07:44:49.860  1216  1216 D ACDB-LOADER: ACDB -> ACDB_CMD_GET_ANC_SETTING
09-16 07:44:49.860  1216  1216 D         : Failed to fetch the lookup information of the device 0000001B 
09-16 07:44:49.860  1216  1216 E ACDB-LOADER: Error: ACDB ANC returned = -19
09-16 07:44:49.860  1216  1216 D ACDB-LOADER: ACDB -> ACDB_CMD_GET_ANC_SETTING
09-16 07:44:49.860  1216  1216 D         : Failed to fetch the lookup information of the device 0000001C 
09-16 07:44:49.860  1216  1216 E ACDB-LOADER: Error: ACDB ANC returned = -19
09-16 07:44:49.860  1216  1216 D ACDB-LOADER: ACDB -> ACDB_CMD_GET_ANC_SETTING
09-16 07:44:49.860  1216  1216 D         : Failed to fetch the lookup information of the device 0000001D 
09-16 07:44:49.860  1216  1216 E ACDB-LOADER: Error: ACDB ANC returned = -19
09-16 07:44:49.860  1216  1216 D ACDB-LOADER: ACDB -> ACDB_CMD_GET_ANC_SETTING
09-16 07:44:49.860  1216  1216 D         : Failed to fetch the lookup information of the device 0000001E 
09-16 07:44:49.861  1216  1216 E ACDB-LOADER: Error: ACDB ANC returned = -19
09-16 07:44:49.861  1216  1216 D ACDB-LOADER: ACDB -> ACDB_CMD_GET_ANC_SETTING
09-16 07:44:49.861  1216  1216 D         : Failed to fetch the lookup information of the device 0000001F 
09-16 07:44:49.861  1216  1216 E ACDB-LOADER: Error: ACDB ANC returned = -19
09-16 07:44:49.861  1216  1216 D ACDB-LOADER: ACDB -> ACDB_CMD_GET_ANC_SETTING
09-16 07:44:49.861  1216  1216 D         : Failed to fetch the lookup information of the device 00000067 
09-16 07:44:49.861  1216  1216 E ACDB-LOADER: Error: ACDB ANC returned = -19
09-16 07:44:49.861  1216  1216 D ACDB-LOADER: ACDB -> ACDB_CMD_GET_ANC_SETTING
09-16 07:44:49.861  1216  1216 D         : Failed to fetch the lookup information of the device 00000056 
09-16 07:44:49.861  1216  1216 E ACDB-LOADER: Error: ACDB ANC returned = -1
09-16 07:44:49.861  1216  1216 D ACDB-LOADER: ACDB -> ACDB_CMD_GET_ANC_SETTING
09-16 07:44:49.861  1216  1216 D         : Failed to fetch the lookup information of the device 00000059 
09-16 07:44:49.861  1216  1216 E ACDB-LOADER: Error: ACDB ANC returned = -1
09-16 07:44:49.861  1216  1216 E msm8916_platform: Failed to call ioctl  for anc_cal err=14 calib.size=16
09-16 07:44:49.861  1216  1216 D msm8916_platform: send_codec_cal cal sent for anc_cal calib.size=16
09-16 07:44:49.861  1216  1216 E ACDB-LOADER: ACDB -> send_codec_cal
09-16 07:44:49.861  1216  1216 E ACDB-LOADER: ACDB -> ACDB_CMD_GET_CODEC_CAL_DATA
09-16 07:44:49.861  1216  1216 D         : Failed to fetch the lookup information of the device 00000064 
09-16 07:44:49.861  1216  1216 E ACDB-LOADER: Error: ACDB CODEC CAL returned = -19
09-16 07:44:49.861  1216  1216 E msm8916_platform: Failed to call ioctl  for mad_cal err=14 calib.size=-326833379
09-16 07:44:49.861  1216  1216 D msm8916_platform: send_codec_cal cal sent for mad_cal calib.size=-326833379
09-16 07:44:49.861  1216  1216 D ACDB-LOADER: send mbhc data
09-16 07:44:49.861  1216  1216 D ACDB-LOADER: ACDB -> MBHC ACDB_PID_GENERAL_CONFIG
09-16 07:44:49.861  1216  1216 D ACDB-LOADER: ACDB -> MBHC ACDB_PID_PLUG_REMOVAL_DETECTION
09-16 07:44:49.861  1216  1216 D ACDB-LOADER: ACDB -> MBHC ACDB_PID_PLUG_TYPE_DETECTION
09-16 07:44:49.861  1216  1216 D ACDB-LOADER: ACDB -> MBHC ACDB_PID_BUTTON_PRESS_DETECTION
09-16 07:44:49.861  1216  1216 D ACDB-LOADER: ACDB -> MBHC ACDB_PID_IMPEDANCE_DETECTION
09-16 07:44:49.861  1216  1216 D msm8916_platform: send_codec_cal cal sent for mbhc_cal calib.size=154
09-16 07:44:49.861  1216  1216 E msm8916_platform: Failed to call ioctl  for  err=14 calib.size=154
09-16 07:44:49.861  1216  1216 D msm8916_platform: send_codec_cal cal sent for  calib.size=154
09-16 07:44:49.862  1216  1216 D msm8916_platform: hw_util_open Opening device /dev/snd/hwC0D1000
09-16 07:44:49.862  1216  1216 D msm8916_platform: hw_util_open success
09-16 07:44:49.862  1216  1216 D ACDB-LOADER: ACDB -> ACDB_CMD_GET_ANC_SETTING
09-16 07:44:49.862  1216  1216 D         : Failed to fetch the lookup information of the device 0000001A 
09-16 07:44:49.862  1216  1216 E ACDB-LOADER: Error: ACDB ANC returned = -19
09-16 07:44:49.862  1216  1216 D ACDB-LOADER: ACDB -> ACDB_CMD_GET_ANC_SETTING
09-16 07:44:49.862  1216  1216 D         : Failed to fetch the lookup information of the device 0000001B 
09-16 07:44:49.862  1216  1216 E ACDB-LOADER: Error: ACDB ANC returned = -19
09-16 07:44:49.862  1216  1216 D ACDB-LOADER: ACDB -> ACDB_CMD_GET_ANC_SETTING
09-16 07:44:49.862  1216  1216 D         : Failed to fetch the lookup information of the device 0000001C 
09-16 07:44:49.862  1216  1216 E ACDB-LOADER: Error: ACDB ANC returned = -19
09-16 07:44:49.862  1216  1216 D ACDB-LOADER: ACDB -> ACDB_CMD_GET_ANC_SETTING
09-16 07:44:49.862  1216  1216 D         : Failed to fetch the lookup information of the device 0000001D 
09-16 07:44:49.862  1216  1216 E ACDB-LOADER: Error: ACDB ANC returned = -19
09-16 07:44:49.862  1216  1216 D ACDB-LOADER: ACDB -> ACDB_CMD_GET_ANC_SETTING
09-16 07:44:49.862  1216  1216 D         : Failed to fetch the lookup information of the device 0000001E 
09-16 07:44:49.862  1216  1216 E ACDB-LOADER: Error: ACDB ANC returned = -19
09-16 07:44:49.862  1216  1216 D ACDB-LOADER: ACDB -> ACDB_CMD_GET_ANC_SETTING
09-16 07:44:49.862  1216  1216 D         : Failed to fetch the lookup information of the device 0000001F 
09-16 07:44:49.862  1216  1216 E ACDB-LOADER: Error: ACDB ANC returned = -19
09-16 07:44:49.862  1216  1216 D ACDB-LOADER: ACDB -> ACDB_CMD_GET_ANC_SETTING
09-16 07:44:49.862  1216  1216 D         : Failed to fetch the lookup information of the device 00000067 
09-16 07:44:49.862  1216  1216 E ACDB-LOADER: Error: ACDB ANC returned = -19
09-16 07:44:49.862  1216  1216 D ACDB-LOADER: ACDB -> ACDB_CMD_GET_ANC_SETTING
09-16 07:44:49.862  1216  1216 D         : Failed to fetch the lookup information of the device 00000056 
09-16 07:44:49.862  1216  1216 E ACDB-LOADER: Error: ACDB ANC returned = -1
09-16 07:44:49.862  1216  1216 D ACDB-LOADER: ACDB -> ACDB_CMD_GET_ANC_SETTING
09-16 07:44:49.862  1216  1216 D         : Failed to fetch the lookup information of the device 00000059 
09-16 07:44:49.862  1216  1216 E ACDB-LOADER: Error: ACDB ANC returned = -1
09-16 07:44:49.862  1216  1216 E msm8916_platform: Failed to call ioctl  for anc_cal err=14 calib.size=16
09-16 07:44:49.862  1216  1216 D msm8916_platform: send_codec_cal cal sent for anc_cal calib.size=16
09-16 07:44:49.862  1216  1216 E ACDB-LOADER: ACDB -> send_codec_cal
09-16 07:44:49.862  1216  1216 E ACDB-LOADER: ACDB -> ACDB_CMD_GET_CODEC_CAL_DATA
09-16 07:44:49.862  1216  1216 D         : Failed to fetch the lookup information of the device 00000064 
09-16 07:44:49.862  1216  1216 E ACDB-LOADER: Error: ACDB CODEC CAL returned = -19
09-16 07:44:49.862  1216  1216 E msm8916_platform: Failed to call ioctl  for mad_cal err=14 calib.size=-326833379
09-16 07:44:49.862  1216  1216 D msm8916_platform: send_codec_cal cal sent for mad_cal calib.size=-326833379
09-16 07:44:49.862  1216  1216 D ACDB-LOADER: send mbhc data
09-16 07:44:49.862  1216  1216 D ACDB-LOADER: ACDB -> MBHC ACDB_PID_GENERAL_CONFIG
09-16 07:44:49.862  1216  1216 D ACDB-LOADER: ACDB -> MBHC ACDB_PID_PLUG_REMOVAL_DETECTION
09-16 07:44:49.862  1216  1216 D ACDB-LOADER: ACDB -> MBHC ACDB_PID_PLUG_TYPE_DETECTION
09-16 07:44:49.862  1216  1216 D ACDB-LOADER: ACDB -> MBHC ACDB_PID_BUTTON_PRESS_DETECTION
09-16 07:44:49.862  1216  1216 D ACDB-LOADER: ACDB -> MBHC ACDB_PID_IMPEDANCE_DETECTION
09-16 07:44:49.862  1216  1216 D msm8916_platform: send_codec_cal cal sent for mbhc_cal calib.size=154
09-16 07:44:49.862  1216  1216 E msm8916_platform: Failed to call ioctl  for  err=14 calib.size=154
09-16 07:44:49.862  1216  1216 D msm8916_platform: send_codec_cal cal sent for  calib.size=154
09-16 07:44:49.864  1216  1216 E audio_hw_primary: Amplifier initialization failed
09-16 07:44:49.864   350  1261 I chatty  : uid=1006(camera) mm-qcamera-daem expire 1 line
09-16 07:44:49.865  1216  1216 E audio_hw_utils: audio_extn_utils_update_streams_output_cfg_list: could not load output policy config file
09-16 07:44:49.865  1216  1216 D audio_hw_primary: select_devices: out_snd_device(2: speaker) in_snd_device(0: )
09-16 07:44:49.865  1216  1216 W msm8916_platform: Codec backend bitwidth 16, samplerate 48000
09-16 07:44:49.865  1216  1216 D hardware_info: hw_info_append_hw_type : device_name = speaker
09-16 07:44:49.865  1216  1216 D audio_hw_primary: enable_snd_device: snd_device(2: speaker)
09-16 07:44:49.866   350  1254 I chatty  : uid=1006(camera) mm-qcamera-daem expire 837 lines
09-16 07:44:49.866  1216  1216 W audio_hw_utils: audio_extn_utils_update_stream_app_type_cfg: App type could not be selected. Falling back to default
09-16 07:44:49.866  1216  1216 I audio_hw_primary: select_devices Selected apptype: 69936
09-16 07:44:49.866  1216  1216 D ACDB-LOADER: ACDB -> send_audio_cal, acdb_id = 14, path =  0
09-16 07:44:49.866  1216  1216 D ACDB-LOADER: ACDB -> send_asm_topology
09-16 07:44:49.866  1216  1216 D ACDB-LOADER: ACDB -> ACDB_CMD_GET_AUDPROC_STREAM_TOPOLOGY_ID
09-16 07:44:49.866  1216  1216 D ACDB-LOADER: ACDB -> send_adm_topology
09-16 07:44:49.866  1216  1216 D ACDB-LOADER: ACDB -> ACDB_CMD_GET_AUDPROC_COMMON_TOPOLOGY_ID
09-16 07:44:49.866  1216  1216 D ACDB-LOADER: ACDB -> send_audtable
09-16 07:44:49.866  1216  1216 D ACDB-LOADER: ACDB -> ACDB_CMD_GET_AUDPROC_COMMON_TABLE_SIZE
09-16 07:44:49.866  1216  1216 D ACDB-LOADER: ACDB -> ACDB_CMD_GET_AUDPROC_COMMON_TABLE
09-16 07:44:49.866  1216  1216 D ACDB-LOADER: ACDB -> AUDIO_SET_AUDPROC_CAL
09-16 07:44:49.866  1216  1216 D ACDB-LOADER: ACDB -> send_audvoltable
09-16 07:44:49.866  1216  1216 D ACDB-LOADER: ACDB -> ACDB_CMD_GET_AUDPROC_GAIN_DEP_STEP_TABLE
09-16 07:44:49.866  1216  1216 D ACDB-LOADER: ACDB -> AUDIO_SET_AUDPROC_VOL_CAL
09-16 07:44:49.866  1216  1216 D ACDB-LOADER: ACDB -> send_afe_cal
09-16 07:44:49.866  1216  1216 D ACDB-LOADER: ACDB -> ACDB_CMD_GET_AFE_COMMON_TABLE
09-16 07:44:49.866  1216  1216 D ACDB-LOADER: ACDB -> AUDIO_SET_AFE_CAL
09-16 07:44:49.866  1216  1216 D ACDB-LOADER: ACDB -> send_hw_delay : acdb_id = 14 path = 0
09-16 07:44:49.866  1216  1216 D ACDB-LOADER: ACDB -> ACDB_AVSYNC_INFO: ACDB_CMD_GET_DEVICE_PROPERTY
09-16 07:44:49.867  1216  1216 I audio_hw_utils: audio_extn_utils_send_app_type_cfg: PLAYBACK  app_type 69936, acdb_dev_id 14, sample_rate 48000
09-16 07:44:49.867  1216  1216 D audio_hw_primary: enable_audio_route: apply mixer and update path: deep-buffer-playback
09-16 07:44:49.869  1216  1216 D audio_hw_primary: select_devices: done
09-16 07:44:49.872  1216  1216 D audio_hw_primary: disable_audio_route: reset and update mixer path: deep-buffer-playback
09-16 07:44:49.873  1216  1216 D hardware_info: hw_info_append_hw_type : device_name = speaker
09-16 07:44:49.873  1216  1216 D audio_hw_primary: disable_snd_device: snd_device(2: speaker)
09-16 07:44:49.874  1216  1216 D audio_hw_primary: select_devices: out_snd_device(2: speaker) in_snd_device(0: )
09-16 07:44:49.874  1216  1216 W msm8916_platform: Codec backend bitwidth 16, samplerate 48000
09-16 07:44:49.874  1216  1216 D hardware_info: hw_info_append_hw_type : device_name = speaker
09-16 07:44:49.874  1216  1216 D audio_hw_primary: enable_snd_device: snd_device(2: speaker)
09-16 07:44:49.875  1216  1216 W audio_hw_utils: audio_extn_utils_update_stream_app_type_cfg: App type could not be selected. Falling back to default
09-16 07:44:49.875  1216  1216 I audio_hw_primary: select_devices Selected apptype: 69936
09-16 07:44:49.875  1216  1216 D ACDB-LOADER: ACDB -> send_audio_cal, acdb_id = 14, path =  0
09-16 07:44:49.875  1216  1216 D ACDB-LOADER: ACDB -> send_asm_topology
09-16 07:44:49.875  1216  1216 D ACDB-LOADER: ACDB -> ACDB_CMD_GET_AUDPROC_STREAM_TOPOLOGY_ID
09-16 07:44:49.875  1216  1216 D ACDB-LOADER: ACDB -> send_adm_topology
09-16 07:44:49.875  1216  1216 D ACDB-LOADER: ACDB -> ACDB_CMD_GET_AUDPROC_COMMON_TOPOLOGY_ID
09-16 07:44:49.875  1216  1216 D ACDB-LOADER: ACDB -> send_audtable
09-16 07:44:49.875  1216  1216 D ACDB-LOADER: ACDB -> ACDB_CMD_GET_AUDPROC_COMMON_TABLE_SIZE
09-16 07:44:49.875  1216  1216 D ACDB-LOADER: ACDB -> ACDB_CMD_GET_AUDPROC_COMMON_TABLE
09-16 07:44:49.875  1216  1216 D ACDB-LOADER: ACDB -> AUDIO_SET_AUDPROC_CAL
09-16 07:44:49.875  1216  1216 D ACDB-LOADER: ACDB -> send_audvoltable
09-16 07:44:49.875  1216  1216 D ACDB-LOADER: ACDB -> ACDB_CMD_GET_AUDPROC_GAIN_DEP_STEP_TABLE
09-16 07:44:49.875  1216  1216 D ACDB-LOADER: ACDB -> AUDIO_SET_AUDPROC_VOL_CAL
09-16 07:44:49.875  1216  1216 D ACDB-LOADER: ACDB -> send_afe_cal
09-16 07:44:49.875  1216  1216 D ACDB-LOADER: ACDB -> ACDB_CMD_GET_AFE_COMMON_TABLE
09-16 07:44:49.875  1216  1216 D ACDB-LOADER: ACDB -> AUDIO_SET_AFE_CAL
09-16 07:44:49.875  1216  1216 D ACDB-LOADER: ACDB -> send_hw_delay : acdb_id = 14 path = 0
09-16 07:44:49.875  1216  1216 D ACDB-LOADER: ACDB -> ACDB_AVSYNC_INFO: ACDB_CMD_GET_DEVICE_PROPERTY
09-16 07:44:49.875  1216  1216 I audio_hw_utils: audio_extn_utils_send_app_type_cfg: PLAYBACK  app_type 69936, acdb_dev_id 14, sample_rate 48000
09-16 07:44:49.875  1216  1216 D audio_hw_primary: enable_audio_route: apply mixer and update path: low-latency-playback
09-16 07:44:49.876  1216  1216 D audio_hw_primary: select_devices: done
09-16 07:44:49.878  1216  1216 D audio_hw_primary: disable_audio_route: reset and update mixer path: low-latency-playback
09-16 07:44:49.878  1216  1216 D hardware_info: hw_info_append_hw_type : device_name = speaker
09-16 07:44:49.878  1216  1216 D audio_hw_primary: disable_snd_device: snd_device(2: speaker)
09-16 07:44:49.879  1266  1266 W iptables-restor: type=1400 audit(0.0:316): avc: granted { getattr } for path="/vendor" dev="rootfs" ino=2208 scontext=u:r:netd:s0 tcontext=u:object_r:rootfs:s0 tclass=lnk_file
09-16 07:44:49.879  1216  1216 D audio_hw_primary: select_devices: out_snd_device(0: ) in_snd_device(34: handset-mic)
09-16 07:44:49.879  1216  1216 D hardware_info: hw_info_append_hw_type : device_name = handset-mic
09-16 07:44:49.879  1216  1216 D audio_hw_primary: enable_snd_device: snd_device(34: handset-mic)
09-16 07:44:49.881  1216  1216 D ACDB-LOADER: ACDB -> send_audio_cal, acdb_id = 4, path =  1
09-16 07:44:49.881  1216  1216 D ACDB-LOADER: ACDB -> send_asm_topology
09-16 07:44:49.881  1216  1216 D ACDB-LOADER: ACDB -> ACDB_CMD_GET_AUDPROC_STREAM_TOPOLOGY_ID
09-16 07:44:49.881  1216  1216 D ACDB-LOADER: ACDB -> send_adm_topology
09-16 07:44:49.881  1216  1216 D ACDB-LOADER: ACDB -> ACDB_CMD_GET_AUDPROC_COMMON_TOPOLOGY_ID
09-16 07:44:49.881  1216  1216 D ACDB-LOADER: ACDB -> send_audtable
09-16 07:44:49.881  1216  1216 D ACDB-LOADER: ACDB -> ACDB_CMD_GET_AUDPROC_COMMON_TABLE_SIZE
09-16 07:44:49.881  1216  1216 D ACDB-LOADER: ACDB -> ACDB_CMD_GET_AUDPROC_COMMON_TABLE
09-16 07:44:49.881  1216  1216 D ACDB-LOADER: ACDB -> AUDIO_SET_AUDPROC_CAL
09-16 07:44:49.881  1216  1216 D ACDB-LOADER: ACDB -> send_audvoltable
09-16 07:44:49.881  1216  1216 D ACDB-LOADER: ACDB -> ACDB_CMD_GET_AUDPROC_GAIN_DEP_STEP_TABLE
09-16 07:44:49.881  1216  1216 D         : Failed to fetch the lookup information of the device 00000004 
09-16 07:44:49.881  1216  1216 E ACDB-LOADER: Error: ACDB AudProc vol returned = -19
09-16 07:44:49.881  1216  1216 D ACDB-LOADER: ACDB -> AUDIO_SET_AUDPROC_VOL_CAL
09-16 07:44:49.881  1216  1216 D ACDB-LOADER: ACDB -> send_afe_cal
09-16 07:44:49.881  1216  1216 D ACDB-LOADER: ACDB -> ACDB_CMD_GET_AFE_COMMON_TABLE
09-16 07:44:49.881  1216  1216 D         : Failed to fetch the lookup information of the device 00000004 
09-16 07:44:49.881  1216  1216 E ACDB-LOADER: Error: ACDB AFE returned = -19
09-16 07:44:49.881  1216  1216 D ACDB-LOADER: ACDB -> AUDIO_SET_AFE_CAL
09-16 07:44:49.881  1216  1216 D ACDB-LOADER: ACDB -> send_hw_delay : acdb_id = 4 path = 1
09-16 07:44:49.881  1216  1216 D ACDB-LOADER: ACDB -> ACDB_AVSYNC_INFO: ACDB_CMD_GET_DEVICE_PROPERTY
09-16 07:44:49.881  1216  1216 I audio_hw_utils: audio_extn_utils_send_app_type_cfg: CAPTURE  app_type 69938, acdb_dev_id 4, sample_rate 48000
09-16 07:44:49.881  1216  1216 D audio_hw_primary: enable_audio_route: apply mixer and update path: audio-record
09-16 07:44:49.882  1216  1216 D audio_hw_primary: select_devices: done
09-16 07:44:49.884  1219  1219 W IptablesRestoreController: iptables-restore process 1250 terminated status=256
09-16 07:44:49.884  1219  1219 E IptablesRestoreController: iptables error:
09-16 07:44:49.884  1219  1219 E IptablesRestoreController: ------- COMMAND -------
09-16 07:44:49.884  1219  1219 E IptablesRestoreController: *filter
09-16 07:44:49.884  1219  1219 E IptablesRestoreController: :fw_powersave -
09-16 07:44:49.884  1219  1219 E IptablesRestoreController: -A fw_powersave -m owner --uid-owner 0-9999 -j RETURN
09-16 07:44:49.884  1219  1219 E IptablesRestoreController: -A fw_powersave -i lo -j RETURN
09-16 07:44:49.884  1219  1219 E IptablesRestoreController: -A fw_powersave -o lo -j RETURN
09-16 07:44:49.884  1219  1219 E IptablesRestoreController: -A fw_powersave -p tcp --tcp-flags RST RST -j RETURN
09-16 07:44:49.884  1219  1219 E IptablesRestoreController: -A fw_powersave -j DROP
09-16 07:44:49.884  1219  1219 E IptablesRestoreController: COMMIT
09-16 07:44:49.884  1219  1219 E IptablesRestoreController: 
09-16 07:44:49.884  1219  1219 E IptablesRestoreController: -------  ERROR -------
09-16 07:44:49.884  1219  1219 E IptablesRestoreController: iptables-restore: line 15 failed
09-16 07:44:49.884  1219  1219 E IptablesRestoreController: ----------------------
09-16 07:44:49.885  1216  1216 D audio_hw_primary: disable_audio_route: reset and update mixer path: audio-record
09-16 07:44:49.885  1216  1216 D hardware_info: hw_info_append_hw_type : device_name = handset-mic
09-16 07:44:49.885  1216  1216 D audio_hw_primary: disable_snd_device: snd_device(34: handset-mic)
09-16 07:44:49.887  1216  1216 D audio_hw_primary: select_devices: out_snd_device(0: ) in_snd_device(34: handset-mic)
09-16 07:44:49.887  1216  1216 D hardware_info: hw_info_append_hw_type : device_name = handset-mic
09-16 07:44:49.887  1216  1216 D audio_hw_primary: enable_snd_device: snd_device(34: handset-mic)
09-16 07:44:49.888  1219  1219 W IptablesRestoreController: iptables-restore process 1263 terminated status=256
09-16 07:44:49.888  1216  1216 D ACDB-LOADER: ACDB -> send_audio_cal, acdb_id = 4, path =  1
09-16 07:44:49.888  1216  1216 D ACDB-LOADER: ACDB -> send_asm_topology
09-16 07:44:49.888  1219  1219 E IptablesRestoreController: iptables error:
09-16 07:44:49.888  1219  1219 E IptablesRestoreController: ------- COMMAND -------
09-16 07:44:49.888  1219  1219 E IptablesRestoreController: *filter
09-16 07:44:49.888  1219  1219 E IptablesRestoreController: :fw_powersave -
09-16 07:44:49.888  1219  1219 E IptablesRestoreController: -A fw_powersave -m owner --uid-owner 0-9999 -j RETURN
09-16 07:44:49.888  1219  1219 E IptablesRestoreController: -A fw_powersave -i lo -j RETURN
09-16 07:44:49.888  1219  1219 E IptablesRestoreController: -A fw_powersave -o lo -j RETURN
09-16 07:44:49.888  1219  1219 E IptablesRestoreController: -A fw_powersave -p tcp --tcp-flags RST RST -j RETURN
09-16 07:44:49.888  1219  1219 E IptablesRestoreController: -A fw_powersave -p icmpv6 --icmpv6-type packet-too-big -j RETURN
09-16 07:44:49.888  1219  1219 E IptablesRestoreController: -A fw_powersave -p icmpv6 --icmpv6-type router-solicitation -j RETURN
09-16 07:44:49.888  1219  1219 E IptablesRestoreController: -A fw_powersave -p icmpv6 --icmpv6-type router-advertisement -j RETURN
09-16 07:44:49.888  1219  1219 E IptablesRestoreController: -A fw_powersave -p icmpv6 --icmpv6-type neighbour-solicitation -j RETURN
09-16 07:44:49.888  1219  1219 E IptablesRestoreController: -A fw_powersave -p icmpv6 --icmpv6-type neighbour-advertisement -j RETURN
09-16 07:44:49.888  1219  1219 E IptablesRestoreController: -A fw_powersave -p icmpv6 --icmpv6-type redirect -j RETURN
09-16 07:44:49.888  1219  1219 E IptablesRestoreController: -A fw_powersave -j DROP
09-16 07:44:49.888  1219  1219 E IptablesRestoreController: COMMIT
09-16 07:44:49.888  1219  1219 E IptablesRestoreController: 
09-16 07:44:49.888  1219  1219 E IptablesRestoreController: -------  ERROR -------
09-16 07:44:49.888  1219  1219 E IptablesRestoreController: ip6tables-restore: line 21 failed
09-16 07:44:49.888  1219  1219 E IptablesRestoreController: ----------------------
09-16 07:44:49.888  1216  1216 D ACDB-LOADER: ACDB -> ACDB_CMD_GET_AUDPROC_STREAM_TOPOLOGY_ID
09-16 07:44:49.888  1216  1216 D ACDB-LOADER: ACDB -> send_adm_topology
09-16 07:44:49.888  1216  1216 D ACDB-LOADER: ACDB -> ACDB_CMD_GET_AUDPROC_COMMON_TOPOLOGY_ID
09-16 07:44:49.888  1216  1216 D ACDB-LOADER: ACDB -> send_audtable
09-16 07:44:49.888  1219  1219 I Netd    : Setting up FirewallController hooks: 50.7ms
09-16 07:44:49.888  1216  1216 D ACDB-LOADER: ACDB -> ACDB_CMD_GET_AUDPROC_COMMON_TABLE_SIZE
09-16 07:44:49.888  1216  1216 D ACDB-LOADER: ACDB -> ACDB_CMD_GET_AUDPROC_COMMON_TABLE
09-16 07:44:49.888  1216  1216 D ACDB-LOADER: ACDB -> AUDIO_SET_AUDPROC_CAL
09-16 07:44:49.888  1216  1216 D ACDB-LOADER: ACDB -> send_audvoltable
09-16 07:44:49.888  1216  1216 D ACDB-LOADER: ACDB -> ACDB_CMD_GET_AUDPROC_GAIN_DEP_STEP_TABLE
09-16 07:44:49.888  1216  1216 D         : Failed to fetch the lookup information of the device 00000004 
09-16 07:44:49.888  1216  1216 E ACDB-LOADER: Error: ACDB AudProc vol returned = -19
09-16 07:44:49.888  1216  1216 D ACDB-LOADER: ACDB -> AUDIO_SET_AUDPROC_VOL_CAL
09-16 07:44:49.888  1216  1216 D ACDB-LOADER: ACDB -> send_afe_cal
09-16 07:44:49.888  1216  1216 D ACDB-LOADER: ACDB -> ACDB_CMD_GET_AFE_COMMON_TABLE
09-16 07:44:49.888  1216  1216 D         : Failed to fetch the lookup information of the device 00000004 
09-16 07:44:49.888  1216  1216 E ACDB-LOADER: Error: ACDB AFE returned = -19
09-16 07:44:49.888  1216  1216 D ACDB-LOADER: ACDB -> AUDIO_SET_AFE_CAL
09-16 07:44:49.888  1216  1216 D ACDB-LOADER: ACDB -> send_hw_delay : acdb_id = 4 path = 1
09-16 07:44:49.888  1216  1216 D ACDB-LOADER: ACDB -> ACDB_AVSYNC_INFO: ACDB_CMD_GET_DEVICE_PROPERTY
09-16 07:44:49.888  1216  1216 I audio_hw_utils: audio_extn_utils_send_app_type_cfg: CAPTURE  app_type 69938, acdb_dev_id 4, sample_rate 48000
09-16 07:44:49.888  1216  1216 D audio_hw_primary: enable_audio_route: apply mixer and update path: low-latency-record
09-16 07:44:49.889  1216  1216 D audio_hw_primary: select_devices: done
09-16 07:44:49.891  1216  1216 D audio_hw_primary: disable_audio_route: reset and update mixer path: low-latency-record
09-16 07:44:49.891  1216  1216 D hardware_info: hw_info_append_hw_type : device_name = handset-mic
09-16 07:44:49.891  1216  1216 D audio_hw_primary: disable_snd_device: snd_device(34: handset-mic)
09-16 07:44:49.892  1216  1216 W DeviceHAL: Device 0xeb1ce000 get_master_volume: Function not implemented
09-16 07:44:49.893  1216  1216 W DeviceHAL: Device 0xeb1ce000 get_master_mute: Function not implemented
09-16 07:44:49.893  1216  1216 W DeviceHAL: Device 0xeb1ce000 set_master_volume: Function not implemented
09-16 07:44:49.893  1216  1216 W DeviceHAL: Device 0xeb1ce000 set_master_mute: Function not implemented
09-16 07:44:49.893  1216  1216 I AudioFlinger: loadHwModule() Loaded primary audio interface, handle 10
09-16 07:44:49.893  1216  1216 I AudioFlinger: openOutput() this 0xeb1b2000, module 10 Device 2, SamplingRate 48000, Format 0x000001, Channels 3, flags 2
09-16 07:44:49.893  1216  1216 D audio_hw_primary: adev_open_output_stream: enter: sample_rate(48000) channel_mask(0x3) devices(0x2) flags(0x2)        stream_handle(0xeb1c5800)
09-16 07:44:49.893  1216  1216 W audio_hw_utils: audio_extn_utils_update_stream_app_type_cfg: App type could not be selected. Falling back to default
09-16 07:44:49.893  1216  1216 D audio_hw_primary: adev_open_output_stream: Stream (0xeb1c5800) picks up usecase (deep-buffer-playback)
09-16 07:44:49.893  1216  1216 I AudioFlinger: HAL output buffer size 960 frames, normal sink buffer size 960 frames
09-16 07:44:49.894   247   247 W /system/bin/hwservicemanager: getTransportFromManifest: Cannot find entry android.hardware.audio.effect@2.0::IEffectsFactory in either framework or device manifest, using default transport.
09-16 07:44:49.899  1258  1258 I chatty  : uid=1006(camera) /system/bin/mm-qcamera-daemon expire 2 lines
09-16 07:44:49.899  1274  1274 W ip6tables-resto: type=1400 audit(0.0:319): avc: granted { getattr } for path="/vendor" dev="rootfs" ino=2208 scontext=u:r:netd:s0 tcontext=u:object_r:rootfs:s0 tclass=lnk_file
09-16 07:44:49.899   350  1254 I chatty  : uid=1006(camera) mm-qcamera-daem expire 57 lines
09-16 07:44:49.903  1216  1216 I BufferProvider: found effect "Multichannel Downmix To Stereo" from The Android Open Source Project
09-16 07:44:49.904  1216  1216 I AudioFlinger: Using module 10 as the primary audio interface
09-16 07:44:49.904  1216  1270 I AudioFlinger: AudioFlinger's thread 0xe9e03b80 tid=1270 ready to run
09-16 07:44:49.904  1216  1216 W AudioFlinger: moveEffects() bad srcOutput 0
09-16 07:44:49.904  1216  1270 W AudioFlinger: no wake lock to update, system not ready yet
09-16 07:44:49.904  1216  1270 D audio_hw_primary: out_set_parameters: enter: usecase(0: deep-buffer-playback) kvpairs: routing=2
09-16 07:44:49.905  1216  1270 W StreamHAL: Error from HAL stream in function get_presentation_position: Operation not permitted
09-16 07:44:49.905  1216  1270 D audio_hw_primary: out_standby: enter: stream (0xeb1c5800) usecase(0: deep-buffer-playback)
09-16 07:44:49.905  1216  1270 W AudioFlinger: no wake lock to update, system not ready yet
09-16 07:44:49.905  1216  1270 W StreamHAL: Error from HAL stream in function get_presentation_position: Operation not permitted
09-16 07:44:49.906  1216  1270 I chatty  : uid=1041(audioserver) /system/bin/audioserver identical 16 lines
09-16 07:44:49.906  1216  1270 W StreamHAL: Error from HAL stream in function get_presentation_position: Operation not permitted
09-16 07:44:49.906  1216  1216 I AudioFlinger: openOutput() this 0xeb1b2000, module 10 Device 2, SamplingRate 48000, Format 0x000001, Channels 3, flags 4
09-16 07:44:49.906  1216  1216 D audio_hw_primary: adev_open_output_stream: enter: sample_rate(48000) channel_mask(0x3) devices(0x2) flags(0x4)        stream_handle(0xeb1c5980)
09-16 07:44:49.906  1216  1216 W audio_hw_utils: audio_extn_utils_update_stream_app_type_cfg: App type could not be selected. Falling back to default
09-16 07:44:49.906  1216  1216 D audio_hw_primary: adev_open_output_stream: Stream (0xeb1c5980) picks up usecase (low-latency-playback)
09-16 07:44:49.906  1216  1216 I AudioFlinger: HAL output buffer size 240 frames, normal sink buffer size 960 frames
09-16 07:44:49.907  1216  1273 I AudioFlinger: AudioFlinger's thread 0xe9903b00 tid=1273 ready to run
09-16 07:44:49.907  1216  1273 W AudioFlinger: no wake lock to update, system not ready yet
09-16 07:44:49.907  1216  1273 D audio_hw_primary: out_set_parameters: enter: usecase(1: low-latency-playback) kvpairs: routing=2
09-16 07:44:49.907  1216  1273 D audio_hw_primary: out_standby: enter: stream (0xeb1c5980) usecase(1: low-latency-playback)
09-16 07:44:49.907  1216  1273 W AudioFlinger: no wake lock to update, system not ready yet
09-16 07:44:49.908  1216  1216 D audio_hw_primary: adev_open_input_stream: enter: sample_rate(48000) channel_mask(0xc) devices(0x80000004)        stream_handle(0xeb1afc80) io_handle(14)
09-16 07:44:49.909  1216  1216 E audio_hw_extn: audio_extn_perf_lock_init: Perf lock handles Success 
09-16 07:44:49.909   350  1258 I chatty  : uid=1006(camera) mm-qcamera-daem expire 3 lines
09-16 07:44:49.909   350  1276 I chatty  : uid=1006(camera) mm-qcamera-daem expire 2 lines
09-16 07:44:49.910   350  1278 I chatty  : uid=1006(camera) mm-qcamera-daem expire 2 lines
09-16 07:44:49.910  1216  1277 I AudioFlinger: AudioFlinger's thread 0xe9483580 tid=1277 ready to run
09-16 07:44:49.911  1216  1216 D audio_hw_primary: adev_close_input_stream: enter:stream_handle(0xeb1afc80)
09-16 07:44:49.911  1216  1216 D audio_hw_primary: in_standby: enter: stream (0xeb1afc80) usecase(7: audio-record)
09-16 07:44:49.916  1216  1270 W StreamHAL: Error from HAL stream in function get_presentation_position: Operation not permitted
09-16 07:44:49.918  1216  1216 I bt_a2dp_hw: adev_open:  adev_open in A2dp_hw module
09-16 07:44:49.918  1216  1216 I AudioFlinger: loadHwModule() Loaded a2dp audio interface, handle 18
09-16 07:44:49.918  1216  1216 I vndksupport: sphal namespace is not configured for this process. Loading /vendor/lib/hw/audio.usb.default.so from the current namespace instead.
09-16 07:44:49.920  1216  1216 I AudioFlinger: loadHwModule() Loaded usb audio interface, handle 26
09-16 07:44:49.921  1216  1216 I vndksupport: sphal namespace is not configured for this process. Loading /vendor/lib/hw/audio.r_submix.default.so from the current namespace instead.
09-16 07:44:49.922  1216  1216 I r_submix: adev_open(name=audio_hw_if)
09-16 07:44:49.922  1216  1216 I r_submix: adev_init_check()
09-16 07:44:49.922  1216  1216 W DeviceHAL: Device 0xea5e0280 set_master_mute: Function not implemented
09-16 07:44:49.922  1216  1216 I AudioFlinger: loadHwModule() Loaded r_submix audio interface, handle 34
09-16 07:44:49.922  1216  1216 D r_submix: adev_open_input_stream(addr=0)
09-16 07:44:49.922  1216  1216 D r_submix: submix_audio_device_create_pipe_l(addr=0, idx=9)
09-16 07:44:49.922  1216  1216 D r_submix:   now using address 0 for route 9
09-16 07:44:49.923  1216  1282 I AudioFlinger: AudioFlinger's thread 0xe9483ec0 tid=1282 ready to run
09-16 07:44:49.923  1216  1216 D r_submix: adev_close_input_stream()
09-16 07:44:49.923  1216  1216 D r_submix: submix_audio_device_release_pipe_l(idx=9) addr=0
09-16 07:44:49.923  1216  1216 D r_submix: submix_audio_device_destroy_pipe_l(): pipe destroyed
09-16 07:44:49.924  1219  1219 I Netd    : Setting up NatController hooks: 35.5ms
09-16 07:44:49.924  1216  1216 I RadioService: RadioService
09-16 07:44:49.924  1216  1216 I RadioService: onFirstRef
09-16 07:44:49.925   247   247 W /system/bin/hwservicemanager: getTransportFromManifest: Cannot find entry android.hardware.broadcastradio@1.0::IBroadcastRadioFactory in either framework or device manifest, using default transport.
09-16 07:44:49.926  1216  1270 W StreamHAL: Error from HAL stream in function get_presentation_position: Operation not permitted
09-16 07:44:49.927  1219  1219 I Netd    : Setting up BandwidthController hooks: 3.3ms
09-16 07:44:49.927  1219  1219 I Netd    : Setting up IdletimerController hooks: 0.1ms
09-16 07:44:49.929  1216  1216 I BroadcastRadio: onFirstRef mClassId 0
09-16 07:44:49.929  1216  1216 I BroadcastRadio: onFirstRef RADIO_HARDWARE_MODULE_ID radio fm
09-16 07:44:49.930  1216  1216 E BroadcastRadio: couldn't load radio module radio.fm (No such file or directory)
09-16 07:44:49.930  1216  1216 E RadioService: could not read implementation properties
09-16 07:44:49.932   247   247 W /system/bin/hwservicemanager: getTransportFromManifest: Cannot find entry android.hardware.soundtrigger@2.0::ISoundTriggerHw in either framework or device manifest, using default transport.
09-16 07:44:49.933  1219  1219 W IptablesRestoreController: iptables-restore process 1266 terminated status=256
09-16 07:44:49.934  1219  1219 E IptablesRestoreController: iptables error:
09-16 07:44:49.934  1219  1219 E IptablesRestoreController: ------- COMMAND -------
09-16 07:44:49.934  1219  1219 E IptablesRestoreController: *filter
09-16 07:44:49.934  1219  1219 E IptablesRestoreController: -A bw_INPUT -m owner --socket-exists
09-16 07:44:49.934  1219  1219 E IptablesRestoreController: -A bw_OUTPUT -m owner --socket-exists
09-16 07:44:49.934  1219  1219 E IptablesRestoreController: -A bw_costly_shared --jump bw_penalty_box
09-16 07:44:49.934  1219  1219 E IptablesRestoreController: -A bw_penalty_box --jump bw_happy_box
09-16 07:44:49.934  1219  1219 E IptablesRestoreController: -A bw_happy_box --jump bw_data_saver
09-16 07:44:49.934  1219  1219 E IptablesRestoreController: -A bw_data_saver -j RETURN
09-16 07:44:49.934  1219  1219 E IptablesRestoreController: -I bw_happy_box -m owner --uid-owner 0-9999 --jump RETURN
09-16 07:44:49.934  1219  1219 E IptablesRestoreController: COMMIT
09-16 07:44:49.934  1219  1219 E IptablesRestoreController: *raw
09-16 07:44:49.934  1219  1219 E IptablesRestoreController: -A bw_raw_PREROUTING -m owner --socket-exists
09-16 07:44:49.934  1219  1219 E IptablesRestoreController: COMMIT
09-16 07:44:49.934  1219  1219 E IptablesRestoreController: *mangle
09-16 07:44:49.934  1219  1219 E IptablesRestoreController: -A bw_mangle_POSTROUTING -m owner --socket-exists
09-16 07:44:49.934  1219  1219 E IptablesRestoreController: COMMIT
09-16 07:44:49.934  1219  1219 E IptablesRestoreController: 
09-16 07:44:49.934  1219  1219 E IptablesRestoreController: -------  ERROR -------
09-16 07:44:49.934  1219  1219 E IptablesRestoreController: iptables-restore: line 65 failed
09-16 07:44:49.934  1219  1219 E IptablesRestoreController: ----------------------
09-16 07:44:49.935  1216  1216 E SoundTriggerHalImpl: couldn't load sound trigger module sound_trigger.primary (No such file or directory)
09-16 07:44:49.936  1219  1219 W IptablesRestoreController: iptables-restore process 1274 terminated status=256
09-16 07:44:49.936  1216  1216 I SoundTriggerHalHidl: getProperties res implementor 
09-16 07:44:49.936  1219  1219 E IptablesRestoreController: iptables error:
09-16 07:44:49.936  1219  1219 E IptablesRestoreController: ------- COMMAND -------
09-16 07:44:49.936  1219  1219 E IptablesRestoreController: *filter
09-16 07:44:49.936  1219  1219 E IptablesRestoreController: -A bw_INPUT -m owner --socket-exists
09-16 07:44:49.936  1219  1219 E IptablesRestoreController: -A bw_OUTPUT -m owner --socket-exists
09-16 07:44:49.936  1219  1219 E IptablesRestoreController: -A bw_costly_shared --jump bw_penalty_box
09-16 07:44:49.936  1219  1219 E IptablesRestoreController: -A bw_penalty_box --jump bw_happy_box
09-16 07:44:49.936  1219  1219 E IptablesRestoreController: -A bw_happy_box --jump bw_data_saver
09-16 07:44:49.936  1219  1219 E IptablesRestoreController: -A bw_data_saver -j RETURN
09-16 07:44:49.936  1219  1219 E IptablesRestoreController: -I bw_happy_box -m owner --uid-owner 0-9999 --jump RETURN
09-16 07:44:49.936  1219  1219 E IptablesRestoreController: COMMIT
09-16 07:44:49.936  1219  1219 E IptablesRestoreController: *raw
09-16 07:44:49.936  1219  1219 E IptablesRestoreController: -A bw_raw_PREROUTING -m owner --socket-exists
09-16 07:44:49.936  1219  1219 E IptablesRestoreController: COMMIT
09-16 07:44:49.936  1219  1219 E IptablesRestoreController: *mangle
09-16 07:44:49.936  1219  1219 E IptablesRestoreController: -A bw_mangle_POSTROUTING -m owner --socket-exists
09-16 07:44:49.936  1219  1219 E IptablesRestoreController: COMMIT
09-16 07:44:49.936  1219  1219 E IptablesRestoreController: 
09-16 07:44:49.936  1219  1219 E IptablesRestoreController: -------  ERROR -------
09-16 07:44:49.936  1219  1219 E IptablesRestoreController: ip6tables-restore: line 52 failed
09-16 07:44:49.936  1219  1219 E IptablesRestoreController: ----------------------
09-16 07:44:49.936  1216  1216 I SoundTriggerHalHidl: getProperties ret -19
09-16 07:44:49.936  1216  1216 E SoundTriggerHwService: could not read implementation properties
09-16 07:44:49.936  1219  1219 I Netd    : Disabling bandwidth control: 9.0ms
09-16 07:44:49.937  1216  1270 W StreamHAL: Error from HAL stream in function get_presentation_position: Operation not permitted
09-16 07:44:49.937  1219  1219 E Netd    : Error adding route 0.0.0.0/0 -> (null) dummy0 to table 1002: File exists
09-16 07:44:49.938  1219  1219 I Netd    : Initializing RouteController: 1.7ms
09-16 07:44:49.938  1219  1219 D MDnsDS  : MDnsSdListener::Hander starting up
09-16 07:44:49.938  1219  1292 D MDnsDS  : MDnsSdListener starting to monitor
09-16 07:44:49.938  1219  1292 D MDnsDS  : Going to poll with pollCount 1
09-16 07:44:49.939  1219  1219 I Netd    : Registering NetdNativeService: 0.7ms
09-16 07:44:49.940  1219  1219 I Netd    : Starting CommandListener: 0.2ms
09-16 07:44:49.940  1219  1219 I Netd    : Netd started in 417ms
09-16 07:44:49.947  1216  1270 W StreamHAL: Error from HAL stream in function get_presentation_position: Operation not permitted
09-16 07:44:49.967  1216  1270 W StreamHAL: Error from HAL stream in function get_presentation_position: Operation not permitted
09-16 07:44:49.977  1216  1270 W StreamHAL: Error from HAL stream in function get_presentation_position: Operation not permitted
