09-16 07:44:39.890   874   874 E IptablesRestoreController: -A bw_costly_shared --jump bw_penalty_box
09-16 07:44:39.890   874   874 E IptablesRestoreController: -A bw_penalty_box --jump bw_happy_box
09-16 07:44:39.890   874   874 E IptablesRestoreController: -A bw_happy_box --jump bw_data_saver
09-16 07:44:39.890   874   874 E IptablesRestoreController: -A bw_data_saver -j RETURN
09-16 07:44:39.890   874   874 E IptablesRestoreController: -I bw_happy_box -m owner --uid-owner 0-9999 --jump RETURN
09-16 07:44:39.890   874   874 E IptablesRestoreController: COMMIT
09-16 07:44:39.890   874   874 E IptablesRestoreController: *raw
09-16 07:44:39.890   874   874 E IptablesRestoreController: -A bw_raw_PREROUTING -m owner --socket-exists
09-16 07:44:39.890   874   874 E IptablesRestoreController: COMMIT
09-16 07:44:39.890   874   874 E IptablesRestoreController: *mangle
09-16 07:44:39.890   874   874 E IptablesRestoreController: -A bw_mangle_POSTROUTING -m owner --socket-exists
09-16 07:44:39.890   874   874 E IptablesRestoreController: COMMIT
09-16 07:44:39.890   874   874 E IptablesRestoreController: 
09-16 07:44:39.890   874   874 E IptablesRestoreController: -------  ERROR -------
09-16 07:44:39.890   874   874 E IptablesRestoreController: iptables-restore: line 65 failed
09-16 07:44:39.890   874   874 E IptablesRestoreController: ----------------------
09-16 07:44:39.890   871   871 D audio_hw_primary: select_devices: out_snd_device(0: ) in_snd_device(34: handset-mic)
09-16 07:44:39.890   871   871 D hardware_info: hw_info_append_hw_type : device_name = handset-mic
09-16 07:44:39.890   871   871 D audio_hw_primary: enable_snd_device: snd_device(34: handset-mic)
09-16 07:44:39.892   874   874 W IptablesRestoreController: iptables-restore process 904 terminated status=256
09-16 07:44:39.892   874   874 E IptablesRestoreController: iptables error:
09-16 07:44:39.892   874   874 E IptablesRestoreController: ------- COMMAND -------
09-16 07:44:39.892   874   874 E IptablesRestoreController: *filter
09-16 07:44:39.892   874   874 E IptablesRestoreController: -A bw_INPUT -m owner --socket-exists
09-16 07:44:39.892   874   874 E IptablesRestoreController: -A bw_OUTPUT -m owner --socket-exists
09-16 07:44:39.892   874   874 E IptablesRestoreController: -A bw_costly_shared --jump bw_penalty_box
09-16 07:44:39.892   874   874 E IptablesRestoreController: -A bw_penalty_box --jump bw_happy_box
09-16 07:44:39.892   874   874 E IptablesRestoreController: -A bw_happy_box --jump bw_data_saver
09-16 07:44:39.892   874   874 E IptablesRestoreController: -A bw_data_saver -j RETURN
09-16 07:44:39.892   874   874 E IptablesRestoreController: -I bw_happy_box -m owner --uid-owner 0-9999 --jump RETURN
09-16 07:44:39.892   874   874 E IptablesRestoreController: COMMIT
09-16 07:44:39.892   874   874 E IptablesRestoreController: *raw
09-16 07:44:39.892   874   874 E IptablesRestoreController: -A bw_raw_PREROUTING -m owner --socket-exists
09-16 07:44:39.892   874   874 E IptablesRestoreController: COMMIT
09-16 07:44:39.892   874   874 E IptablesRestoreController: *mangle
09-16 07:44:39.892   874   874 E IptablesRestoreController: -A bw_mangle_POSTROUTING -m owner --socket-exists
09-16 07:44:39.892   874   874 E IptablesRestoreController: COMMIT
09-16 07:44:39.892   874   874 E IptablesRestoreController: 
09-16 07:44:39.892   874   874 E IptablesRestoreController: -------  ERROR -------
09-16 07:44:39.892   874   874 E IptablesRestoreController: ip6tables-restore: line 52 failed
09-16 07:44:39.892   874   874 E IptablesRestoreController: ----------------------
09-16 07:44:39.892   874   874 I Netd    : Disabling bandwidth control: 11.5ms
09-16 07:44:39.894   874   874 E Netd    : Error adding route 0.0.0.0/0 -> (null) dummy0 to table 1002: File exists
09-16 07:44:39.894   874   874 I Netd    : Initializing RouteController: 1.7ms
09-16 07:44:39.895   874   874 D MDnsDS  : MDnsSdListener::Hander starting up
09-16 07:44:39.895   874   912 D MDnsDS  : MDnsSdListener starting to monitor
09-16 07:44:39.895   874   912 D MDnsDS  : Going to poll with pollCount 1
09-16 07:44:39.896   871   871 D ACDB-LOADER: ACDB -> send_audio_cal, acdb_id = 4, path =  1
09-16 07:44:39.896   871   871 D ACDB-LOADER: ACDB -> send_asm_topology
09-16 07:44:39.896   871   871 D ACDB-LOADER: ACDB -> ACDB_CMD_GET_AUDPROC_STREAM_TOPOLOGY_ID
09-16 07:44:39.896   871   871 D ACDB-LOADER: ACDB -> send_adm_topology
09-16 07:44:39.896   871   871 D ACDB-LOADER: ACDB -> ACDB_CMD_GET_AUDPROC_COMMON_TOPOLOGY_ID
09-16 07:44:39.896   871   871 D ACDB-LOADER: ACDB -> send_audtable
09-16 07:44:39.896   871   871 D ACDB-LOADER: ACDB -> ACDB_CMD_GET_AUDPROC_COMMON_TABLE_SIZE
09-16 07:44:39.896   871   871 D ACDB-LOADER: ACDB -> ACDB_CMD_GET_AUDPROC_COMMON_TABLE
09-16 07:44:39.896   871   871 D ACDB-LOADER: ACDB -> AUDIO_SET_AUDPROC_CAL
09-16 07:44:39.896   871   871 D ACDB-LOADER: ACDB -> send_audvoltable
09-16 07:44:39.896   871   871 D ACDB-LOADER: ACDB -> ACDB_CMD_GET_AUDPROC_GAIN_DEP_STEP_TABLE
09-16 07:44:39.896   871   871 D         : Failed to fetch the lookup information of the device 00000004 
09-16 07:44:39.896   871   871 E ACDB-LOADER: Error: ACDB AudProc vol returned = -19
09-16 07:44:39.896   871   871 D ACDB-LOADER: ACDB -> AUDIO_SET_AUDPROC_VOL_CAL
09-16 07:44:39.896   871   871 D ACDB-LOADER: ACDB -> send_afe_cal
09-16 07:44:39.896   874   874 I Netd    : Registering NetdNativeService: 1.0ms
09-16 07:44:39.896   871   871 D ACDB-LOADER: ACDB -> ACDB_CMD_GET_AFE_COMMON_TABLE
09-16 07:44:39.896   871   871 D         : Failed to fetch the lookup information of the device 00000004 
09-16 07:44:39.896   871   871 E ACDB-LOADER: Error: ACDB AFE returned = -19
09-16 07:44:39.896   871   871 D ACDB-LOADER: ACDB -> AUDIO_SET_AFE_CAL
09-16 07:44:39.896   871   871 D ACDB-LOADER: ACDB -> send_hw_delay : acdb_id = 4 path = 1
09-16 07:44:39.896   871   871 D ACDB-LOADER: ACDB -> ACDB_AVSYNC_INFO: ACDB_CMD_GET_DEVICE_PROPERTY
09-16 07:44:39.896   874   874 I Netd    : Starting CommandListener: 0.1ms
09-16 07:44:39.896   871   871 I audio_hw_utils: audio_extn_utils_send_app_type_cfg: CAPTURE  app_type 69938, acdb_dev_id 4, sample_rate 48000
09-16 07:44:39.896   871   871 D audio_hw_primary: enable_audio_route: apply mixer and update path: low-latency-record
09-16 07:44:39.896   874   874 I Netd    : Netd started in 384ms
09-16 07:44:39.897   871   871 D audio_hw_primary: select_devices: done
09-16 07:44:39.899   925   925 I chatty  : uid=1006(camera) /system/bin/mm-qcamera-daemon expire 3 lines
09-16 07:44:39.899   927   927 I chatty  : uid=1006(camera) /system/bin/mm-qcamera-daemon expire 4 lines
09-16 07:44:39.899   871   871 D audio_hw_primary: disable_audio_route: reset and update mixer path: low-latency-record
09-16 07:44:39.900   871   871 D hardware_info: hw_info_append_hw_type : device_name = handset-mic
09-16 07:44:39.900   871   871 D audio_hw_primary: disable_snd_device: snd_device(34: handset-mic)
09-16 07:44:39.900   872   872 E mm-camera-intf: entity id 1
09-16 07:44:39.900   872   872 E mm-camera-intf: entity name video0 type 65537 group id 2
09-16 07:44:39.900   872   872 E mm-camera-intf: entity id 2
09-16 07:44:39.900   872   872 E mm-camera-intf: entity name msm_cci type 131072 group id 0
09-16 07:44:39.900   872   872 E mm-camera-intf: entity id 3
09-16 07:44:39.900   872   872 E mm-camera-intf: entity name v4l-subdev0 type 131072 group id 0
09-16 07:44:39.900   872   872 E mm-camera-intf: entity id 4
09-16 07:44:39.900   872   872 E mm-camera-intf: entity name v4l-subdev1 type 131072 group id 0
09-16 07:44:39.900   872   872 E mm-camera-intf: entity id 5
09-16 07:44:39.900   872   872 E mm-camera-intf: entity name v4l-subdev2 type 131072 group id 1
09-16 07:44:39.900   872   872 E mm-camera-intf: entity id 6
09-16 07:44:39.900   872   872 E mm-camera-intf: entity name v4l-subdev3 type 131072 group id 1
09-16 07:44:39.900   872   872 E mm-camera-intf: entity id 7
09-16 07:44:39.900   872   872 E mm-camera-intf: entity name v4l-subdev4 type 131072 group id 1
09-16 07:44:39.900   872   872 E mm-camera-intf: entity id 8
09-16 07:44:39.900   872   872 E mm-camera-intf: entity name v4l-subdev5 type 131072 group id 7
09-16 07:44:39.900   872   872 E mm-camera-intf: entity id 9
09-16 07:44:39.900   872   872 E mm-camera-intf: entity name v4l-subdev6 type 131072 group id 7
09-16 07:44:39.900   872   872 E mm-camera-intf: entity id 10
09-16 07:44:39.900   872   872 E mm-camera-intf: entity name v4l-subdev7 type 131072 group id 11
09-16 07:44:39.900   872   872 E mm-camera-intf: entity id 11
09-16 07:44:39.900   872   872 E mm-camera-intf: entity name v4l-subdev8 type 131072 group id 8
09-16 07:44:39.900   872   872 E mm-camera-intf: entity id 12
09-16 07:44:39.900   872   872 E mm-camera-intf: entity name v4l-subdev9 type 131072 group id 8
09-16 07:44:39.900   872   872 E mm-camera-intf: entity id 13
09-16 07:44:39.900   872   872 E mm-camera-intf: entity name v4l-subdev10 type 131072 group id 14
09-16 07:44:39.900   872   872 E mm-camera-intf: entity id 1
09-16 07:44:39.900   872   872 E mm-camera-intf: entity name video1 type 65537 group id 2
09-16 07:44:39.900   872   872 E mm-camera-intf: entity id 2
09-16 07:44:39.900   872   872 E mm-camera-intf: Done enumerating media entities
09-16 07:44:39.900   872   872 E mm-camera-intf: entity id 1
09-16 07:44:39.900   872   872 E mm-camera-intf: entity name video2 type 65537 group id 2
09-16 07:44:39.900   872   872 E mm-camera-intf: entity id 2
09-16 07:44:39.900   872   872 E mm-camera-intf: Done enumerating media entities
09-16 07:44:39.901   872   872 D mm-camera-intf: index = 0 flag = 1 mount_angle = 90 facing = 0 is_yuv = 0
09-16 07:44:39.901   872   872 D mm-camera-intf: index = 1 flag = 103 mount_angle = 270 facing = 1 is_yuv = 0
09-16 07:44:39.901   872   872 I CamProvider@2.4-impl: Loaded "QCamera Module" camera module
09-16 07:44:39.901   872   872 I CamProvider@2.4-impl: setUpVendorTags: No vendor tags defined for this device.
09-16 07:44:39.902   871   871 W DeviceHAL: Device 0xe95ce000 get_master_volume: Function not implemented
09-16 07:44:39.902   871   871 W DeviceHAL: Device 0xe95ce000 get_master_mute: Function not implemented
09-16 07:44:39.902   871   871 W DeviceHAL: Device 0xe95ce000 set_master_volume: Function not implemented
09-16 07:44:39.902   871   871 W DeviceHAL: Device 0xe95ce000 set_master_mute: Function not implemented
09-16 07:44:39.902   871   871 I AudioFlinger: loadHwModule() Loaded primary audio interface, handle 10
09-16 07:44:39.902   871   871 I AudioFlinger: openOutput() this 0xe95b2000, module 10 Device 2, SamplingRate 48000, Format 0x000001, Channels 3, flags 2
09-16 07:44:39.902   871   871 D audio_hw_primary: adev_open_output_stream: enter: sample_rate(48000) channel_mask(0x3) devices(0x2) flags(0x2)        stream_handle(0xe95c5800)
09-16 07:44:39.902   871   871 W audio_hw_utils: audio_extn_utils_update_stream_app_type_cfg: App type could not be selected. Falling back to default
09-16 07:44:39.902   871   871 D audio_hw_primary: adev_open_output_stream: Stream (0xe95c5800) picks up usecase (deep-buffer-playback)
09-16 07:44:39.902   872   872 I CameraProviderManager: Connecting to new camera provider: legacy/0, isRemote? 0
09-16 07:44:39.902   872   872 I CameraProviderManager: Enumerating new camera device: device@1.0/legacy/0
09-16 07:44:39.902   871   871 I AudioFlinger: HAL output buffer size 960 frames, normal sink buffer size 960 frames
09-16 07:44:39.904   247   247 W /system/bin/hwservicemanager: getTransportFromManifest: Cannot find entry android.hardware.audio.effect@2.0::IEffectsFactory in either framework or device manifest, using default transport.
09-16 07:44:39.905   872   872 I CamDev@1.0-impl: Opening camera 0
09-16 07:44:39.905   872   872 I QCamera2HWI: getLogLevel gCamHalLogLevel=0
09-16 07:44:39.906   872   872 I vndksupport: sphal namespace is not configured for this process. Loading /vendor/lib/hw/power.msm8916.so from the current namespace instead.
09-16 07:44:39.907   872   872 E QCOM PowerHAL: Unable to open prefetcher: dlopen failed: library "libqti-iop-client.so" not found
09-16 07:44:39.907   872   872 E QCOM PowerHAL: Failed to get prefetcher handle.
09-16 07:44:39.907   872   872 E mm-camera-intf: mm_camera_open: dev name = /dev/video1, cam_idx = 1
09-16 07:44:39.910   350   925 I chatty  : uid=1006(camera) mm-qcamera-daem expire 251 lines
09-16 07:44:39.912   350   926 I chatty  : uid=1006(camera) mm-qcamera-daem expire 1 line
09-16 07:44:39.912   350   927 I chatty  : uid=1006(camera) mm-qcamera-daem expire 3 lines
09-16 07:44:39.913   350   928 I chatty  : uid=1006(camera) mm-qcamera-daem expire 1 line
09-16 07:44:39.916   871   871 I BufferProvider: found effect "Multichannel Downmix To Stereo" from The Android Open Source Project
09-16 07:44:39.916   350   929 I chatty  : uid=1006(camera) mm-qcamera-daem expire 2 lines
09-16 07:44:39.917   871   871 I AudioFlinger: Using module 10 as the primary audio interface
09-16 07:44:39.917   871   930 I AudioFlinger: AudioFlinger's thread 0xe81839c0 tid=930 ready to run
09-16 07:44:39.917   871   930 W AudioFlinger: no wake lock to update, system not ready yet
09-16 07:44:39.917   871   930 W StreamHAL: Error from HAL stream in function get_presentation_position: Operation not permitted
09-16 07:44:39.917   871   930 D audio_hw_primary: out_standby: enter: stream (0xe95c5800) usecase(0: deep-buffer-playback)
09-16 07:44:39.917   871   871 W AudioFlinger: moveEffects() bad srcOutput 0
09-16 07:44:39.917   871   930 W AudioFlinger: no wake lock to update, system not ready yet
09-16 07:44:39.918   871   930 D audio_hw_primary: out_set_parameters: enter: usecase(0: deep-buffer-playback) kvpairs: routing=2
09-16 07:44:39.918   350   931 I chatty  : uid=1006(camera) mm-qcamera-daem expire 2 lines
09-16 07:44:39.918   871   930 W StreamHAL: Error from HAL stream in function get_presentation_position: Operation not permitted
09-16 07:44:39.918   871   930 W StreamHAL: Error from HAL stream in function get_presentation_position: Operation not permitted
09-16 07:44:39.919   350   932 I chatty  : uid=1006(camera) mm-qcamera-daem expire 1 line
09-16 07:44:39.919   871   871 I AudioFlinger: openOutput() this 0xe95b2000, module 10 Device 2, SamplingRate 48000, Format 0x000001, Channels 3, flags 4
09-16 07:44:39.919   871   871 D audio_hw_primary: adev_open_output_stream: enter: sample_rate(48000) channel_mask(0x3) devices(0x2) flags(0x4)        stream_handle(0xe95c5980)
09-16 07:44:39.919   871   871 W audio_hw_utils: audio_extn_utils_update_stream_app_type_cfg: App type could not be selected. Falling back to default
09-16 07:44:39.919   871   871 D audio_hw_primary: adev_open_output_stream: Stream (0xe95c5980) picks up usecase (low-latency-playback)
09-16 07:44:39.919   871   930 W StreamHAL: Error from HAL stream in function get_presentation_position: Operation not permitted
09-16 07:44:39.919   871   871 I AudioFlinger: HAL output buffer size 240 frames, normal sink buffer size 960 frames
09-16 07:44:39.920   871   936 I AudioFlinger: AudioFlinger's thread 0xe7c83d00 tid=936 ready to run
09-16 07:44:39.920   871   936 W AudioFlinger: no wake lock to update, system not ready yet
09-16 07:44:39.920   871   936 D audio_hw_primary: out_set_parameters: enter: usecase(1: low-latency-playback) kvpairs: routing=2
09-16 07:44:39.920   871   936 D audio_hw_primary: out_standby: enter: stream (0xe95c5980) usecase(1: low-latency-playback)
09-16 07:44:39.920   871   936 W AudioFlinger: no wake lock to update, system not ready yet
09-16 07:44:39.921   350   933 I chatty  : uid=1006(camera) mm-qcamera-daem expire 1 line
09-16 07:44:39.921   871   871 D audio_hw_primary: adev_open_input_stream: enter: sample_rate(48000) channel_mask(0xc) devices(0x80000004)        stream_handle(0xe95afc80) io_handle(14)
09-16 07:44:39.922   871   871 E audio_hw_extn: audio_extn_perf_lock_init: Perf lock handles Success 
09-16 07:44:39.923   871   940 I AudioFlinger: AudioFlinger's thread 0xe7803840 tid=940 ready to run
09-16 07:44:39.923   871   940 D audio_hw_primary: in_standby: enter: stream (0xe95afc80) usecase(7: audio-record)
09-16 07:44:39.923   871   940 W AudioFlinger: no wake lock to update, system not ready yet
09-16 07:44:39.923   871   940 D audio_hw_primary: in_standby: enter: stream (0xe95afc80) usecase(7: audio-record)
09-16 07:44:39.923   871   871 D audio_hw_primary: adev_close_input_stream: enter:stream_handle(0xe95afc80)
09-16 07:44:39.923   871   871 D audio_hw_primary: in_standby: enter: stream (0xe95afc80) usecase(7: audio-record)
09-16 07:44:39.925   350   925 I chatty  : uid=1006(camera) mm-qcamera-daem expire 200 lines
09-16 07:44:39.929   871   930 W StreamHAL: Error from HAL stream in function get_presentation_position: Operation not permitted
09-16 07:44:39.931   871   871 I bt_a2dp_hw: adev_open:  adev_open in A2dp_hw module
09-16 07:44:39.931   871   871 I AudioFlinger: loadHwModule() Loaded a2dp audio interface, handle 18
09-16 07:44:39.932   871   871 I vndksupport: sphal namespace is not configured for this process. Loading /vendor/lib/hw/audio.usb.default.so from the current namespace instead.
09-16 07:44:39.936   871   871 I AudioFlinger: loadHwModule() Loaded usb audio interface, handle 26
09-16 07:44:39.936   871   871 I vndksupport: sphal namespace is not configured for this process. Loading /vendor/lib/hw/audio.r_submix.default.so from the current namespace instead.
09-16 07:44:39.937   871   871 I r_submix: adev_open(name=audio_hw_if)
09-16 07:44:39.937   871   871 I r_submix: adev_init_check()
09-16 07:44:39.937   871   871 W DeviceHAL: Device 0xe89e0d80 set_master_mute: Function not implemented
09-16 07:44:39.937   871   871 I AudioFlinger: loadHwModule() Loaded r_submix audio interface, handle 34
09-16 07:44:39.937   871   871 D r_submix: adev_open_input_stream(addr=0)
09-16 07:44:39.937   871   871 D r_submix: submix_audio_device_create_pipe_l(addr=0, idx=9)
09-16 07:44:39.937   871   871 D r_submix:   now using address 0 for route 9
09-16 07:44:39.939   871   945 I AudioFlinger: AudioFlinger's thread 0xe7803600 tid=945 ready to run
09-16 07:44:39.939   871   930 W StreamHAL: Error from HAL stream in function get_presentation_position: Operation not permitted
09-16 07:44:39.940   871   871 D r_submix: adev_close_input_stream()
09-16 07:44:39.940   871   871 D r_submix: submix_audio_device_release_pipe_l(idx=9) addr=0
09-16 07:44:39.940   350   928 I chatty  : uid=1006(camera) mm-qcamera-daem expire 3 lines
09-16 07:44:39.940   871   871 D r_submix: submix_audio_device_destroy_pipe_l(): pipe destroyed
09-16 07:44:39.942   871   871 I RadioService: RadioService
09-16 07:44:39.942   350   925 I chatty  : uid=1006(camera) mm-qcamera-daem expire 451 lines
09-16 07:44:39.942   871   871 I RadioService: onFirstRef
09-16 07:44:39.943   247   247 W /system/bin/hwservicemanager: getTransportFromManifest: Cannot find entry android.hardware.broadcastradio@1.0::IBroadcastRadioFactory in either framework or device manifest, using default transport.
09-16 07:44:39.946   871   871 I BroadcastRadio: onFirstRef mClassId 0
09-16 07:44:39.946   871   871 I BroadcastRadio: onFirstRef RADIO_HARDWARE_MODULE_ID radio fm
09-16 07:44:39.946   871   871 E BroadcastRadio: couldn't load radio module radio.fm (No such file or directory)
09-16 07:44:39.946   871   871 E RadioService: could not read implementation properties
09-16 07:44:39.947   247   247 W /system/bin/hwservicemanager: getTransportFromManifest: Cannot find entry android.hardware.soundtrigger@2.0::ISoundTriggerHw in either framework or device manifest, using default transport.
09-16 07:44:39.949   929   929 I chatty  : uid=1006(camera) /system/bin/mm-qcamera-daemon expire 1 line
09-16 07:44:39.950   871   930 W StreamHAL: Error from HAL stream in function get_presentation_position: Operation not permitted
09-16 07:44:39.951   871   871 E SoundTriggerHalImpl: couldn't load sound trigger module sound_trigger.primary (No such file or directory)
09-16 07:44:39.952   871   871 I SoundTriggerHalHidl: getProperties res implementor 
09-16 07:44:39.952   871   871 I SoundTriggerHalHidl: getProperties ret -19
09-16 07:44:39.952   871   871 E SoundTriggerHwService: could not read implementation properties
09-16 07:44:39.960   871   930 W StreamHAL: Error from HAL stream in function get_presentation_position: Operation not permitted
09-16 07:44:39.964   350   950 I chatty  : uid=1006(camera) mm-qcamera-daem expire 1 line
09-16 07:44:39.964   350   929 I chatty  : uid=1006(camera) mm-qcamera-daem expire 3 lines
09-16 07:44:39.965   350   951 I chatty  : uid=1006(camera) mm-qcamera-daem expire 2 lines
09-16 07:44:39.970   871   930 W StreamHAL: Error from HAL stream in function get_presentation_position: Operation not permitted
09-16 07:44:40.011   871   930 I chatty  : uid=1041(audioserver) /system/bin/audioserver identical 10 lines
09-16 07:44:40.021   871   930 W StreamHAL: Error from HAL stream in function get_presentation_position: Operation not permitted
09-16 07:44:40.031   871   930 W StreamHAL: Error from HAL stream in function get_presentation_position: Operation not permitted
09-16 07:44:40.072   871   930 W StreamHAL: Error from HAL stream in function get_presentation_position: Operation not permitted
09-16 07:44:40.082   307   307 I MSM-irqbalance: Decided to move IRQ83 from CPU6 to CPU4
09-16 07:44:40.082   871   930 W StreamHAL: Error from HAL stream in function get_presentation_position: Operation not permitted
09-16 07:44:40.092   871   930 W StreamHAL: Error from HAL stream in function get_presentation_position: Operation not permitted
09-16 07:44:40.096   350   350 I chatty  : uid=1006(camera) mm-qcamera-daem expire 9 lines
09-16 07:44:40.096   350   953 I chatty  : uid=1006(camera) mm-qcamera-daem expire 6 lines
09-16 07:44:40.097   872   872 E mm-camera-intf: mm_camera_open:  opened, break out while loop
09-16 07:44:40.098   872   872 D QCameraHWI_Mem: traceLogAllocStart : alloc E count=1 size=7192
09-16 07:44:40.098   872   872 D QCameraHWI_Mem: traceLogAllocStart : alloc E count=1 size=7192
09-16 07:44:40.098   872   872 D QCameraHWI_Mem:  traceLogAllocEnd : X
09-16 07:44:40.098   872   872 D QCameraHWI_Mem:  traceLogAllocEnd : X
09-16 07:44:40.100   872   872 D QCamera2HWI: openCamera: enable_4k2k is 0
09-16 07:44:40.103   871   930 W StreamHAL: Error from HAL stream in function get_presentation_position: Operation not permitted
09-16 07:44:40.103   872   872 E qomx_image_core: OMX_Init:94] Complete 2
09-16 07:44:40.104   872   872 D QCameraHWI_Mem: traceLogAllocStart : alloc E count=1 size=1048576
09-16 07:44:40.104   872   872 E QCameraHWI_Mem: traceLogAllocStart:HeapMemsize 1048576
09-16 07:44:40.104   872   872 D QCameraHWI_Mem: traceLogAllocStart : alloc E count=1 size=1048576
09-16 07:44:40.104   872   872 E QCameraHWI_Mem: traceLogAllocStart:Memsize 1048576
09-16 07:44:40.105   872   872 D QCameraHWI_Mem:  traceLogAllocEnd : X
09-16 07:44:40.105   872   872 E QCameraHWI_Mem: traceLogAllocEnd 1048576
09-16 07:44:40.105   872   872 D QCameraHWI_Mem:  traceLogAllocEnd : X
09-16 07:44:40.105   872   872 E QCameraHWI_Mem: traceLogAllocEnd 1048576
09-16 07:44:40.111   872   872 I Thermal-Lib: Thermal-Lib-Client: Registraion successful for camera with handle:1
09-16 07:44:40.111   872   872 I Thermal-Lib: Thermal-Lib-Client: Registraion successful for camcorder with handle:2
09-16 07:44:40.111   328   389 I ThermalEngine: Thermal-Server: Adding thermal event listener on fd 43
09-16 07:44:40.111   872   960 I Thermal-Lib: Thermal-Lib-Client: Client received msg camera 0
09-16 07:44:40.113   872   960 I Thermal-Lib: Thermal-Lib-Client: Client received msg camcorder 0
09-16 07:44:40.113   871   930 W StreamHAL: Error from HAL stream in function get_presentation_position: Operation not permitted
09-16 07:44:40.113   872   872 I CamDev@1.0-impl: Closing camera 0
09-16 07:44:40.115   872   872 E qomx_image_core: OMX_Deinit:118] Complete
09-16 07:44:40.116   872   872 E QCameraPostProc: deinit: Jpeg closed, rc = 0, mJpegClientHandle = 100
09-16 07:44:40.116   872   872 I Thermal-Lib: Thermal-Lib-Client: Unregisteration is successfull for handle:1
09-16 07:44:40.116   328   389 I ThermalEngine: Thermal-Server: removing client on fd 43
09-16 07:44:40.117   872   872 I Thermal-Lib: Thermal-Lib-Client: Unregisteration is successfull for handle:2
09-16 07:44:40.118   872   872 I CameraProviderManager: Enumerating new camera device: device@1.0/legacy/1
09-16 07:44:40.118   350   962 I chatty  : uid=1006(camera) mm-qcamera-daem expire 5 lines
09-16 07:44:40.119   350   963 I chatty  : uid=1006(camera) mm-qcamera-daem expire 3 lines
09-16 07:44:40.120   872   872 I CamDev@1.0-impl: Opening camera 1
09-16 07:44:40.120   872   872 I QCamera2HWI: getLogLevel gCamHalLogLevel=0
09-16 07:44:40.120   350   966 I chatty  : uid=1006(camera) mm-qcamera-daem expire 3 lines
09-16 07:44:40.120   872   872 I vndksupport: sphal namespace is not configured for this process. Loading /vendor/lib/hw/power.msm8916.so from the current namespace instead.
09-16 07:44:40.121   872   872 E mm-camera-intf: mm_camera_open: dev name = /dev/video2, cam_idx = 2
09-16 07:44:40.121   350   968 I chatty  : uid=1006(camera) mm-qcamera-daem expire 7 lines
09-16 07:44:40.122   350   969 I chatty  : uid=1006(camera) mm-qcamera-daem expire 7 lines
09-16 07:44:40.122   350   950 I chatty  : uid=1006(camera) mm-qcamera-daem expire 1 line
09-16 07:44:40.123   871   930 W StreamHAL: Error from HAL stream in function get_presentation_position: Operation not permitted
09-16 07:44:40.125   350   970 I chatty  : uid=1006(camera) mm-qcamera-daem expire 3 lines
09-16 07:44:40.133   871   930 W StreamHAL: Error from HAL stream in function get_presentation_position: Operation not permitted
09-16 07:44:40.174   871   930 W StreamHAL: Error from HAL stream in function get_presentation_position: Operation not permitted
09-16 07:44:40.175   350   952 I chatty  : uid=1006(camera) mm-qcamera-daem expire 1 line
09-16 07:44:40.178   350   971 I chatty  : uid=1006(camera) mm-qcamera-daem expire 216 lines
09-16 07:44:40.179   350   972 I chatty  : uid=1006(camera) mm-qcamera-daem expire 1 line
09-16 07:44:40.179   350   973 I chatty  : uid=1006(camera) mm-qcamera-daem expire 3 lines
09-16 07:44:40.180   350   974 I chatty  : uid=1006(camera) mm-qcamera-daem expire 4 lines
09-16 07:44:40.180   350   975 I chatty  : uid=1006(camera) mm-qcamera-daem expire 2 lines
09-16 07:44:40.182   350   976 I chatty  : uid=1006(camera) mm-qcamera-daem expire 2 lines
09-16 07:44:40.184   871   930 W StreamHAL: Error from HAL stream in function get_presentation_position: Operation not permitted
09-16 07:44:40.185   350   979 I chatty  : uid=1006(camera) mm-qcamera-daem expire 1 line
09-16 07:44:40.186   350   980 I chatty  : uid=1006(camera) mm-qcamera-daem expire 1 line
09-16 07:44:40.194   871   930 W StreamHAL: Error from HAL stream in function get_presentation_position: Operation not permitted
09-16 07:44:40.196   350   971 I chatty  : uid=1006(camera) mm-qcamera-daem expire 309 lines
09-16 07:44:40.204   871   930 W StreamHAL: Error from HAL stream in function get_presentation_position: Operation not permitted
09-16 07:44:40.215   871   930 I chatty  : uid=1041(audioserver) /system/bin/audioserver identical 26 lines
09-16 07:44:40.225   871   930 W StreamHAL: Error from HAL stream in function get_presentation_position: Operation not permitted
09-16 07:44:40.228   350   982 I chatty  : uid=1006(camera) mm-qcamera-daem expire 2 lines
09-16 07:44:40.228   350   975 I chatty  : uid=1006(camera) mm-qcamera-daem expire 3 lines
09-16 07:44:40.228   350   983 I chatty  : uid=1006(camera) mm-qcamera-daem expire 2 lines
09-16 07:44:40.235   871   930 W StreamHAL: Error from HAL stream in function get_presentation_position: Operation not permitted
09-16 07:44:40.237   870   870 D AndroidRuntime: >>>>>> START com.android.internal.os.ZygoteInit uid 0 <<<<<<
09-16 07:44:40.245   870   870 I zygote64: option[0]=-Xzygote
09-16 07:44:40.245   871   930 W StreamHAL: Error from HAL stream in function get_presentation_position: Operation not permitted
09-16 07:44:40.245   870   870 I zygote64: option[1]=-Xstacktracefile:/data/anr/traces.txt
09-16 07:44:40.245   870   870 I zygote64: option[2]=exit
09-16 07:44:40.245   870   870 I zygote64: option[3]=vfprintf
09-16 07:44:40.245   870   870 I zygote64: option[4]=sensitiveThread
09-16 07:44:40.245   870   870 I zygote64: option[5]=-verbose:gc
09-16 07:44:40.245   870   870 I zygote64: option[6]=-Xms16m
09-16 07:44:40.245   870   870 I zygote64: option[7]=-Xmx512m
09-16 07:44:40.245   870   870 I zygote64: option[8]=-XX:HeapGrowthLimit=192m
09-16 07:44:40.245   870   870 I zygote64: option[9]=-XX:HeapMinFree=2m
09-16 07:44:40.245   870   870 I zygote64: option[10]=-XX:HeapMaxFree=8m
09-16 07:44:40.246   870   870 I zygote64: option[11]=-XX:HeapTargetUtilization=0.75
09-16 07:44:40.246   870   870 I zygote64: option[12]=-Xusejit:true
09-16 07:44:40.246   870   870 I zygote64: option[13]=-Xjitsaveprofilinginfo
09-16 07:44:40.246   870   870 I zygote64: option[14]=-agentlib:jdwp=transport=dt_android_adb,suspend=n,server=y
09-16 07:44:40.246   870   870 I zygote64: option[15]=-Xlockprofthreshold:500
09-16 07:44:40.246   870   870 I zygote64: option[16]=-Ximage-compiler-option
09-16 07:44:40.246   870   870 I zygote64: option[17]=--runtime-arg
09-16 07:44:40.246   870   870 I zygote64: option[18]=-Ximage-compiler-option
09-16 07:44:40.246   870   870 I zygote64: option[19]=-Xms64m
09-16 07:44:40.246   870   870 I zygote64: option[20]=-Ximage-compiler-option
09-16 07:44:40.246   870   870 I zygote64: option[21]=--runtime-arg
09-16 07:44:40.246   870   870 I zygote64: option[22]=-Ximage-compiler-option
09-16 07:44:40.246   870   870 I zygote64: option[23]=-Xmx64m
09-16 07:44:40.246   870   870 I zygote64: option[24]=-Ximage-compiler-option
09-16 07:44:40.246   870   870 I zygote64: option[25]=--image-classes=/system/etc/preloaded-classes
09-16 07:44:40.246   870   870 I zygote64: option[26]=-Ximage-compiler-option
09-16 07:44:40.246   870   870 I zygote64: option[27]=--compiled-classes=/system/etc/compiled-classes
09-16 07:44:40.246   870   870 I zygote64: option[28]=-Xcompiler-option
09-16 07:44:40.246   870   870 I zygote64: option[29]=--runtime-arg
09-16 07:44:40.246   870   870 I zygote64: option[30]=-Xcompiler-option
09-16 07:44:40.246   870   870 I zygote64: option[31]=-Xms64m
09-16 07:44:40.246   870   870 I zygote64: option[32]=-Xcompiler-option
09-16 07:44:40.246   870   870 I zygote64: option[33]=--runtime-arg
09-16 07:44:40.246   870   870 I zygote64: option[34]=-Xcompiler-option
09-16 07:44:40.246   870   870 I zygote64: option[35]=-Xmx512m
09-16 07:44:40.246   870   870 I zygote64: option[36]=-Ximage-compiler-option
09-16 07:44:40.246   870   870 I zygote64: option[37]=--instruction-set-variant=cortex-a53
09-16 07:44:40.246   870   870 I zygote64: option[38]=-Xcompiler-option
09-16 07:44:40.246   870   870 I zygote64: option[39]=--instruction-set-variant=cortex-a53
09-16 07:44:40.246   870   870 I zygote64: option[40]=-Ximage-compiler-option
09-16 07:44:40.246   870   870 I zygote64: option[41]=--instruction-set-features=default
09-16 07:44:40.246   870   870 I zygote64: option[42]=-Xcompiler-option
09-16 07:44:40.247   870   870 I zygote64: option[43]=--instruction-set-features=default
09-16 07:44:40.247   870   870 I zygote64: option[44]=-Duser.locale=en-US
09-16 07:44:40.247   870   870 I zygote64: option[45]=--cpu-abilist=arm64-v8a
09-16 07:44:40.247   870   870 I zygote64: option[46]=-Xfingerprint:Wileyfox/Storm/kipper:7.1.1/N6F27C/83dbe1d738:user/release-keys
09-16 07:44:40.256   871   930 W StreamHAL: Error from HAL stream in function get_presentation_position: Operation not permitted
09-16 07:44:40.409   871   930 W StreamHAL: Error from HAL stream in function get_presentation_position: Operation not permitted
09-16 07:44:40.415   870   870 I SamplingProfilerIntegration: Profiling disabled.
09-16 07:44:40.415   870   870 D Zygote  : begin preload
09-16 07:44:40.415   870   870 I Zygote  : Installing ICU cache reference pinning...
09-16 07:44:40.415   870   870 I Zygote  : Preloading ICU data...
09-16 07:44:40.420   871   930 W StreamHAL: Error from HAL stream in function get_presentation_position: Operation not permitted
09-16 07:44:40.428   870   870 D Zygote64Timing: BeginIcuCachePinning took to complete: 13ms
09-16 07:44:40.428   870   870 I Zygote  : Preloading classes...
09-16 07:44:40.430   871   930 W StreamHAL: Error from HAL stream in function get_presentation_position: Operation not permitted
09-16 07:44:40.522   871   930 W StreamHAL: Error from HAL stream in function get_presentation_position: Operation not permitted
09-16 07:44:40.523   350   350 I chatty  : uid=1006(camera) mm-qcamera-daem expire 9 lines
09-16 07:44:40.523   350   989 I chatty  : uid=1006(camera) mm-qcamera-daem expire 6 lines
09-16 07:44:40.524   872   872 E mm-camera-intf: mm_camera_open:  opened, break out while loop
09-16 07:44:40.524   872   872 D QCameraHWI_Mem: traceLogAllocStart : alloc E count=1 size=7192
09-16 07:44:40.524   872   872 D QCameraHWI_Mem: traceLogAllocStart : alloc E count=1 size=7192
09-16 07:44:40.525   872   872 D QCameraHWI_Mem:  traceLogAllocEnd : X
09-16 07:44:40.525   872   872 D QCameraHWI_Mem:  traceLogAllocEnd : X
09-16 07:44:40.526   872   872 D QCamera2HWI: openCamera: enable_4k2k is 0
09-16 07:44:40.530   872   872 E qomx_image_core: OMX_Init:94] Complete 2
09-16 07:44:40.530   872   872 D QCameraHWI_Mem: traceLogAllocStart : alloc E count=1 size=1048576
09-16 07:44:40.531   872   872 E QCameraHWI_Mem: traceLogAllocStart:HeapMemsize 1048576
09-16 07:44:40.531   872   872 D QCameraHWI_Mem: traceLogAllocStart : alloc E count=1 size=1048576
09-16 07:44:40.531   872   872 E QCameraHWI_Mem: traceLogAllocStart:Memsize 1048576
09-16 07:44:40.531   872   872 D QCameraHWI_Mem:  traceLogAllocEnd : X
09-16 07:44:40.531   872   872 E QCameraHWI_Mem: traceLogAllocEnd 1048576
09-16 07:44:40.531   872   872 D QCameraHWI_Mem:  traceLogAllocEnd : X
09-16 07:44:40.531   872   872 E QCameraHWI_Mem: traceLogAllocEnd 1048576
09-16 07:44:40.532   871   930 W StreamHAL: Error from HAL stream in function get_presentation_position: Operation not permitted
09-16 07:44:40.535   872   872 I Thermal-Lib: Thermal-Lib-Client: Registraion successful for camera with handle:1
09-16 07:44:40.535   872   872 I Thermal-Lib: Thermal-Lib-Client: Registraion successful for camcorder with handle:2
09-16 07:44:40.536   328   389 I ThermalEngine: Thermal-Server: Adding thermal event listener on fd 43
09-16 07:44:40.536   872   996 I Thermal-Lib: Thermal-Lib-Client: Client received msg camera 0
09-16 07:44:40.539   872   996 I Thermal-Lib: Thermal-Lib-Client: Client received msg camcorder 0
09-16 07:44:40.540   872   872 I CamDev@1.0-impl: Closing camera 1
09-16 07:44:40.542   872   872 E qomx_image_core: OMX_Deinit:118] Complete
09-16 07:44:40.542   871   930 W StreamHAL: Error from HAL stream in function get_presentation_position: Operation not permitted
09-16 07:44:40.543   872   872 E QCameraPostProc: deinit: Jpeg closed, rc = 0, mJpegClientHandle = 200
09-16 07:44:40.543   872   872 I Thermal-Lib: Thermal-Lib-Client: Unregisteration is successfull for handle:1
09-16 07:44:40.543   328   389 I ThermalEngine: Thermal-Server: removing client on fd 43
09-16 07:44:40.543   872   872 I Thermal-Lib: Thermal-Lib-Client: Unregisteration is successfull for handle:2
09-16 07:44:40.544   872   872 I CameraProviderManager: Camera provider legacy/0 ready with 2 camera devices
09-16 07:44:40.545   872   872 I CameraHardwareInterface: Opening camera 0
09-16 07:44:40.545   350   998 I chatty  : uid=1006(camera) mm-qcamera-daem expire 5 lines
09-16 07:44:40.545   872   872 I CamDev@1.0-impl: Opening camera 0
09-16 07:44:40.545   350  1000 I chatty  : uid=1006(camera) mm-qcamera-daem expire 3 lines
09-16 07:44:40.545   872   872 I QCamera2HWI: getLogLevel gCamHalLogLevel=0
09-16 07:44:40.545   872   872 I vndksupport: sphal namespace is not configured for this process. Loading /vendor/lib/hw/power.msm8916.so from the current namespace instead.
09-16 07:44:40.546   872   872 E mm-camera-intf: mm_camera_open: dev name = /dev/video1, cam_idx = 1
09-16 07:44:40.546   350  1002 I chatty  : uid=1006(camera) mm-qcamera-daem expire 3 lines
09-16 07:44:40.547   350  1004 I chatty  : uid=1006(camera) mm-qcamera-daem expire 7 lines
09-16 07:44:40.548   350  1005 I chatty  : uid=1006(camera) mm-qcamera-daem expire 7 lines
09-16 07:44:40.551   350  1006 I chatty  : uid=1006(camera) mm-qcamera-daem expire 3 lines
09-16 07:44:40.553   871   930 W StreamHAL: Error from HAL stream in function get_presentation_position: Operation not permitted
09-16 07:44:40.594   871   930 W StreamHAL: Error from HAL stream in function get_presentation_position: Operation not permitted
09-16 07:44:40.600   350   988 I chatty  : uid=1006(camera) mm-qcamera-daem expire 1 line
09-16 07:44:40.604   871   930 W StreamHAL: Error from HAL stream in function get_presentation_position: Operation not permitted
09-16 07:44:40.605   350  1007 I chatty  : uid=1006(camera) mm-qcamera-daem expire 127 lines
09-16 07:44:40.606   350  1008 I chatty  : uid=1006(camera) mm-qcamera-daem expire 1 line
09-16 07:44:40.606   350  1009 I chatty  : uid=1006(camera) mm-qcamera-daem expire 3 lines
09-16 07:44:40.609   350  1010 I chatty  : uid=1006(camera) mm-qcamera-daem expire 1 line
09-16 07:44:40.609   350  1011 I chatty  : uid=1006(camera) mm-qcamera-daem expire 1 line
09-16 07:44:40.614   871   930 W StreamHAL: Error from HAL stream in function get_presentation_position: Operation not permitted
09-16 07:44:40.619   350  1013 I chatty  : uid=1006(camera) mm-qcamera-daem expire 2 lines
09-16 07:44:40.620   350  1012 I chatty  : uid=1006(camera) mm-qcamera-daem expire 1 line
09-16 07:44:40.622   350  1014 I chatty  : uid=1006(camera) mm-qcamera-daem expire 2 lines
09-16 07:44:40.624   871   930 W StreamHAL: Error from HAL stream in function get_presentation_position: Operation not permitted
09-16 07:44:40.627   350  1007 I chatty  : uid=1006(camera) mm-qcamera-daem expire 253 lines
09-16 07:44:40.628   350  1010 I chatty  : uid=1006(camera) mm-qcamera-daem expire 3 lines
09-16 07:44:40.633   350  1007 I chatty  : uid=1006(camera) mm-qcamera-daem expire 697 lines
09-16 07:44:40.635   871   930 W StreamHAL: Error from HAL stream in function get_presentation_position: Operation not permitted
09-16 07:44:40.645   871   930 W StreamHAL: Error from HAL stream in function get_presentation_position: Operation not permitted
09-16 07:44:40.655   871   930 W StreamHAL: Error from HAL stream in function get_presentation_position: Operation not permitted
09-16 07:44:40.665   871   930 W StreamHAL: Error from HAL stream in function get_presentation_position: Operation not permitted
09-16 07:44:40.665   350  1018 I chatty  : uid=1006(camera) mm-qcamera-daem expire 2 lines
09-16 07:44:40.665   350  1013 I chatty  : uid=1006(camera) mm-qcamera-daem expire 3 lines
09-16 07:44:40.668   350  1019 I chatty  : uid=1006(camera) mm-qcamera-daem expire 2 lines
09-16 07:44:40.675   871   930 W StreamHAL: Error from HAL stream in function get_presentation_position: Operation not permitted
09-16 07:44:40.685   871   930 W StreamHAL: Error from HAL stream in function get_presentation_position: Operation not permitted
09-16 07:44:40.693   870   870 E ActivityRecognitionHardware: activity_recognition HAL is deprecated. class_init is effectively a no-op
09-16 07:44:40.695   871   930 W StreamHAL: Error from HAL stream in function get_presentation_position: Operation not permitted
09-16 07:44:40.705   871   930 W StreamHAL: Error from HAL stream in function get_presentation_position: Operation not permitted
09-16 07:44:40.709   870   870 I zygote64: Thread[1,tid=870,Native,Thread*=0x724165aa00,peer=0x12c01c88,"main"] recursive attempt to load library "/system/lib64/libmedia_jni.so"
09-16 07:44:40.710   870   870 D MtpDeviceJNI: register_android_mtp_MtpDevice
09-16 07:44:40.710   870   870 I zygote64: Thread[1,tid=870,Native,Thread*=0x724165aa00,peer=0x12c01c88,"main"] recursive attempt to load library "/system/lib64/libmedia_jni.so"
09-16 07:44:40.710   870   870 I zygote64: Thread[1,tid=870,Native,Thread*=0x724165aa00,peer=0x12c01c88,"main"] recursive attempt to load library "/system/lib64/libmedia_jni.so"
09-16 07:44:40.712   870   870 F MediaProfiles: frameworks/av/media/libmedia/MediaProfiles.cpp:329 CHECK(quality != -1) failed.
09-16 07:44:40.712   870   870 F libc    : Fatal signal 6 (SIGABRT), code -6 in tid 870 (main)
09-16 07:44:40.716   871   930 W StreamHAL: Error from HAL stream in function get_presentation_position: Operation not permitted
09-16 07:44:40.726   871   930 W StreamHAL: Error from HAL stream in function get_presentation_position: Operation not permitted
09-16 07:44:40.736   871   930 W StreamHAL: Error from HAL stream in function get_presentation_position: Operation not permitted
09-16 07:44:40.742  1022  1022 F crash_dump64: crash_dump.cpp:279] failed to attach to thread 870: Operation not permitted
09-16 07:44:40.743   356   356 I /system/bin/tombstoned: received crash request for pid 870
09-16 07:44:40.744   870   870 F libc    : crash_dump helper failed to exec
09-16 07:44:40.744   356   356 W /system/bin/tombstoned: crash socket received short read of length 0 (expected 8)
09-16 07:44:40.746   871   930 W StreamHAL: Error from HAL stream in function get_presentation_position: Operation not permitted
09-16 07:44:40.756   871   930 W StreamHAL: Error from HAL stream in function get_presentation_position: Operation not permitted
09-16 07:44:40.767   246   246 I ServiceManager: service 'media.audio_flinger' died
09-16 07:44:40.767   246   246 I ServiceManager: service 'media.audio_policy' died
09-16 07:44:40.767   246   246 I ServiceManager: service 'media.aaudio' died
09-16 07:44:40.767   246   246 I ServiceManager: service 'media.radio' died
09-16 07:44:40.767   246   246 I ServiceManager: service 'media.sound_trigger_hw' died
09-16 07:44:40.798   350   350 I chatty  : uid=1006(camera) mm-qcamera-daem expire 10 lines
09-16 07:44:40.798   350  1024 I chatty  : uid=1006(camera) mm-qcamera-daem expire 2 lines
09-16 07:44:40.802   350  1026 I chatty  : uid=1006(camera) mm-qcamera-daem expire 5 lines
09-16 07:44:40.802   350  1027 I chatty  : uid=1006(camera) mm-qcamera-daem expire 3 lines
09-16 07:44:40.806   246   246 I ServiceManager: service 'media.player' died
09-16 07:44:40.806   246   246 I ServiceManager: service 'media.resource_manager' died
09-16 07:44:40.806   350  1028 I chatty  : uid=1006(camera) mm-qcamera-daem expire 3 lines
09-16 07:44:40.807   350  1029 I chatty  : uid=1006(camera) mm-qcamera-daem expire 7 lines
09-16 07:44:40.807   350  1030 I chatty  : uid=1006(camera) mm-qcamera-daem expire 7 lines
09-16 07:44:40.809   350  1031 I chatty  : uid=1006(camera) mm-qcamera-daem expire 3 lines
09-16 07:44:40.811   246   246 I ServiceManager: service 'netd' died
09-16 07:44:40.816   246   246 I ServiceManager: service 'wificond' died
09-16 07:44:40.867   350  1023 I chatty  : uid=1006(camera) mm-qcamera-daem expire 1 line
09-16 07:44:40.879  1032  1032 I init    : type=1400 audit(0.0:236): avc: denied { execute_no_trans } for path="/system/bin/netmgrd" dev="mmcblk0p22" ino=320 scontext=u:r:init:s0 tcontext=u:object_r:system_file:s0 tclass=file permissive=1
09-16 07:44:40.913  1032  1032 F libc    : CANNOT LINK EXECUTABLE "/system/bin/netmgrd": cannot locate symbol "_ZN6google8protobuf2io16CodedInputStream20ReadVarint32FallbackEPj" referenced by "/system/vendor/lib64/libcneapiclient.so"...
09-16 07:44:40.914  1032  1032 F libc    : Fatal signal 6 (SIGABRT), code -6 in tid 1032 (netmgrd)
09-16 07:44:40.919  1037  1037 I crash_dump64: type=1400 audit(0.0:237): avc: denied { ptrace } for scontext=u:r:crash_dump:s0 tcontext=u:r:init:s0 tclass=process permissive=1
09-16 07:44:40.937  1037  1037 I crash_dump64: obtaining output fd from tombstoned
09-16 07:44:40.938   356   356 I /system/bin/tombstoned: received crash request for pid 1032
09-16 07:44:40.939  1037  1037 I crash_dump64: performing dump of process 1032 (target tid = 1032)
09-16 07:44:40.939  1037  1037 F DEBUG   : *** *** *** *** *** *** *** *** *** *** *** *** *** *** *** ***
09-16 07:44:40.939  1037  1037 F DEBUG   : Build fingerprint: 'Wileyfox/Storm/kipper:7.1.1/N6F27C/83dbe1d738:user/release-keys'
09-16 07:44:40.939  1037  1037 F DEBUG   : Revision: '0'
09-16 07:44:40.939  1037  1037 F DEBUG   : ABI: 'arm64'
09-16 07:44:40.939  1037  1037 F DEBUG   : pid: 1032, tid: 1032, name: netmgrd  >>> /system/bin/netmgrd <<<
09-16 07:44:40.939  1037  1037 F DEBUG   : signal 6 (SIGABRT), code -6 (SI_TKILL), fault addr --------
09-16 07:44:40.940  1037  1037 F DEBUG   : Abort message: 'CANNOT LINK EXECUTABLE "/system/bin/netmgrd": cannot locate symbol "_ZN6google8protobuf2io16CodedInputStream20ReadVarint32FallbackEPj" referenced by "/system/vendor/lib64/libcneapiclient.so"...'
09-16 07:44:40.940  1037  1037 F DEBUG   :     x0   0000000000000000  x1   0000000000000408  x2   0000000000000006  x3   0000000000000008
09-16 07:44:40.940  1037  1037 F DEBUG   :     x4   0080000000808080  x5   0080000000808080  x6   0080000000808080  x7   0000000000000010
09-16 07:44:40.940  1037  1037 F DEBUG   :     x8   0000000000000083  x9   6a738d9a5981e65a  x10  0000000000000000  x11  0000000000000001
09-16 07:44:40.940  1037  1037 F DEBUG   :     x12  0000000000000008  x13  0000000000000000  x14  0000000000000000  x15  003678acf07cc10b
09-16 07:44:40.940  1037  1037 F DEBUG   :     x16  0000007fc934fecf  x17  0291cd1e04c9d38b  x18  0000007fb0522010  x19  0000000000000408
09-16 07:44:40.940  1037  1037 F DEBUG   :     x20  0000000000000408  x21  000000558913709b  x22  0000007fc9350f68  x23  00000055891f8918
09-16 07:44:40.940  1037  1037 F DEBUG   :     x24  0000007fc9351f78  x25  0000007fb0743280  x26  0000007fb0744820  x27  0000007fb0744880
09-16 07:44:40.940  1037  1037 F DEBUG   :     x28  0000007fc9351f60  x29  0000007fc9350b30  x30  0000007fb06eb4d8
09-16 07:44:40.940  1037  1037 F DEBUG   :     sp   0000007fc9350af0  pc   0000007fb06fab5c  pstate 0000000060000000
09-16 07:44:40.946  1037  1037 F DEBUG   : 
09-16 07:44:40.946  1037  1037 F DEBUG   : backtrace:
09-16 07:44:40.946  1037  1037 F DEBUG   :     #00 pc 00000000000a1b5c  /system/bin/linker64 (__dl_tgkill+8)
09-16 07:44:40.946  1037  1037 F DEBUG   :     #01 pc 00000000000924d4  /system/bin/linker64 (__dl_abort+88)
09-16 07:44:40.946  1037  1037 F DEBUG   :     #02 pc 00000000000278c4  /system/bin/linker64 (__dl___libc_fatal+116)
09-16 07:44:40.946  1037  1037 F DEBUG   :     #03 pc 000000000001c280  /system/bin/linker64 (__dl___linker_init+3404)
09-16 07:44:40.946  1037  1037 F DEBUG   :     #04 pc 00000000000225c8  /system/bin/linker64 (_start+4)
09-16 07:44:40.959  1037  1037 I crash_dump64: type=1400 audit(0.0:238): avc: denied { signal } for scontext=u:r:crash_dump:s0 tcontext=u:r:init:s0 tclass=process permissive=1
09-16 07:44:40.976  1037  1037 E crash_dump64: unable to connect to activity manager: No such file or directory
09-16 07:44:40.976   356   356 E /system/bin/tombstoned: Tombstone written to: /data/tombstones//tombstone_02
09-16 07:44:44.469  1046  1046 W netd    : type=1400 audit(0.0:239): avc: granted { getattr } for path="/vendor" dev="rootfs" ino=2208 scontext=u:r:netd:s0 tcontext=u:object_r:rootfs:s0 tclass=lnk_file
09-16 07:44:44.516  1047  1047 I wificond: wificond is starting up...
09-16 07:44:44.519  1048  1048 W iptables-restor: type=1400 audit(0.0:240): avc: granted { getattr } for path="/vendor" dev="rootfs" ino=2208 scontext=u:r:netd:s0 tcontext=u:object_r:rootfs:s0 tclass=lnk_file
09-16 07:44:44.529  1046  1046 I Netd    : Netd 1.0 starting
09-16 07:44:44.529  1046  1046 D TetherController: Setting IP forward enable = 0
09-16 07:44:44.539  1049  1049 W ip6tables-resto: type=1400 audit(0.0:241): avc: granted { getattr } for path="/vendor" dev="rootfs" ino=2208 scontext=u:r:netd:s0 tcontext=u:object_r:rootfs:s0 tclass=lnk_file
09-16 07:44:44.559  1050  1050 W iptables: type=1400 audit(0.0:242): avc: granted { getattr } for path="/vendor" dev="rootfs" ino=2208 scontext=u:r:netd:s0 tcontext=u:object_r:rootfs:s0 tclass=lnk_file
09-16 07:44:44.569  1051  1051 W ip6tables: type=1400 audit(0.0:243): avc: granted { getattr } for path="/vendor" dev="rootfs" ino=2208 scontext=u:r:netd:s0 tcontext=u:object_r:rootfs:s0 tclass=lnk_file
09-16 07:44:44.589  1052  1052 W iptables: type=1400 audit(0.0:244): avc: granted { getattr } for path="/vendor" dev="rootfs" ino=2208 scontext=u:r:netd:s0 tcontext=u:object_r:rootfs:s0 tclass=lnk_file
09-16 07:44:44.599  1053  1053 W ip6tables: type=1400 audit(0.0:245): avc: granted { getattr } for path="/vendor" dev="rootfs" ino=2208 scontext=u:r:netd:s0 tcontext=u:object_r:rootfs:s0 tclass=lnk_file
09-16 07:44:44.619  1054  1054 W iptables: type=1400 audit(0.0:246): avc: granted { getattr } for path="/vendor" dev="rootfs" ino=2208 scontext=u:r:netd:s0 tcontext=u:object_r:rootfs:s0 tclass=lnk_file
09-16 07:44:44.639  1055  1055 W ip6tables: type=1400 audit(0.0:247): avc: granted { getattr } for path="/vendor" dev="rootfs" ino=2208 scontext=u:r:netd:s0 tcontext=u:object_r:rootfs:s0 tclass=lnk_file
09-16 07:44:44.649  1056  1056 W iptables: type=1400 audit(0.0:248): avc: granted { getattr } for path="/vendor" dev="rootfs" ino=2208 scontext=u:r:netd:s0 tcontext=u:object_r:rootfs:s0 tclass=lnk_file
09-16 07:44:44.669  1057  1057 W ip6tables: type=1400 audit(0.0:249): avc: granted { getattr } for path="/vendor" dev="rootfs" ino=2208 scontext=u:r:netd:s0 tcontext=u:object_r:rootfs:s0 tclass=lnk_file
