09-16 07:44:15.476   778   778 F DEBUG   :     #03 pc 000000000001c280  /system/bin/linker64 (__dl___linker_init+3404)
09-16 07:44:15.476   778   778 F DEBUG   :     #04 pc 00000000000225c8  /system/bin/linker64 (_start+4)
09-16 07:44:15.504   778   778 E crash_dump64: unable to connect to activity manager: No such file or directory
09-16 07:44:15.505   356   356 E /system/bin/tombstoned: Tombstone written to: /data/tombstones//tombstone_05
09-16 07:44:15.808   412   693 W dex2oat : Compilation of void android.icu.impl.BMPSet.<clinit>() took 191.080ms
09-16 07:44:16.274   412   692 W dex2oat : Compilation of void android.icu.text.DecimalFormat.applyPatternWithoutExpandAffix(java.lang.String, boolean) took 136.511ms
09-16 07:44:16.373   412   690 W dex2oat : Compilation of int android.icu.impl.coll.CollationIterator.getCE32FromPrefix(android.icu.impl.coll.CollationData, int) took 474.260ms
09-16 07:44:16.374   412   688 W dex2oat : Compilation of android.icu.text.DateTimePatternGenerator$FormatParser android.icu.text.DateTimePatternGenerator$FormatParser.set(java.lang.String, boolean) took 135.937ms
09-16 07:44:16.512   412   690 W dex2oat : Compilation of int android.icu.impl.coll.CollationIterator.nextCE32FromContraction(android.icu.impl.coll.CollationData, int, java.lang.CharSequence, int, int, int) took 138.904ms
09-16 07:44:16.582   412   689 W dex2oat : Compilation of android.icu.text.RBBIDataWrapper android.icu.text.RBBIDataWrapper.get(java.nio.ByteBuffer) took 155.720ms
09-16 07:44:16.618   412   412 W dex2oat : Compilation of android.icu.util.ULocale android.icu.text.RuleBasedCollator.getLocale(android.icu.util.ULocale$Type) took 109.857ms
09-16 07:44:16.929   412   690 W dex2oat : Compilation of void java.lang.Daemons.stop() took 146.021ms
09-16 07:44:16.932   412   689 W dex2oat : Compilation of void android.icu.util.SimpleTimeZone.setStartYear(int) took 196.869ms
09-16 07:44:16.947   412   693 W dex2oat : Compilation of int android.icu.text.UTF16.setCharAt(char[], int, int, int) took 380.222ms
09-16 07:44:17.090   412   689 W dex2oat : Compilation of void libcore.io.MemoryMappedFile.close() took 153.141ms
09-16 07:44:17.140   310   310 D SurfaceFlinger: Backpressure trigger, skipping transaction & refresh!
09-16 07:44:17.344   412   694 W dex2oat : Compilation of void com.android.org.conscrypt.ClientSessionContext$HostAndPort.<init>(java.lang.String, int) took 110.094ms
09-16 07:44:17.509   412   689 W dex2oat : Compilation of void com.android.okhttp.okio.ForwardingSink.<init>(com.android.okhttp.okio.Sink) took 119.660ms
09-16 07:44:17.632   412   694 W dex2oat : Compilation of void com.android.okhttp.CacheControl.<init>(com.android.okhttp.CacheControl$Builder) took 230.555ms
09-16 07:44:17.877   412   689 W dex2oat : Compilation of void com.android.org.bouncycastle.asn1.ASN1Null.<init>() took 109.998ms
09-16 07:44:17.889   412   412 W dex2oat : Compilation of byte[] com.android.org.bouncycastle.asn1.ASN1Object.getEncoded() took 123.751ms
09-16 07:44:17.938   412   694 W dex2oat : Compilation of void com.android.org.bouncycastle.asn1.DLSequence.<init>() took 133.671ms
09-16 07:44:18.014   412   412 I dex2oat : Method exceeds compiler instruction limit: 25337 in void org.ccil.cowan.tagsoup.HTMLSchema.<init>()
09-16 07:44:18.349   412   689 W dex2oat : Compilation of void android.accounts.AbstractAccountAuthenticator.-wrap1(android.accounts.AbstractAccountAuthenticator, android.accounts.IAccountAuthenticatorResponse, java.lang.String, java.lang.String, java.lang.Exception) took 124.721ms
09-16 07:44:18.465   412   694 W dex2oat : Compilation of java.lang.String android.accessibilityservice.AccessibilityServiceInfo.capabilityToString(int) took 240.764ms
09-16 07:44:18.535   412   412 W dex2oat : Compilation of void android.animation.LayoutTransition.<init>() took 197.331ms
09-16 07:44:18.681   412   694 W dex2oat : Compilation of android.util.SparseArray android.accessibilityservice.AccessibilityServiceInfo.getCapabilityInfoSparseArray(android.content.Context) took 212.851ms
09-16 07:44:18.760   412   689 W dex2oat : Compilation of void android.app.DialogFragment.onActivityCreated(android.os.Bundle) took 122.309ms
09-16 07:44:18.955   412   690 W dex2oat : Compilation of boolean android.app.INotificationManager$Stub.onTransact(int, android.os.Parcel, android.os.Parcel, int) took 128.343ms
09-16 07:44:19.033   412   691 W dex2oat : Compilation of java.util.ArrayList android.app.ActivityThread.collectComponentCallbacks(boolean, android.content.res.Configuration) took 118.015ms
09-16 07:44:20.459   412   688 W dex2oat : Compilation of void android.content.SyncRequest.<init>(android.content.SyncRequest$Builder) took 191.475ms
09-16 07:44:20.645   412   688 W dex2oat : Compilation of java.lang.String android.content.pm.PackageParser.buildProcessName(java.lang.String, java.lang.String, java.lang.CharSequence, int, java.lang.String[], java.lang.String[]) took 107.277ms
09-16 07:44:20.830   412   693 W dex2oat : Compilation of void android.content.res.ThemedResourceCache.put(long, android.content.res.Resources$Theme, java.lang.Object, boolean) took 102.441ms
09-16 07:44:20.952   412   692 W dex2oat : Compilation of boolean android.content.pm.IPackageManager$Stub.onTransact(int, android.os.Parcel, android.os.Parcel, int) took 565.968ms
09-16 07:44:21.001   412   693 W dex2oat : Compilation of int android.database.CursorToBulkCursorAdaptor.requery(android.database.IContentObserver) took 122.631ms
09-16 07:44:21.119   412   693 W dex2oat : Compilation of double android.graphics.-$Lambda$ZrP-zejiEXAqfwV-MyP5lE9mYC8$7.applyAsDouble(double) took 112.490ms
09-16 07:44:21.244   412   693 W dex2oat : Compilation of void android.graphics.Picture$RecordingCanvas.<init>(android.graphics.Picture, long) took 102.169ms
09-16 07:44:21.416   412   693 W dex2oat : Compilation of void android.graphics.drawable.ColorDrawable.updateStateFromTypedArray(android.content.res.TypedArray) took 167.017ms
09-16 07:44:21.623   412   688 W dex2oat : Compilation of android.content.pm.PackageParser$Activity android.content.pm.PackageParser.parseActivity(android.content.pm.PackageParser$Package, android.content.res.Resources, android.content.res.XmlResourceParser, int, java.lang.String[], boolean, boolean) took 823.131ms
09-16 07:44:21.770   412   693 W dex2oat : Compilation of void android.hardware.SystemSensorManager.registerDynamicSensorCallbackImpl(android.hardware.SensorManager$DynamicSensorCallback, android.os.Handler) took 132.644ms
09-16 07:44:21.881   798   798 F libc    : CANNOT LINK EXECUTABLE "/system/bin/netmgrd": cannot locate symbol "_ZN6google8protobuf2io16CodedInputStream20ReadVarint32FallbackEPj" referenced by "/system/vendor/lib64/libcneapiclient.so"...
09-16 07:44:21.881   798   798 F libc    : Fatal signal 6 (SIGABRT), code -6 in tid 798 (netmgrd)
09-16 07:44:22.260   412   691 W dex2oat : Compilation of android.location.Criteria android.location.Criteria$1.createFromParcel(android.os.Parcel) took 322.947ms
09-16 07:44:22.389   412   690 W dex2oat : Compilation of void android.location.Criteria.<init>(android.location.Criteria) took 331.433ms
09-16 07:44:22.496   412   691 W dex2oat : Compilation of boolean android.media.MediaFile.isRawImageFileType(int) took 119.946ms
09-16 07:44:22.550   412   690 W dex2oat : Compilation of void android.media.MediaRouter$Static.requestUpdateVolume(android.media.MediaRouter$RouteInfo, int) took 141.515ms
09-16 07:44:22.855   412   694 W dex2oat : Compilation of boolean android.net.IConnectivityManager$Stub.onTransact(int, android.os.Parcel, android.os.Parcel, int) took 127.667ms
09-16 07:44:22.964   412   688 W dex2oat : Compilation of android.content.pm.PackageParser$Package android.content.pm.PackageParser.parseBaseApkCommon(android.content.pm.PackageParser$Package, java.util.Set, android.content.res.Resources, android.content.res.XmlResourceParser, int, java.lang.String[]) took 1.307s
09-16 07:44:23.086   412   688 W dex2oat : Compilation of boolean android.content.pm.PackageParser.parseBaseApplication(android.content.pm.PackageParser$Package, android.content.res.Resources, android.content.res.XmlResourceParser, int, java.lang.String[]) took 122.370ms
09-16 07:44:23.101   412   694 W dex2oat : Compilation of void android.net.ProxyInfo.<init>(java.lang.String) took 157.060ms
09-16 07:44:23.176   412   689 W dex2oat : Compilation of java.lang.Object android.net.wifi.RttManager.getListener(int) took 117.718ms
09-16 07:44:23.249   412   688 W dex2oat : Compilation of boolean android.content.pm.PackageParser.parseIntent(android.content.res.Resources, android.content.res.XmlResourceParser, boolean, boolean, android.content.pm.PackageParser$IntentInfo, java.lang.String[]) took 132.988ms
09-16 07:44:23.311   412   689 W dex2oat : Compilation of void android.net.wifi.RttManager.validateChannel() took 100.256ms
09-16 07:44:23.334   811   811 I crash_dump64: obtaining output fd from tombstoned
09-16 07:44:23.335   356   356 I /system/bin/tombstoned: received crash request for pid 798
09-16 07:44:23.336   811   811 I crash_dump64: performing dump of process 798 (target tid = 798)
09-16 07:44:23.336   811   811 F DEBUG   : *** *** *** *** *** *** *** *** *** *** *** *** *** *** *** ***
09-16 07:44:23.336   811   811 F DEBUG   : Build fingerprint: 'Wileyfox/Storm/kipper:7.1.1/N6F27C/83dbe1d738:user/release-keys'
09-16 07:44:23.336   811   811 F DEBUG   : Revision: '0'
09-16 07:44:23.336   811   811 F DEBUG   : ABI: 'arm64'
09-16 07:44:23.336   811   811 F DEBUG   : pid: 798, tid: 798, name: netmgrd  >>> /system/bin/netmgrd <<<
09-16 07:44:23.336   811   811 F DEBUG   : signal 6 (SIGABRT), code -6 (SI_TKILL), fault addr --------
09-16 07:44:23.337   811   811 F DEBUG   : Abort message: 'CANNOT LINK EXECUTABLE "/system/bin/netmgrd": cannot locate symbol "_ZN6google8protobuf2io16CodedInputStream20ReadVarint32FallbackEPj" referenced by "/system/vendor/lib64/libcneapiclient.so"...'
09-16 07:44:23.337   811   811 F DEBUG   :     x0   0000000000000000  x1   000000000000031e  x2   0000000000000006  x3   0000000000000008
09-16 07:44:23.337   811   811 F DEBUG   :     x4   0080000000808080  x5   0080000000808080  x6   0080000000808080  x7   0000000000000010
09-16 07:44:23.337   811   811 F DEBUG   :     x8   0000000000000083  x9   7f43392542a23e6c  x10  0000000000000000  x11  0000000000000001
09-16 07:44:23.337   811   811 F DEBUG   :     x12  0000000000000008  x13  0000000000000000  x14  0000000000000000  x15  003486e4b77f689c
09-16 07:44:23.337   811   811 F DEBUG   :     x16  0000007fc0c9465f  x17  05089bc823e21b46  x18  0000007a1d6fd230  x19  000000000000031e
09-16 07:44:23.337   811   811 F DEBUG   :     x20  000000000000031e  x21  000000555d2e309b  x22  0000007fc0c956f8  x23  000000555d3a4918
09-16 07:44:23.337   811   811 F DEBUG   :     x24  0000007fc0c96708  x25  0000007a1d7f7280  x26  0000007a1d7f8820  x27  0000007a1d7f8880
09-16 07:44:23.337   811   811 F DEBUG   :     x28  0000007fc0c966f0  x29  0000007fc0c952c0  x30  0000007a1d79f4d8
09-16 07:44:23.337   811   811 F DEBUG   :     sp   0000007fc0c95280  pc   0000007a1d7aeb5c  pstate 0000000060000000
09-16 07:44:23.340   811   811 F DEBUG   : 
09-16 07:44:23.340   811   811 F DEBUG   : backtrace:
09-16 07:44:23.340   811   811 F DEBUG   :     #00 pc 00000000000a1b5c  /system/bin/linker64 (__dl_tgkill+8)
09-16 07:44:23.340   811   811 F DEBUG   :     #01 pc 00000000000924d4  /system/bin/linker64 (__dl_abort+88)
09-16 07:44:23.340   811   811 F DEBUG   :     #02 pc 00000000000278c4  /system/bin/linker64 (__dl___libc_fatal+116)
09-16 07:44:23.340   811   811 F DEBUG   :     #03 pc 000000000001c280  /system/bin/linker64 (__dl___linker_init+3404)
09-16 07:44:23.340   811   811 F DEBUG   :     #04 pc 00000000000225c8  /system/bin/linker64 (_start+4)
09-16 07:44:23.642   412   692 W dex2oat : Compilation of void android.opengl.GLES10.glSampleCoveragex(int, boolean) took 184.750ms
09-16 07:44:23.739   412   693 W dex2oat : Compilation of long android.os.FileUtils.roundStorageSize(long) took 200.479ms
09-16 07:44:23.765   412   690 W dex2oat : Compilation of void android.os.BatteryStats.dumpCheckinLocked(android.content.Context, java.io.PrintWriter, int, int, boolean) took 271.877ms
09-16 07:44:23.854   412   692 W dex2oat : Compilation of void android.os.Looper.loop() took 195.229ms
09-16 07:44:23.899   412   688 W dex2oat : Compilation of java.lang.String android.os.Debug.fixTracePath(java.lang.String) took 432.017ms
09-16 07:44:23.929   412   689 W dex2oat : Compilation of android.os.PatternMatcher android.os.PatternMatcher$1.createFromParcel(android.os.Parcel) took 190.761ms
09-16 07:44:24.059   412   412 W dex2oat : Compilation of boolean android.os.UserManager.isUserRunning(android.os.UserHandle) took 130.431ms
09-16 07:44:24.080   412   693 W dex2oat : Compilation of void android.os.WorkSource.<init>(android.os.Parcel) took 181.388ms
09-16 07:44:24.171   412   694 W dex2oat : Compilation of int android.print.PageRange.getSize() took 102.303ms
09-16 07:44:24.230   811   811 E crash_dump64: unable to connect to activity manager: No such file or directory
09-16 07:44:24.230   356   356 E /system/bin/tombstoned: Tombstone written to: /data/tombstones//tombstone_06
09-16 07:44:24.521   412   690 W dex2oat : Compilation of void android.os.BatteryStats.dumpLocked(android.content.Context, java.io.PrintWriter, java.lang.String, int, int, boolean) took 724.084ms
09-16 07:44:24.741   412   688 W dex2oat : Compilation of void android.security.keystore.AndroidKeyStoreSpi.setPrivateKeyEntry(java.lang.String, java.security.PrivateKey, java.security.cert.Certificate[], java.security.KeyStore$ProtectionParameter) took 154.848ms
09-16 07:44:24.879   412   694 W dex2oat : Compilation of void android.security.keymaster.KeymasterArguments.addEnum(int, int) took 272.761ms
09-16 07:44:24.889   412   690 W dex2oat : Compilation of void android.security.KeyChain.<init>() took 267.504ms
09-16 07:44:24.889   412   693 W dex2oat : Compilation of boolean android.service.vr.IPersistentVrStateCallbacks$Stub.onTransact(int, android.os.Parcel, android.os.Parcel, int) took 130.273ms
09-16 07:44:25.141   412   690 W dex2oat : Compilation of android.security.KeyChain$KeyChainConnection android.security.KeyChain.bind(android.content.Context) took 233.696ms
09-16 07:44:25.536   412   688 W dex2oat : Compilation of void android.text.StaticLayout.generate(android.text.StaticLayout$Builder, boolean, boolean) took 154.071ms
09-16 07:44:25.935   412   688 W dex2oat : Compilation of void android.view.View.<init>(android.content.Context, android.util.AttributeSet, int, int) took 142.790ms
09-16 07:44:26.417   824   824 F libc    : CANNOT LINK EXECUTABLE "/system/bin/netmgrd": cannot locate symbol "_ZN6google8protobuf2io16CodedInputStream20ReadVarint32FallbackEPj" referenced by "/system/vendor/lib64/libcneapiclient.so"...
09-16 07:44:26.417   824   824 F libc    : Fatal signal 6 (SIGABRT), code -6 in tid 824 (netmgrd)
09-16 07:44:26.475   412   691 W dex2oat : Compilation of void android.view.ViewRootImpl.performTraversals() took 120.660ms
09-16 07:44:26.571   412   690 W dex2oat : Compilation of java.lang.String[] android.view.WindowManagerGlobal.getViewRootNames() took 234.690ms
09-16 07:44:26.651   412   692 W dex2oat : Compilation of void android.widget.PopupWindow.update(int, int, int, int, boolean) took 154.492ms
09-16 07:44:26.805   412   691 W dex2oat : Compilation of java.lang.CharSequence android.widget.AbsSpinner.getAccessibilityClassName() took 110.591ms
09-16 07:44:26.850   412   412 W dex2oat : Compilation of void android.widget.AbsSpinner$RecycleBin.clear() took 166.174ms
09-16 07:44:26.930   412   688 W dex2oat : Compilation of void android.view.View.setForegroundGravity(int) took 131.159ms
09-16 07:44:27.157   412   694 W dex2oat : Compilation of void android.widget.TextView.<init>(android.content.Context, android.util.AttributeSet, int, int) took 340.558ms
09-16 07:44:27.316   412   692 W dex2oat : Compilation of void android.widget.OverScroller$SplineOverScroller.fling(int, int, int, int, int) took 172.260ms
09-16 07:44:27.471   412   692 W dex2oat : Compilation of void android.widget.Toolbar.addCustomViewsWithGravity(java.util.List, int) took 117.775ms
09-16 07:44:27.539   412   691 W dex2oat : Compilation of android.view.PointerIcon android.widget.TabWidget.onResolvePointerIcon(android.view.MotionEvent, int) took 234.066ms
09-16 07:44:27.789   412   694 W dex2oat : Compilation of java.util.Locale android.widget.TextView.getTextLocale() took 212.323ms
09-16 07:44:28.055   412   693 W dex2oat : Compilation of boolean com.android.internal.os.ZygoteConnection.runOnce(com.android.internal.os.ZygoteServer) took 111.535ms
09-16 07:44:28.157   412   691 W dex2oat : Compilation of void com.android.internal.policy.PhoneWindow$PhoneWindowMenuCallback.<init>(com.android.internal.policy.PhoneWindow) took 125.494ms
09-16 07:44:28.357   412   694 W dex2oat : Compilation of boolean com.android.internal.telecom.ITelecomService$Stub.onTransact(int, android.os.Parcel, android.os.Parcel, int) took 144.244ms
09-16 07:44:28.379   412   412 W dex2oat : Compilation of void com.android.internal.policy.DecorView.setHandledPrimaryActionMode(android.view.ActionMode) took 349.634ms
09-16 07:44:28.456   412   689 W dex2oat : Compilation of boolean com.android.internal.telephony.ITelephony$Stub.onTransact(int, android.os.Parcel, android.os.Parcel, int) took 134.555ms
09-16 07:44:28.471   412   690 W dex2oat : Compilation of void com.android.internal.statusbar.IStatusBar$Stub$Proxy.clickQsTile(android.content.ComponentName) took 364.530ms
09-16 07:44:28.504   834   834 I crash_dump64: obtaining output fd from tombstoned
09-16 07:44:28.505   356   356 I /system/bin/tombstoned: received crash request for pid 824
09-16 07:44:28.576   412   691 W dex2oat : Compilation of int com.android.internal.telephony.ITelephony$Stub$Proxy.getDataActivationState(int, java.lang.String) took 107.955ms
09-16 07:44:28.696   834   834 I crash_dump64: performing dump of process 824 (target tid = 824)
09-16 07:44:28.739   834   834 F DEBUG   : *** *** *** *** *** *** *** *** *** *** *** *** *** *** *** ***
09-16 07:44:28.739   834   834 F DEBUG   : Build fingerprint: 'Wileyfox/Storm/kipper:7.1.1/N6F27C/83dbe1d738:user/release-keys'
09-16 07:44:28.739   834   834 F DEBUG   : Revision: '0'
09-16 07:44:28.739   834   834 F DEBUG   : ABI: 'arm64'
09-16 07:44:28.739   834   834 F DEBUG   : pid: 824, tid: 824, name: netmgrd  >>> /system/bin/netmgrd <<<
09-16 07:44:28.739   834   834 F DEBUG   : signal 6 (SIGABRT), code -6 (SI_TKILL), fault addr --------
09-16 07:44:28.740   834   834 F DEBUG   : Abort message: 'CANNOT LINK EXECUTABLE "/system/bin/netmgrd": cannot locate symbol "_ZN6google8protobuf2io16CodedInputStream20ReadVarint32FallbackEPj" referenced by "/system/vendor/lib64/libcneapiclient.so"...'
09-16 07:44:28.740   834   834 F DEBUG   :     x0   0000000000000000  x1   0000000000000338  x2   0000000000000006  x3   0000000000000008
09-16 07:44:28.740   834   834 F DEBUG   :     x4   0080000000808080  x5   0080000000808080  x6   0080000000808080  x7   0000000000000010
09-16 07:44:28.740   834   834 F DEBUG   :     x8   0000000000000083  x9   fdb1acba7e0f0afb  x10  0000000000000000  x11  0000000000000001
09-16 07:44:28.741   834   834 F DEBUG   :     x12  0000000000000008  x13  0000000000000000  x14  0000000000000000  x15  0018e5c03904653f
09-16 07:44:28.741   834   834 F DEBUG   :     x16  0000007fc709ca9f  x17  00c10a24f093d4cd  x18  00000074b4481230  x19  0000000000000338
09-16 07:44:28.741   834   834 F DEBUG   :     x20  0000000000000338  x21  000000558039809b  x22  0000007fc709db38  x23  0000005580459918
09-16 07:44:28.741   834   834 F DEBUG   :     x24  0000007fc709eb48  x25  00000074b457b280  x26  00000074b457c820  x27  00000074b457c880
09-16 07:44:28.741   834   834 F DEBUG   :     x28  0000007fc709eb30  x29  0000007fc709d700  x30  00000074b45234d8
09-16 07:44:28.741   834   834 F DEBUG   :     sp   0000007fc709d6c0  pc   00000074b4532b5c  pstate 0000000060000000
09-16 07:44:28.743   834   834 F DEBUG   : 
09-16 07:44:28.743   834   834 F DEBUG   : backtrace:
09-16 07:44:28.743   834   834 F DEBUG   :     #00 pc 00000000000a1b5c  /system/bin/linker64 (__dl_tgkill+8)
09-16 07:44:28.743   834   834 F DEBUG   :     #01 pc 00000000000924d4  /system/bin/linker64 (__dl_abort+88)
09-16 07:44:28.743   834   834 F DEBUG   :     #02 pc 00000000000278c4  /system/bin/linker64 (__dl___libc_fatal+116)
09-16 07:44:28.743   834   834 F DEBUG   :     #03 pc 000000000001c280  /system/bin/linker64 (__dl___linker_init+3404)
09-16 07:44:28.743   834   834 F DEBUG   :     #04 pc 00000000000225c8  /system/bin/linker64 (_start+4)
09-16 07:44:28.815   412   412 W dex2oat : Compilation of void com.android.server.SystemConfig.readPermissionsFromXml(java.io.File, int) took 104.571ms
09-16 07:44:28.884   412   688 W dex2oat : Compilation of void com.android.internal.view.menu.MenuBuilder.findItemsWithShortcutForKey(java.util.List, int, android.view.KeyEvent) took 278.315ms
09-16 07:44:28.914   834   834 E crash_dump64: unable to connect to activity manager: No such file or directory
09-16 07:44:28.914   356   356 E /system/bin/tombstoned: Tombstone written to: /data/tombstones//tombstone_07
09-16 07:44:29.128   412   690 W dex2oat : Compilation of java.util.ArrayList android.hardware.radio.V1_0.CellInfoWcdma.readVectorFromParcel(android.os.HwParcel) took 179.199ms
09-16 07:44:29.130   412   688 W dex2oat : Compilation of void android.hardware.radio.V1_0.CellIdentityTdscdma.<init>() took 201.768ms
09-16 07:44:29.191   412   412 W dex2oat : Compilation of void android.hardware.radio.V1_0.CellIdentity.writeVectorToParcel(android.os.HwParcel, java.util.ArrayList) took 261.557ms
09-16 07:44:29.291   412   688 W dex2oat : Compilation of void com.android.internal.telephony.IccPhoneBookInterfaceManager$1.handleMessage(android.os.Message) took 142.714ms
09-16 07:44:29.369   412   412 W dex2oat : Compilation of void com.android.internal.telephony.IccSmsInterfaceManager$CellBroadcastRangeManager.addRange(int, int, boolean) took 160.635ms
09-16 07:44:29.481   412   688 W dex2oat : Compilation of boolean com.android.internal.telephony.PhoneSubInfoController.checkReadPhoneNumber(java.lang.String, java.lang.String) took 183.223ms
09-16 07:44:29.550   412   690 W dex2oat : Compilation of void com.android.internal.telephony.GsmCdmaPhone.handleMessage(android.os.Message) took 213.553ms
09-16 07:44:29.680   412   690 W dex2oat : Compilation of void com.android.internal.telephony.GsmCdmaPhone.notifyPreciseCallStateChanged() took 110.116ms
09-16 07:44:29.745   412   688 W dex2oat : Compilation of java.lang.String com.android.internal.telephony.PhoneSubInfoController.getLine1AlphaTagForSubscriber(int, java.lang.String) took 175.572ms
09-16 07:44:29.930   412   688 W dex2oat : Compilation of java.lang.String com.android.internal.telephony.PhoneSubInfoController.getLine1Number(java.lang.String) took 184.347ms
09-16 07:44:30.759   412   690 W dex2oat : Compilation of java.lang.Object org.apache.commons.logging.impl.WeakHashtable.put(java.lang.Object, java.lang.Object) took 104.416ms
09-16 07:44:30.890   412   691 W dex2oat : Compilation of org.apache.http.HttpResponse org.apache.http.impl.client.DefaultRequestDirector.execute(org.apache.http.HttpHost, org.apache.http.HttpRequest, org.apache.http.protocol.HttpContext) took 120.678ms
09-16 07:44:30.911   412   412 W dex2oat : Skipping class android.hidl.base.V1_0.DebugInfo$Architecture from /system/framework/android.hidl.base-V1.0-java.jar previously found in /system/framework/telephony-common.jar
09-16 07:44:30.912   412   693 W dex2oat : Skipping class android.hidl.base.V1_0.DebugInfo from /system/framework/android.hidl.base-V1.0-java.jar previously found in /system/framework/telephony-common.jar
09-16 07:44:30.912   412   689 W dex2oat : Skipping class android.hidl.base.V1_0.IBase from /system/framework/android.hidl.base-V1.0-java.jar previously found in /system/framework/telephony-common.jar
09-16 07:44:30.912   412   694 W dex2oat : Skipping class android.hidl.base.V1_0.IBase$Proxy from /system/framework/android.hidl.base-V1.0-java.jar previously found in /system/framework/telephony-common.jar
09-16 07:44:30.912   412   692 W dex2oat : Skipping class android.hidl.base.V1_0.IBase$Stub from /system/framework/android.hidl.base-V1.0-java.jar previously found in /system/framework/telephony-common.jar
09-16 07:44:30.921   842   842 F libc    : CANNOT LINK EXECUTABLE "/system/bin/netmgrd": cannot locate symbol "_ZN6google8protobuf2io16CodedInputStream20ReadVarint32FallbackEPj" referenced by "/system/vendor/lib64/libcneapiclient.so"...
09-16 07:44:30.921   842   842 F libc    : Fatal signal 6 (SIGABRT), code -6 in tid 842 (netmgrd)
09-16 07:44:30.974   848   848 I crash_dump64: obtaining output fd from tombstoned
09-16 07:44:30.974   356   356 I /system/bin/tombstoned: received crash request for pid 842
09-16 07:44:30.976   848   848 I crash_dump64: performing dump of process 842 (target tid = 842)
09-16 07:44:30.976   848   848 F DEBUG   : *** *** *** *** *** *** *** *** *** *** *** *** *** *** *** ***
09-16 07:44:30.976   848   848 F DEBUG   : Build fingerprint: 'Wileyfox/Storm/kipper:7.1.1/N6F27C/83dbe1d738:user/release-keys'
09-16 07:44:30.977   848   848 F DEBUG   : Revision: '0'
09-16 07:44:30.977   848   848 F DEBUG   : ABI: 'arm64'
09-16 07:44:30.977   848   848 F DEBUG   : pid: 842, tid: 842, name: netmgrd  >>> /system/bin/netmgrd <<<
09-16 07:44:30.977   848   848 F DEBUG   : signal 6 (SIGABRT), code -6 (SI_TKILL), fault addr --------
09-16 07:44:30.977   848   848 F DEBUG   : Abort message: 'CANNOT LINK EXECUTABLE "/system/bin/netmgrd": cannot locate symbol "_ZN6google8protobuf2io16CodedInputStream20ReadVarint32FallbackEPj" referenced by "/system/vendor/lib64/libcneapiclient.so"...'
09-16 07:44:30.977   848   848 F DEBUG   :     x0   0000000000000000  x1   000000000000034a  x2   0000000000000006  x3   0000000000000008
09-16 07:44:30.977   848   848 F DEBUG   :     x4   0080000000808080  x5   0080000000808080  x6   0080000000808080  x7   0000000000000010
09-16 07:44:30.977   848   848 F DEBUG   :     x8   0000000000000083  x9   c12dc63a7931e484  x10  0000000000000000  x11  0000000000000001
09-16 07:44:30.977   848   848 F DEBUG   :     x12  0000000000000008  x13  0000000000000000  x14  0000000000000000  x15  0036ecd33f773d69
09-16 07:44:30.977   848   848 F DEBUG   :     x16  0000007fc6ffc5af  x17  03c8839227c92de8  x18  00000079f7f31670  x19  000000000000034a
09-16 07:44:30.977   848   848 F DEBUG   :     x20  000000000000034a  x21  00000055853f009b  x22  0000007fc6ffd648  x23  00000055854b1918
09-16 07:44:30.977   848   848 F DEBUG   :     x24  0000007fc6ffe658  x25  00000079f802b280  x26  00000079f802c820  x27  00000079f802c880
09-16 07:44:30.977   848   848 F DEBUG   :     x28  0000007fc6ffe640  x29  0000007fc6ffd210  x30  00000079f7fd34d8
09-16 07:44:30.977   848   848 F DEBUG   :     sp   0000007fc6ffd1d0  pc   00000079f7fe2b5c  pstate 0000000060000000
09-16 07:44:30.983   848   848 F DEBUG   : 
09-16 07:44:30.983   848   848 F DEBUG   : backtrace:
09-16 07:44:30.984   848   848 F DEBUG   :     #00 pc 00000000000a1b5c  /system/bin/linker64 (__dl_tgkill+8)
09-16 07:44:30.984   848   848 F DEBUG   :     #01 pc 00000000000924d4  /system/bin/linker64 (__dl_abort+88)
09-16 07:44:30.984   848   848 F DEBUG   :     #02 pc 00000000000278c4  /system/bin/linker64 (__dl___libc_fatal+116)
09-16 07:44:30.984   848   848 F DEBUG   :     #03 pc 000000000001c280  /system/bin/linker64 (__dl___linker_init+3404)
09-16 07:44:30.984   848   848 F DEBUG   :     #04 pc 00000000000225c8  /system/bin/linker64 (_start+4)
09-16 07:44:31.037   848   848 E crash_dump64: unable to connect to activity manager: No such file or directory
09-16 07:44:31.039   356   356 E /system/bin/tombstoned: Tombstone written to: /data/tombstones//tombstone_08
09-16 07:44:32.720   412   412 I dex2oat : Explicit concurrent copying GC freed 40225(7MB) AllocSpace objects, 0(0B) LOS objects, 59% free, 4MB/10MB, paused 35us total 93.565ms
09-16 07:44:35.913   853   853 F libc    : CANNOT LINK EXECUTABLE "/system/bin/netmgrd": cannot locate symbol "_ZN6google8protobuf2io16CodedInputStream20ReadVarint32FallbackEPj" referenced by "/system/vendor/lib64/libcneapiclient.so"...
09-16 07:44:35.914   853   853 F libc    : Fatal signal 6 (SIGABRT), code -6 in tid 853 (netmgrd)
09-16 07:44:35.940   858   858 I crash_dump64: obtaining output fd from tombstoned
09-16 07:44:35.941   356   356 I /system/bin/tombstoned: received crash request for pid 853
09-16 07:44:35.941   858   858 I crash_dump64: performing dump of process 853 (target tid = 853)
09-16 07:44:35.942   858   858 F DEBUG   : *** *** *** *** *** *** *** *** *** *** *** *** *** *** *** ***
09-16 07:44:35.942   858   858 F DEBUG   : Build fingerprint: 'Wileyfox/Storm/kipper:7.1.1/N6F27C/83dbe1d738:user/release-keys'
09-16 07:44:35.942   858   858 F DEBUG   : Revision: '0'
09-16 07:44:35.942   858   858 F DEBUG   : ABI: 'arm64'
09-16 07:44:35.942   858   858 F DEBUG   : pid: 853, tid: 853, name: netmgrd  >>> /system/bin/netmgrd <<<
09-16 07:44:35.942   858   858 F DEBUG   : signal 6 (SIGABRT), code -6 (SI_TKILL), fault addr --------
09-16 07:44:35.943   858   858 F DEBUG   : Abort message: 'CANNOT LINK EXECUTABLE "/system/bin/netmgrd": cannot locate symbol "_ZN6google8protobuf2io16CodedInputStream20ReadVarint32FallbackEPj" referenced by "/system/vendor/lib64/libcneapiclient.so"...'
09-16 07:44:35.943   858   858 F DEBUG   :     x0   0000000000000000  x1   0000000000000355  x2   0000000000000006  x3   0000000000000008
09-16 07:44:35.943   858   858 F DEBUG   :     x4   0080000000808080  x5   0080000000808080  x6   0080000000808080  x7   0000000000000010
09-16 07:44:35.943   858   858 F DEBUG   :     x8   0000000000000083  x9   51a96f19e5028eb0  x10  0000000000000000  x11  0000000000000001
09-16 07:44:35.943   858   858 F DEBUG   :     x12  0000000000000008  x13  0000000000000000  x14  0000000000000000  x15  0036787c1e65095b
09-16 07:44:35.943   858   858 F DEBUG   :     x16  0000007fd89c79ff  x17  050db41c001b3147  x18  0000007041e32450  x19  0000000000000355
09-16 07:44:35.943   858   858 F DEBUG   :     x20  0000000000000355  x21  0000005564a3109b  x22  0000007fd89c8a98  x23  0000005564af2918
09-16 07:44:35.943   858   858 F DEBUG   :     x24  0000007fd89c9aa8  x25  0000007041f2c280  x26  0000007041f2d820  x27  0000007041f2d880
09-16 07:44:35.943   858   858 F DEBUG   :     x28  0000007fd89c9a90  x29  0000007fd89c8660  x30  0000007041ed44d8
09-16 07:44:35.943   858   858 F DEBUG   :     sp   0000007fd89c8620  pc   0000007041ee3b5c  pstate 0000000060000000
09-16 07:44:35.945   858   858 F DEBUG   : 
09-16 07:44:35.945   858   858 F DEBUG   : backtrace:
09-16 07:44:35.945   858   858 F DEBUG   :     #00 pc 00000000000a1b5c  /system/bin/linker64 (__dl_tgkill+8)
09-16 07:44:35.945   858   858 F DEBUG   :     #01 pc 00000000000924d4  /system/bin/linker64 (__dl_abort+88)
09-16 07:44:35.945   858   858 F DEBUG   :     #02 pc 00000000000278c4  /system/bin/linker64 (__dl___libc_fatal+116)
09-16 07:44:35.945   858   858 F DEBUG   :     #03 pc 000000000001c280  /system/bin/linker64 (__dl___linker_init+3404)
09-16 07:44:35.945   858   858 F DEBUG   :     #04 pc 00000000000225c8  /system/bin/linker64 (_start+4)
09-16 07:44:35.984   858   858 E crash_dump64: unable to connect to activity manager: No such file or directory
09-16 07:44:35.984   356   356 E /system/bin/tombstoned: Tombstone written to: /data/tombstones//tombstone_09
09-16 07:44:38.530   412   412 I dex2oat : dex2oat took 62.663s (139.330s cpu) (threads: 8) arena alloc=23MB (25160400B) java alloc=4MB (4251776B) native alloc=94MB (99346272B) free=9MB (9443488B)
09-16 07:44:38.831   263   263 I SamplingProfilerIntegration: Profiling disabled.
09-16 07:44:38.831   263   263 D Zygote  : begin preload
09-16 07:44:38.831   263   263 I Zygote  : Installing ICU cache reference pinning...
09-16 07:44:38.831   263   263 I Zygote  : Preloading ICU data...
09-16 07:44:38.856   263   263 D Zygote64Timing: BeginIcuCachePinning took to complete: 24ms
09-16 07:44:38.856   263   263 I Zygote  : Preloading classes...
09-16 07:44:39.347   263   263 E ActivityRecognitionHardware: activity_recognition HAL is deprecated. class_init is effectively a no-op
09-16 07:44:39.375   263   263 I zygote64: Thread[1,tid=263,Native,Thread*=0x77cc05aa00,peer=0x12c01c88,"main"] recursive attempt to load library "/system/lib64/libmedia_jni.so"
09-16 07:44:39.375   263   263 D MtpDeviceJNI: register_android_mtp_MtpDevice
09-16 07:44:39.376   263   263 I zygote64: Thread[1,tid=263,Native,Thread*=0x77cc05aa00,peer=0x12c01c88,"main"] recursive attempt to load library "/system/lib64/libmedia_jni.so"
09-16 07:44:39.376   263   263 I zygote64: Thread[1,tid=263,Native,Thread*=0x77cc05aa00,peer=0x12c01c88,"main"] recursive attempt to load library "/system/lib64/libmedia_jni.so"
09-16 07:44:39.378   263   263 F MediaProfiles: frameworks/av/media/libmedia/MediaProfiles.cpp:329 CHECK(quality != -1) failed.
09-16 07:44:39.378   263   263 F libc    : Fatal signal 6 (SIGABRT), code -6 in tid 263 (main)
09-16 07:44:39.409   869   869 F crash_dump64: crash_dump.cpp:279] failed to attach to thread 263: Operation not permitted
09-16 07:44:39.409   356   356 I /system/bin/tombstoned: received crash request for pid 263
09-16 07:44:39.411   263   263 F libc    : crash_dump helper failed to exec
09-16 07:44:39.412   356   356 W /system/bin/tombstoned: crash socket received short read of length 0 (expected 8)
09-16 07:44:39.432   246   246 I ServiceManager: service 'media.audio_flinger' died
09-16 07:44:39.432   246   246 I ServiceManager: service 'media.audio_policy' died
09-16 07:44:39.432   246   246 I ServiceManager: service 'media.aaudio' died
09-16 07:44:39.432   246   246 I ServiceManager: service 'media.radio' died
09-16 07:44:39.432   246   246 I ServiceManager: service 'media.sound_trigger_hw' died
09-16 07:44:39.436   246   246 I ServiceManager: service 'media.camera' died
09-16 07:44:39.440   246   246 I ServiceManager: service 'media.player' died
09-16 07:44:39.440   246   246 I ServiceManager: service 'media.resource_manager' died
09-16 07:44:39.445   246   246 I ServiceManager: service 'netd' died
09-16 07:44:39.451   246   246 I ServiceManager: service 'wificond' died
09-16 07:44:39.459   874   874 W netd    : type=1400 audit(0.0:184): avc: granted { getattr } for path="/vendor" dev="rootfs" ino=2208 scontext=u:r:netd:s0 tcontext=u:object_r:rootfs:s0 tclass=lnk_file
09-16 07:44:39.509   876   876 W iptables-restor: type=1400 audit(0.0:185): avc: granted { getattr } for path="/vendor" dev="rootfs" ino=2208 scontext=u:r:netd:s0 tcontext=u:object_r:rootfs:s0 tclass=lnk_file
09-16 07:44:39.513   874   874 I Netd    : Netd 1.0 starting
09-16 07:44:39.513   874   874 D TetherController: Setting IP forward enable = 0
09-16 07:44:39.519   877   877 W ip6tables-resto: type=1400 audit(0.0:186): avc: granted { getattr } for path="/vendor" dev="rootfs" ino=2208 scontext=u:r:netd:s0 tcontext=u:object_r:rootfs:s0 tclass=lnk_file
09-16 07:44:39.537   875   875 I wificond: wificond is starting up...
09-16 07:44:39.539   878   878 W iptables: type=1400 audit(0.0:187): avc: granted { getattr } for path="/vendor" dev="rootfs" ino=2208 scontext=u:r:netd:s0 tcontext=u:object_r:rootfs:s0 tclass=lnk_file
09-16 07:44:39.559   879   879 W ip6tables: type=1400 audit(0.0:188): avc: granted { getattr } for path="/vendor" dev="rootfs" ino=2208 scontext=u:r:netd:s0 tcontext=u:object_r:rootfs:s0 tclass=lnk_file
09-16 07:44:39.579   880   880 W iptables: type=1400 audit(0.0:189): avc: granted { getattr } for path="/vendor" dev="rootfs" ino=2208 scontext=u:r:netd:s0 tcontext=u:object_r:rootfs:s0 tclass=lnk_file
09-16 07:44:39.599   881   881 W ip6tables: type=1400 audit(0.0:190): avc: granted { getattr } for path="/vendor" dev="rootfs" ino=2208 scontext=u:r:netd:s0 tcontext=u:object_r:rootfs:s0 tclass=lnk_file
09-16 07:44:39.609   882   882 W iptables: type=1400 audit(0.0:191): avc: granted { getattr } for path="/vendor" dev="rootfs" ino=2208 scontext=u:r:netd:s0 tcontext=u:object_r:rootfs:s0 tclass=lnk_file
09-16 07:44:39.629   883   883 W ip6tables: type=1400 audit(0.0:192): avc: granted { getattr } for path="/vendor" dev="rootfs" ino=2208 scontext=u:r:netd:s0 tcontext=u:object_r:rootfs:s0 tclass=lnk_file
09-16 07:44:39.639   884   884 W iptables: type=1400 audit(0.0:193): avc: granted { getattr } for path="/vendor" dev="rootfs" ino=2208 scontext=u:r:netd:s0 tcontext=u:object_r:rootfs:s0 tclass=lnk_file
09-16 07:44:39.659   885   885 W ip6tables: type=1400 audit(0.0:194): avc: granted { getattr } for path="/vendor" dev="rootfs" ino=2208 scontext=u:r:netd:s0 tcontext=u:object_r:rootfs:s0 tclass=lnk_file
09-16 07:44:39.679   886   886 W iptables: type=1400 audit(0.0:195): avc: granted { getattr } for path="/vendor" dev="rootfs" ino=2208 scontext=u:r:netd:s0 tcontext=u:object_r:rootfs:s0 tclass=lnk_file
09-16 07:44:39.699   887   887 W ip6tables: type=1400 audit(0.0:196): avc: granted { getattr } for path="/vendor" dev="rootfs" ino=2208 scontext=u:r:netd:s0 tcontext=u:object_r:rootfs:s0 tclass=lnk_file
09-16 07:44:39.700   871   871 I chatty  : uid=1041(audioserver) /system/bin/audioserver expire 249 lines
09-16 07:44:39.704   247   247 W /system/bin/hwservicemanager: getTransportFromManifest: Cannot find entry android.hardware.audio@2.0::IDevicesFactory in either framework or device manifest, using default transport.
09-16 07:44:39.709   896   896 W iptables: type=1400 audit(0.0:197): avc: granted { getattr } for path="/vendor" dev="rootfs" ino=2208 scontext=u:r:netd:s0 tcontext=u:object_r:rootfs:s0 tclass=lnk_file
09-16 07:44:39.710   247   247 W /system/bin/hwservicemanager: getTransportFromManifest: Cannot find entry android.hardware.audio.effect@2.0::IEffectsFactory in either framework or device manifest, using default transport.
09-16 07:44:39.723   873   873 I mediaserver: ServiceManager: 0xe8b0e540
09-16 07:44:39.724   873   873 W BatteryNotifier: batterystats service unavailable!
09-16 07:44:39.729   898   898 W ip6tables: type=1400 audit(0.0:198): avc: granted { getattr } for path="/vendor" dev="rootfs" ino=2208 scontext=u:r:netd:s0 tcontext=u:object_r:rootfs:s0 tclass=lnk_file
09-16 07:44:39.749   899   899 W iptables: type=1400 audit(0.0:199): avc: granted { getattr } for path="/vendor" dev="rootfs" ino=2208 scontext=u:r:netd:s0 tcontext=u:object_r:rootfs:s0 tclass=lnk_file
09-16 07:44:39.759   900   900 W ip6tables: type=1400 audit(0.0:200): avc: granted { getattr } for path="/vendor" dev="rootfs" ino=2208 scontext=u:r:netd:s0 tcontext=u:object_r:rootfs:s0 tclass=lnk_file
09-16 07:44:39.789   901   901 W iptables-restor: type=1400 audit(0.0:201): avc: granted { getattr } for path="/vendor" dev="rootfs" ino=2208 scontext=u:r:netd:s0 tcontext=u:object_r:rootfs:s0 tclass=lnk_file
09-16 07:44:39.794   874   874 I Netd    : Creating child chains: 276.1ms
09-16 07:44:39.794   874   874 I Netd    : Setting up OEM hooks: 0.2ms
09-16 07:44:39.797   874   874 W IptablesRestoreController: iptables-restore process 876 terminated status=256
09-16 07:44:39.801   874   874 W IptablesRestoreController: iptables-restore process 877 terminated status=256
09-16 07:44:39.809   902   902 W ip6tables-resto: type=1400 audit(0.0:202): avc: granted { getattr } for path="/vendor" dev="rootfs" ino=2208 scontext=u:r:netd:s0 tcontext=u:object_r:rootfs:s0 tclass=lnk_file
09-16 07:44:39.829   903   903 W iptables-restor: type=1400 audit(0.0:209): avc: granted { getattr } for path="/vendor" dev="rootfs" ino=2208 scontext=u:r:netd:s0 tcontext=u:object_r:rootfs:s0 tclass=lnk_file
09-16 07:44:39.835   874   874 W IptablesRestoreController: iptables-restore process 901 terminated status=256
09-16 07:44:39.839   904   904 W ip6tables-resto: type=1400 audit(0.0:210): avc: granted { getattr } for path="/vendor" dev="rootfs" ino=2208 scontext=u:r:netd:s0 tcontext=u:object_r:rootfs:s0 tclass=lnk_file
09-16 07:44:39.839   874   874 W IptablesRestoreController: iptables-restore process 902 terminated status=256
09-16 07:44:39.839   874   874 E IptablesRestoreController: iptables error:
09-16 07:44:39.839   874   874 E IptablesRestoreController: ------- COMMAND -------
09-16 07:44:39.839   874   874 E IptablesRestoreController: *filter
09-16 07:44:39.839   874   874 E IptablesRestoreController: :fw_powersave -
09-16 07:44:39.839   874   874 E IptablesRestoreController: -A fw_powersave -m owner --uid-owner 0-9999 -j RETURN
09-16 07:44:39.839   874   874 E IptablesRestoreController: -A fw_powersave -i lo -j RETURN
09-16 07:44:39.839   874   874 E IptablesRestoreController: -A fw_powersave -o lo -j RETURN
09-16 07:44:39.839   874   874 E IptablesRestoreController: -A fw_powersave -p tcp --tcp-flags RST RST -j RETURN
09-16 07:44:39.839   874   874 E IptablesRestoreController: -A fw_powersave -p icmpv6 --icmpv6-type packet-too-big -j RETURN
09-16 07:44:39.839   874   874 E IptablesRestoreController: -A fw_powersave -p icmpv6 --icmpv6-type router-solicitation -j RETURN
09-16 07:44:39.839   874   874 E IptablesRestoreController: -A fw_powersave -p icmpv6 --icmpv6-type router-advertisement -j RETURN
09-16 07:44:39.839   874   874 E IptablesRestoreController: -A fw_powersave -p icmpv6 --icmpv6-type neighbour-solicitation -j RETURN
09-16 07:44:39.839   874   874 E IptablesRestoreController: -A fw_powersave -p icmpv6 --icmpv6-type neighbour-advertisement -j RETURN
09-16 07:44:39.839   874   874 E IptablesRestoreController: -A fw_powersave -p icmpv6 --icmpv6-type redirect -j RETURN
09-16 07:44:39.839   874   874 E IptablesRestoreController: -A fw_powersave -j DROP
09-16 07:44:39.839   874   874 E IptablesRestoreController: COMMIT
09-16 07:44:39.839   874   874 E IptablesRestoreController: 
09-16 07:44:39.839   874   874 E IptablesRestoreController: -------  ERROR -------
09-16 07:44:39.839   874   874 E IptablesRestoreController: ip6tables-restore: line 21 failed
09-16 07:44:39.839   874   874 E IptablesRestoreController: ----------------------
09-16 07:44:39.839   874   874 I Netd    : Setting up FirewallController hooks: 45.0ms
09-16 07:44:39.868   871   871 I audio_hw_utils: audio_extn_utils_send_app_type_cfg: PLAYBACK  app_type 69936, acdb_dev_id 14, sample_rate 48000
09-16 07:44:39.868   871   871 D audio_hw_primary: enable_audio_route: apply mixer and update path: deep-buffer-playback
09-16 07:44:39.868   871   871 D audio_hw_primary: select_devices: done
09-16 07:44:39.872   871   871 D audio_hw_primary: disable_audio_route: reset and update mixer path: deep-buffer-playback
09-16 07:44:39.872   871   871 D hardware_info: hw_info_append_hw_type : device_name = speaker
09-16 07:44:39.872   871   871 D audio_hw_primary: disable_snd_device: snd_device(2: speaker)
09-16 07:44:39.874   872   872 I cameraserver: ServiceManager: 0xf1e8e4e0
09-16 07:44:39.874   871   871 D audio_hw_primary: select_devices: out_snd_device(2: speaker) in_snd_device(0: )
09-16 07:44:39.874   871   871 W msm8916_platform: Codec backend bitwidth 16, samplerate 48000
09-16 07:44:39.874   871   871 D hardware_info: hw_info_append_hw_type : device_name = speaker
09-16 07:44:39.874   871   871 D audio_hw_primary: enable_snd_device: snd_device(2: speaker)
09-16 07:44:39.874   872   872 I CameraService: CameraService started (pid=872)
09-16 07:44:39.874   872   872 I CameraService: CameraService process starting
09-16 07:44:39.874   872   872 W BatteryNotifier: batterystats service unavailable!
09-16 07:44:39.874   872   872 W BatteryNotifier: batterystats service unavailable!
09-16 07:44:39.875   871   871 W audio_hw_utils: audio_extn_utils_update_stream_app_type_cfg: App type could not be selected. Falling back to default
09-16 07:44:39.875   871   871 I audio_hw_primary: select_devices Selected apptype: 69936
09-16 07:44:39.875   871   871 D ACDB-LOADER: ACDB -> send_audio_cal, acdb_id = 14, path =  0
09-16 07:44:39.875   871   871 D ACDB-LOADER: ACDB -> send_asm_topology
09-16 07:44:39.875   871   871 D ACDB-LOADER: ACDB -> ACDB_CMD_GET_AUDPROC_STREAM_TOPOLOGY_ID
09-16 07:44:39.876   871   871 D ACDB-LOADER: ACDB -> send_adm_topology
09-16 07:44:39.876   871   871 D ACDB-LOADER: ACDB -> ACDB_CMD_GET_AUDPROC_COMMON_TOPOLOGY_ID
09-16 07:44:39.876   871   871 D ACDB-LOADER: ACDB -> send_audtable
09-16 07:44:39.876   871   871 D ACDB-LOADER: ACDB -> ACDB_CMD_GET_AUDPROC_COMMON_TABLE_SIZE
09-16 07:44:39.876   871   871 D ACDB-LOADER: ACDB -> ACDB_CMD_GET_AUDPROC_COMMON_TABLE
09-16 07:44:39.876   871   871 D ACDB-LOADER: ACDB -> AUDIO_SET_AUDPROC_CAL
09-16 07:44:39.876   871   871 D ACDB-LOADER: ACDB -> send_audvoltable
09-16 07:44:39.876   871   871 D ACDB-LOADER: ACDB -> ACDB_CMD_GET_AUDPROC_GAIN_DEP_STEP_TABLE
09-16 07:44:39.876   871   871 D ACDB-LOADER: ACDB -> AUDIO_SET_AUDPROC_VOL_CAL
09-16 07:44:39.876   871   871 D ACDB-LOADER: ACDB -> send_afe_cal
09-16 07:44:39.876   871   871 D ACDB-LOADER: ACDB -> ACDB_CMD_GET_AFE_COMMON_TABLE
09-16 07:44:39.876   871   871 D ACDB-LOADER: ACDB -> AUDIO_SET_AFE_CAL
09-16 07:44:39.876   871   871 D ACDB-LOADER: ACDB -> send_hw_delay : acdb_id = 14 path = 0
09-16 07:44:39.876   871   871 D ACDB-LOADER: ACDB -> ACDB_AVSYNC_INFO: ACDB_CMD_GET_DEVICE_PROPERTY
09-16 07:44:39.876   871   871 I audio_hw_utils: audio_extn_utils_send_app_type_cfg: PLAYBACK  app_type 69936, acdb_dev_id 14, sample_rate 48000
09-16 07:44:39.876   871   871 D audio_hw_primary: enable_audio_route: apply mixer and update path: low-latency-playback
09-16 07:44:39.876   874   874 I Netd    : Setting up NatController hooks: 37.3ms
09-16 07:44:39.877   871   871 D audio_hw_primary: select_devices: done
09-16 07:44:39.877   247   247 W /system/bin/hwservicemanager: getTransportFromManifest: Cannot find entry android.hardware.camera.provider@2.4::ICameraProvider in either framework or device manifest, using default transport.
09-16 07:44:39.879   871   871 D audio_hw_primary: disable_audio_route: reset and update mixer path: low-latency-playback
09-16 07:44:39.879   871   871 D hardware_info: hw_info_append_hw_type : device_name = speaker
09-16 07:44:39.879   871   871 D audio_hw_primary: disable_snd_device: snd_device(2: speaker)
09-16 07:44:39.880   871   871 D audio_hw_primary: select_devices: out_snd_device(0: ) in_snd_device(34: handset-mic)
09-16 07:44:39.880   871   871 D hardware_info: hw_info_append_hw_type : device_name = handset-mic
09-16 07:44:39.880   871   871 D audio_hw_primary: enable_snd_device: snd_device(34: handset-mic)
09-16 07:44:39.881   874   874 I Netd    : Setting up BandwidthController hooks: 4.5ms
09-16 07:44:39.881   874   874 I Netd    : Setting up IdletimerController hooks: 0.1ms
09-16 07:44:39.883   871   871 D ACDB-LOADER: ACDB -> send_audio_cal, acdb_id = 4, path =  1
09-16 07:44:39.883   871   871 D ACDB-LOADER: ACDB -> send_asm_topology
09-16 07:44:39.883   871   871 D ACDB-LOADER: ACDB -> ACDB_CMD_GET_AUDPROC_STREAM_TOPOLOGY_ID
09-16 07:44:39.883   871   871 D ACDB-LOADER: ACDB -> send_adm_topology
09-16 07:44:39.883   871   871 D ACDB-LOADER: ACDB -> ACDB_CMD_GET_AUDPROC_COMMON_TOPOLOGY_ID
09-16 07:44:39.883   871   871 D ACDB-LOADER: ACDB -> send_audtable
09-16 07:44:39.883   871   871 D ACDB-LOADER: ACDB -> ACDB_CMD_GET_AUDPROC_COMMON_TABLE_SIZE
09-16 07:44:39.883   871   871 D ACDB-LOADER: ACDB -> ACDB_CMD_GET_AUDPROC_COMMON_TABLE
09-16 07:44:39.883   871   871 D ACDB-LOADER: ACDB -> AUDIO_SET_AUDPROC_CAL
09-16 07:44:39.883   871   871 D ACDB-LOADER: ACDB -> send_audvoltable
09-16 07:44:39.883   871   871 D ACDB-LOADER: ACDB -> ACDB_CMD_GET_AUDPROC_GAIN_DEP_STEP_TABLE
09-16 07:44:39.883   871   871 D         : Failed to fetch the lookup information of the device 00000004 
09-16 07:44:39.883   871   871 E ACDB-LOADER: Error: ACDB AudProc vol returned = -19
09-16 07:44:39.883   871   871 D ACDB-LOADER: ACDB -> AUDIO_SET_AUDPROC_VOL_CAL
09-16 07:44:39.883   871   871 D ACDB-LOADER: ACDB -> send_afe_cal
09-16 07:44:39.883   871   871 D ACDB-LOADER: ACDB -> ACDB_CMD_GET_AFE_COMMON_TABLE
09-16 07:44:39.883   871   871 D         : Failed to fetch the lookup information of the device 00000004 
09-16 07:44:39.883   871   871 E ACDB-LOADER: Error: ACDB AFE returned = -19
09-16 07:44:39.883   871   871 D ACDB-LOADER: ACDB -> AUDIO_SET_AFE_CAL
09-16 07:44:39.883   871   871 D ACDB-LOADER: ACDB -> send_hw_delay : acdb_id = 4 path = 1
09-16 07:44:39.884   871   871 D ACDB-LOADER: ACDB -> ACDB_AVSYNC_INFO: ACDB_CMD_GET_DEVICE_PROPERTY
09-16 07:44:39.884   871   871 I audio_hw_utils: audio_extn_utils_send_app_type_cfg: CAPTURE  app_type 69938, acdb_dev_id 4, sample_rate 48000
09-16 07:44:39.884   871   871 D audio_hw_primary: enable_audio_route: apply mixer and update path: audio-record
09-16 07:44:39.884   871   871 D audio_hw_primary: select_devices: done
09-16 07:44:39.888   871   871 D audio_hw_primary: disable_audio_route: reset and update mixer path: audio-record
09-16 07:44:39.888   871   871 D hardware_info: hw_info_append_hw_type : device_name = handset-mic
09-16 07:44:39.888   871   871 D audio_hw_primary: disable_snd_device: snd_device(34: handset-mic)
09-16 07:44:39.889   350   350 I chatty  : uid=1006(camera) mm-qcamera-daem expire 1 line
09-16 07:44:39.890   874   874 W IptablesRestoreController: iptables-restore process 903 terminated status=256
09-16 07:44:39.890   874   874 E IptablesRestoreController: iptables error:
09-16 07:44:39.890   874   874 E IptablesRestoreController: ------- COMMAND -------
09-16 07:44:39.890   874   874 E IptablesRestoreController: *filter
09-16 07:44:39.890   874   874 E IptablesRestoreController: -A bw_INPUT -m owner --socket-exists
09-16 07:44:39.890   874   874 E IptablesRestoreController: -A bw_OUTPUT -m owner --socket-exists
