09-16 07:44:44.933  1043  1043 D ACDB-LOADER: ACDB -> send_audvoltable
09-16 07:44:44.933  1043  1043 D ACDB-LOADER: ACDB -> ACDB_CMD_GET_AUDPROC_GAIN_DEP_STEP_TABLE
09-16 07:44:44.933  1043  1043 D         : Failed to fetch the lookup information of the device 00000004 
09-16 07:44:44.933  1043  1043 E ACDB-LOADER: Error: ACDB AudProc vol returned = -19
09-16 07:44:44.933  1043  1043 D ACDB-LOADER: ACDB -> AUDIO_SET_AUDPROC_VOL_CAL
09-16 07:44:44.933  1043  1043 D ACDB-LOADER: ACDB -> send_afe_cal
09-16 07:44:44.933  1043  1043 D ACDB-LOADER: ACDB -> ACDB_CMD_GET_AFE_COMMON_TABLE
09-16 07:44:44.933  1043  1043 D         : Failed to fetch the lookup information of the device 00000004 
09-16 07:44:44.933  1043  1043 E ACDB-LOADER: Error: ACDB AFE returned = -19
09-16 07:44:44.933  1043  1043 D ACDB-LOADER: ACDB -> AUDIO_SET_AFE_CAL
09-16 07:44:44.933  1043  1043 D ACDB-LOADER: ACDB -> send_hw_delay : acdb_id = 4 path = 1
09-16 07:44:44.933  1043  1043 D ACDB-LOADER: ACDB -> ACDB_AVSYNC_INFO: ACDB_CMD_GET_DEVICE_PROPERTY
09-16 07:44:44.933  1043  1043 I audio_hw_utils: audio_extn_utils_send_app_type_cfg: CAPTURE  app_type 69938, acdb_dev_id 4, sample_rate 48000
09-16 07:44:44.933  1043  1043 D audio_hw_primary: enable_audio_route: apply mixer and update path: low-latency-record
09-16 07:44:44.934  1043  1043 D audio_hw_primary: select_devices: done
09-16 07:44:44.937  1043  1043 D audio_hw_primary: disable_audio_route: reset and update mixer path: low-latency-record
09-16 07:44:44.937  1043  1043 D hardware_info: hw_info_append_hw_type : device_name = handset-mic
09-16 07:44:44.937  1043  1043 D audio_hw_primary: disable_snd_device: snd_device(34: handset-mic)
09-16 07:44:44.939  1043  1043 W DeviceHAL: Device 0xe7c4e000 get_master_volume: Function not implemented
09-16 07:44:44.939  1043  1043 W DeviceHAL: Device 0xe7c4e000 get_master_mute: Function not implemented
09-16 07:44:44.939  1043  1043 W DeviceHAL: Device 0xe7c4e000 set_master_volume: Function not implemented
09-16 07:44:44.939  1043  1043 W DeviceHAL: Device 0xe7c4e000 set_master_mute: Function not implemented
09-16 07:44:44.939  1043  1043 I AudioFlinger: loadHwModule() Loaded primary audio interface, handle 10
09-16 07:44:44.939  1043  1043 I AudioFlinger: openOutput() this 0xe7c32000, module 10 Device 2, SamplingRate 48000, Format 0x000001, Channels 3, flags 2
09-16 07:44:44.940  1043  1043 D audio_hw_primary: adev_open_output_stream: enter: sample_rate(48000) channel_mask(0x3) devices(0x2) flags(0x2)        stream_handle(0xe7c45800)
09-16 07:44:44.940  1043  1043 W audio_hw_utils: audio_extn_utils_update_stream_app_type_cfg: App type could not be selected. Falling back to default
09-16 07:44:44.940  1043  1043 D audio_hw_primary: adev_open_output_stream: Stream (0xe7c45800) picks up usecase (deep-buffer-playback)
09-16 07:44:44.940  1043  1043 I AudioFlinger: HAL output buffer size 960 frames, normal sink buffer size 960 frames
09-16 07:44:44.941   247   247 W /system/bin/hwservicemanager: getTransportFromManifest: Cannot find entry android.hardware.audio.effect@2.0::IEffectsFactory in either framework or device manifest, using default transport.
09-16 07:44:44.951  1043  1043 I BufferProvider: found effect "Multichannel Downmix To Stereo" from The Android Open Source Project
09-16 07:44:44.953  1043  1043 I AudioFlinger: Using module 10 as the primary audio interface
09-16 07:44:44.953  1043  1110 I AudioFlinger: AudioFlinger's thread 0xe6883e00 tid=1110 ready to run
09-16 07:44:44.953  1043  1043 W AudioFlinger: moveEffects() bad srcOutput 0
09-16 07:44:44.953  1043  1110 W AudioFlinger: no wake lock to update, system not ready yet
09-16 07:44:44.953  1043  1110 W StreamHAL: Error from HAL stream in function get_presentation_position: Operation not permitted
09-16 07:44:44.953  1043  1110 D audio_hw_primary: out_standby: enter: stream (0xe7c45800) usecase(0: deep-buffer-playback)
09-16 07:44:44.954  1043  1110 W AudioFlinger: no wake lock to update, system not ready yet
09-16 07:44:44.954  1043  1110 D audio_hw_primary: out_set_parameters: enter: usecase(0: deep-buffer-playback) kvpairs: routing=2
09-16 07:44:44.954  1043  1110 W StreamHAL: Error from HAL stream in function get_presentation_position: Operation not permitted
09-16 07:44:44.955  1043  1110 I chatty  : uid=1041(audioserver) /system/bin/audioserver identical 18 lines
09-16 07:44:44.955  1043  1110 W StreamHAL: Error from HAL stream in function get_presentation_position: Operation not permitted
09-16 07:44:44.955  1043  1043 I AudioFlinger: openOutput() this 0xe7c32000, module 10 Device 2, SamplingRate 48000, Format 0x000001, Channels 3, flags 4
09-16 07:44:44.955  1043  1043 D audio_hw_primary: adev_open_output_stream: enter: sample_rate(48000) channel_mask(0x3) devices(0x2) flags(0x4)        stream_handle(0xe7c45980)
09-16 07:44:44.955  1043  1043 W audio_hw_utils: audio_extn_utils_update_stream_app_type_cfg: App type could not be selected. Falling back to default
09-16 07:44:44.955  1043  1043 D audio_hw_primary: adev_open_output_stream: Stream (0xe7c45980) picks up usecase (low-latency-playback)
09-16 07:44:44.955  1043  1043 I AudioFlinger: HAL output buffer size 240 frames, normal sink buffer size 960 frames
09-16 07:44:44.956  1043  1113 I AudioFlinger: AudioFlinger's thread 0xe6383200 tid=1113 ready to run
09-16 07:44:44.956  1043  1113 W AudioFlinger: no wake lock to update, system not ready yet
09-16 07:44:44.956  1043  1113 D audio_hw_primary: out_standby: enter: stream (0xe7c45980) usecase(1: low-latency-playback)
09-16 07:44:44.956  1043  1113 W AudioFlinger: no wake lock to update, system not ready yet
09-16 07:44:44.956  1043  1113 D audio_hw_primary: out_set_parameters: enter: usecase(1: low-latency-playback) kvpairs: routing=2
09-16 07:44:44.957  1043  1043 D audio_hw_primary: adev_open_input_stream: enter: sample_rate(48000) channel_mask(0xc) devices(0x80000004)        stream_handle(0xe7c2fc80) io_handle(14)
09-16 07:44:44.958  1043  1043 E audio_hw_extn: audio_extn_perf_lock_init: Perf lock handles Success 
09-16 07:44:44.958  1043  1115 I AudioFlinger: AudioFlinger's thread 0xe5f03640 tid=1115 ready to run
09-16 07:44:44.958  1043  1043 D audio_hw_primary: adev_close_input_stream: enter:stream_handle(0xe7c2fc80)
09-16 07:44:44.958  1043  1043 D audio_hw_primary: in_standby: enter: stream (0xe7c2fc80) usecase(7: audio-record)
09-16 07:44:44.965  1043  1110 W StreamHAL: Error from HAL stream in function get_presentation_position: Operation not permitted
09-16 07:44:44.966  1043  1043 I bt_a2dp_hw: adev_open:  adev_open in A2dp_hw module
09-16 07:44:44.966  1043  1043 I AudioFlinger: loadHwModule() Loaded a2dp audio interface, handle 18
09-16 07:44:44.967  1043  1043 I vndksupport: sphal namespace is not configured for this process. Loading /vendor/lib/hw/audio.usb.default.so from the current namespace instead.
09-16 07:44:44.968  1043  1043 I AudioFlinger: loadHwModule() Loaded usb audio interface, handle 26
09-16 07:44:44.968  1043  1043 I vndksupport: sphal namespace is not configured for this process. Loading /vendor/lib/hw/audio.r_submix.default.so from the current namespace instead.
09-16 07:44:44.969  1043  1043 I r_submix: adev_open(name=audio_hw_if)
09-16 07:44:44.970  1043  1043 I r_submix: adev_init_check()
09-16 07:44:44.970  1043  1043 W DeviceHAL: Device 0xe7060c00 set_master_mute: Function not implemented
09-16 07:44:44.970  1043  1043 I AudioFlinger: loadHwModule() Loaded r_submix audio interface, handle 34
09-16 07:44:44.970  1043  1043 D r_submix: adev_open_input_stream(addr=0)
09-16 07:44:44.970  1043  1043 D r_submix: submix_audio_device_create_pipe_l(addr=0, idx=9)
09-16 07:44:44.970  1043  1043 D r_submix:   now using address 0 for route 9
09-16 07:44:44.970  1043  1119 I AudioFlinger: AudioFlinger's thread 0xe5f037c0 tid=1119 ready to run
09-16 07:44:44.971  1043  1043 D r_submix: adev_close_input_stream()
09-16 07:44:44.971  1043  1043 D r_submix: submix_audio_device_release_pipe_l(idx=9) addr=0
09-16 07:44:44.971  1043  1043 D r_submix: submix_audio_device_destroy_pipe_l(): pipe destroyed
09-16 07:44:44.972  1043  1043 I RadioService: RadioService
09-16 07:44:44.972  1043  1043 I RadioService: onFirstRef
09-16 07:44:44.973   247   247 W /system/bin/hwservicemanager: getTransportFromManifest: Cannot find entry android.hardware.broadcastradio@1.0::IBroadcastRadioFactory in either framework or device manifest, using default transport.
09-16 07:44:44.976  1043  1110 W StreamHAL: Error from HAL stream in function get_presentation_position: Operation not permitted
09-16 07:44:44.976  1043  1043 I BroadcastRadio: onFirstRef mClassId 0
09-16 07:44:44.976  1043  1043 I BroadcastRadio: onFirstRef RADIO_HARDWARE_MODULE_ID radio fm
09-16 07:44:44.976  1043  1043 E BroadcastRadio: couldn't load radio module radio.fm (No such file or directory)
09-16 07:44:44.977  1043  1043 E RadioService: could not read implementation properties
09-16 07:44:44.978   247   247 W /system/bin/hwservicemanager: getTransportFromManifest: Cannot find entry android.hardware.soundtrigger@2.0::ISoundTriggerHw in either framework or device manifest, using default transport.
09-16 07:44:44.981  1043  1043 E SoundTriggerHalImpl: couldn't load sound trigger module sound_trigger.primary (No such file or directory)
09-16 07:44:44.982  1043  1043 I SoundTriggerHalHidl: getProperties res implementor 
09-16 07:44:44.982  1043  1043 I SoundTriggerHalHidl: getProperties ret -19
09-16 07:44:44.982  1043  1043 E SoundTriggerHwService: could not read implementation properties
09-16 07:44:44.986  1043  1110 W StreamHAL: Error from HAL stream in function get_presentation_position: Operation not permitted
09-16 07:44:44.996  1043  1110 W StreamHAL: Error from HAL stream in function get_presentation_position: Operation not permitted
09-16 07:44:45.057  1043  1110 W StreamHAL: Error from HAL stream in function get_presentation_position: Operation not permitted
09-16 07:44:45.061   350   350 I chatty  : uid=1006(camera) mm-qcamera-daem expire 9 lines
09-16 07:44:45.063   350  1125 I chatty  : uid=1006(camera) mm-qcamera-daem expire 6 lines
09-16 07:44:45.063  1044  1044 E mm-camera-intf: mm_camera_open:  opened, break out while loop
09-16 07:44:45.064  1044  1044 D QCameraHWI_Mem: traceLogAllocStart : alloc E count=1 size=7192
09-16 07:44:45.064  1044  1044 D QCameraHWI_Mem: traceLogAllocStart : alloc E count=1 size=7192
09-16 07:44:45.064  1044  1044 D QCameraHWI_Mem:  traceLogAllocEnd : X
09-16 07:44:45.064  1044  1044 D QCameraHWI_Mem:  traceLogAllocEnd : X
09-16 07:44:45.065  1044  1044 D QCamera2HWI: openCamera: enable_4k2k is 0
09-16 07:44:45.067  1043  1110 W StreamHAL: Error from HAL stream in function get_presentation_position: Operation not permitted
09-16 07:44:45.068  1044  1044 E qomx_image_core: OMX_Init:94] Complete 2
09-16 07:44:45.069  1044  1044 D QCameraHWI_Mem: traceLogAllocStart : alloc E count=1 size=1048576
09-16 07:44:45.069  1044  1044 E QCameraHWI_Mem: traceLogAllocStart:HeapMemsize 1048576
09-16 07:44:45.069  1044  1044 D QCameraHWI_Mem: traceLogAllocStart : alloc E count=1 size=1048576
09-16 07:44:45.069  1044  1044 E QCameraHWI_Mem: traceLogAllocStart:Memsize 1048576
09-16 07:44:45.069  1044  1044 D QCameraHWI_Mem:  traceLogAllocEnd : X
09-16 07:44:45.069  1044  1044 E QCameraHWI_Mem: traceLogAllocEnd 1048576
09-16 07:44:45.070  1044  1044 D QCameraHWI_Mem:  traceLogAllocEnd : X
09-16 07:44:45.070  1044  1044 E QCameraHWI_Mem: traceLogAllocEnd 1048576
09-16 07:44:45.074  1044  1044 I Thermal-Lib: Thermal-Lib-Client: Registraion successful for camera with handle:1
09-16 07:44:45.074  1044  1044 I Thermal-Lib: Thermal-Lib-Client: Registraion successful for camcorder with handle:2
09-16 07:44:45.074   328   389 I ThermalEngine: Thermal-Server: Adding thermal event listener on fd 43
09-16 07:44:45.074  1044  1132 I Thermal-Lib: Thermal-Lib-Client: Client received msg camera 0
09-16 07:44:45.076  1044  1132 I Thermal-Lib: Thermal-Lib-Client: Client received msg camcorder 0
09-16 07:44:45.077  1044  1044 I CamDev@1.0-impl: Closing camera 0
09-16 07:44:45.078  1043  1110 W StreamHAL: Error from HAL stream in function get_presentation_position: Operation not permitted
09-16 07:44:45.078  1044  1044 E qomx_image_core: OMX_Deinit:118] Complete
09-16 07:44:45.079  1044  1044 E QCameraPostProc: deinit: Jpeg closed, rc = 0, mJpegClientHandle = 100
09-16 07:44:45.079  1044  1044 I Thermal-Lib: Thermal-Lib-Client: Unregisteration is successfull for handle:1
09-16 07:44:45.079   328   389 I ThermalEngine: Thermal-Server: removing client on fd 43
09-16 07:44:45.080  1044  1044 I Thermal-Lib: Thermal-Lib-Client: Unregisteration is successfull for handle:2
09-16 07:44:45.081  1044  1044 I CameraProviderManager: Enumerating new camera device: device@1.0/legacy/1
09-16 07:44:45.081   350  1134 I chatty  : uid=1006(camera) mm-qcamera-daem expire 5 lines
09-16 07:44:45.081   307   307 I MSM-irqbalance: Decided to move IRQ82 from CPU5 to CPU4
09-16 07:44:45.082   350  1135 I chatty  : uid=1006(camera) mm-qcamera-daem expire 3 lines
09-16 07:44:45.083  1044  1044 I CamDev@1.0-impl: Opening camera 1
09-16 07:44:45.083  1044  1044 I QCamera2HWI: getLogLevel gCamHalLogLevel=0
09-16 07:44:45.084  1044  1044 I vndksupport: sphal namespace is not configured for this process. Loading /vendor/lib/hw/power.msm8916.so from the current namespace instead.
09-16 07:44:45.084  1044  1044 E mm-camera-intf: mm_camera_open: dev name = /dev/video2, cam_idx = 2
09-16 07:44:45.084   350  1136 I chatty  : uid=1006(camera) mm-qcamera-daem expire 3 lines
09-16 07:44:45.085   350  1140 I chatty  : uid=1006(camera) mm-qcamera-daem expire 7 lines
09-16 07:44:45.087   350  1141 I chatty  : uid=1006(camera) mm-qcamera-daem expire 7 lines
09-16 07:44:45.088  1043  1110 W StreamHAL: Error from HAL stream in function get_presentation_position: Operation not permitted
09-16 07:44:45.088   350  1142 I chatty  : uid=1006(camera) mm-qcamera-daem expire 3 lines
09-16 07:44:45.098  1043  1110 W StreamHAL: Error from HAL stream in function get_presentation_position: Operation not permitted
09-16 07:44:45.139  1043  1110 W StreamHAL: Error from HAL stream in function get_presentation_position: Operation not permitted
09-16 07:44:45.143   350  1124 I chatty  : uid=1006(camera) mm-qcamera-daem expire 1 line
09-16 07:44:45.146   350  1143 I chatty  : uid=1006(camera) mm-qcamera-daem expire 150 lines
09-16 07:44:45.147   350  1144 I chatty  : uid=1006(camera) mm-qcamera-daem expire 1 line
09-16 07:44:45.147   350  1145 I chatty  : uid=1006(camera) mm-qcamera-daem expire 3 lines
09-16 07:44:45.148   350  1146 I chatty  : uid=1006(camera) mm-qcamera-daem expire 4 lines
09-16 07:44:45.149  1043  1110 W StreamHAL: Error from HAL stream in function get_presentation_position: Operation not permitted
09-16 07:44:45.149   350  1147 I chatty  : uid=1006(camera) mm-qcamera-daem expire 2 lines
09-16 07:44:45.151   350  1148 I chatty  : uid=1006(camera) mm-qcamera-daem expire 2 lines
09-16 07:44:45.151   350  1150 I chatty  : uid=1006(camera) mm-qcamera-daem expire 1 line
09-16 07:44:45.152   350  1151 I chatty  : uid=1006(camera) mm-qcamera-daem expire 1 line
09-16 07:44:45.159  1043  1110 W StreamHAL: Error from HAL stream in function get_presentation_position: Operation not permitted
09-16 07:44:45.161   350  1143 I chatty  : uid=1006(camera) mm-qcamera-daem expire 375 lines
09-16 07:44:45.169  1043  1110 W StreamHAL: Error from HAL stream in function get_presentation_position: Operation not permitted
09-16 07:44:45.180  1043  1110 I chatty  : uid=1041(audioserver) /system/bin/audioserver identical 24 lines
09-16 07:44:45.190  1043  1110 W StreamHAL: Error from HAL stream in function get_presentation_position: Operation not permitted
09-16 07:44:45.193   350  1147 I chatty  : uid=1006(camera) mm-qcamera-daem expire 3 lines
09-16 07:44:45.194   350  1155 I chatty  : uid=1006(camera) mm-qcamera-daem expire 2 lines
09-16 07:44:45.196   350  1154 I chatty  : uid=1006(camera) mm-qcamera-daem expire 2 lines
09-16 07:44:45.200  1043  1110 W StreamHAL: Error from HAL stream in function get_presentation_position: Operation not permitted
09-16 07:44:45.231  1043  1110 W StreamHAL: Error from HAL stream in function get_presentation_position: Operation not permitted
09-16 07:44:45.234  1042  1042 D AndroidRuntime: >>>>>> START com.android.internal.os.ZygoteInit uid 0 <<<<<<
09-16 07:44:45.241  1042  1042 I zygote64: option[0]=-Xzygote
09-16 07:44:45.241  1042  1042 I zygote64: option[1]=-Xstacktracefile:/data/anr/traces.txt
09-16 07:44:45.241  1042  1042 I zygote64: option[2]=exit
09-16 07:44:45.241  1042  1042 I zygote64: option[3]=vfprintf
09-16 07:44:45.241  1042  1042 I zygote64: option[4]=sensitiveThread
09-16 07:44:45.241  1043  1110 W StreamHAL: Error from HAL stream in function get_presentation_position: Operation not permitted
09-16 07:44:45.241  1042  1042 I zygote64: option[5]=-verbose:gc
09-16 07:44:45.241  1042  1042 I zygote64: option[6]=-Xms16m
09-16 07:44:45.241  1042  1042 I zygote64: option[7]=-Xmx512m
09-16 07:44:45.241  1042  1042 I zygote64: option[8]=-XX:HeapGrowthLimit=192m
09-16 07:44:45.241  1042  1042 I zygote64: option[9]=-XX:HeapMinFree=2m
09-16 07:44:45.241  1042  1042 I zygote64: option[10]=-XX:HeapMaxFree=8m
09-16 07:44:45.241  1042  1042 I zygote64: option[11]=-XX:HeapTargetUtilization=0.75
09-16 07:44:45.241  1042  1042 I zygote64: option[12]=-Xusejit:true
09-16 07:44:45.241  1042  1042 I zygote64: option[13]=-Xjitsaveprofilinginfo
09-16 07:44:45.241  1042  1042 I zygote64: option[14]=-agentlib:jdwp=transport=dt_android_adb,suspend=n,server=y
09-16 07:44:45.241  1042  1042 I zygote64: option[15]=-Xlockprofthreshold:500
09-16 07:44:45.241  1042  1042 I zygote64: option[16]=-Ximage-compiler-option
09-16 07:44:45.241  1042  1042 I zygote64: option[17]=--runtime-arg
09-16 07:44:45.241  1042  1042 I zygote64: option[18]=-Ximage-compiler-option
09-16 07:44:45.241  1042  1042 I zygote64: option[19]=-Xms64m
09-16 07:44:45.241  1042  1042 I zygote64: option[20]=-Ximage-compiler-option
09-16 07:44:45.241  1042  1042 I zygote64: option[21]=--runtime-arg
09-16 07:44:45.241  1042  1042 I zygote64: option[22]=-Ximage-compiler-option
09-16 07:44:45.241  1042  1042 I zygote64: option[23]=-Xmx64m
09-16 07:44:45.241  1042  1042 I zygote64: option[24]=-Ximage-compiler-option
09-16 07:44:45.241  1042  1042 I zygote64: option[25]=--image-classes=/system/etc/preloaded-classes
09-16 07:44:45.241  1042  1042 I zygote64: option[26]=-Ximage-compiler-option
09-16 07:44:45.241  1042  1042 I zygote64: option[27]=--compiled-classes=/system/etc/compiled-classes
09-16 07:44:45.241  1042  1042 I zygote64: option[28]=-Xcompiler-option
09-16 07:44:45.242  1042  1042 I zygote64: option[29]=--runtime-arg
09-16 07:44:45.242  1042  1042 I zygote64: option[30]=-Xcompiler-option
09-16 07:44:45.242  1042  1042 I zygote64: option[31]=-Xms64m
09-16 07:44:45.242  1042  1042 I zygote64: option[32]=-Xcompiler-option
09-16 07:44:45.242  1042  1042 I zygote64: option[33]=--runtime-arg
09-16 07:44:45.242  1042  1042 I zygote64: option[34]=-Xcompiler-option
09-16 07:44:45.242  1042  1042 I zygote64: option[35]=-Xmx512m
09-16 07:44:45.242  1042  1042 I zygote64: option[36]=-Ximage-compiler-option
09-16 07:44:45.242  1042  1042 I zygote64: option[37]=--instruction-set-variant=cortex-a53
09-16 07:44:45.242  1042  1042 I zygote64: option[38]=-Xcompiler-option
09-16 07:44:45.242  1042  1042 I zygote64: option[39]=--instruction-set-variant=cortex-a53
09-16 07:44:45.242  1042  1042 I zygote64: option[40]=-Ximage-compiler-option
09-16 07:44:45.242  1042  1042 I zygote64: option[41]=--instruction-set-features=default
09-16 07:44:45.242  1042  1042 I zygote64: option[42]=-Xcompiler-option
09-16 07:44:45.242  1042  1042 I zygote64: option[43]=--instruction-set-features=default
09-16 07:44:45.242  1042  1042 I zygote64: option[44]=-Duser.locale=en-US
09-16 07:44:45.242  1042  1042 I zygote64: option[45]=--cpu-abilist=arm64-v8a
09-16 07:44:45.242  1042  1042 I zygote64: option[46]=-Xfingerprint:Wileyfox/Storm/kipper:7.1.1/N6F27C/83dbe1d738:user/release-keys
09-16 07:44:45.251  1043  1110 W StreamHAL: Error from HAL stream in function get_presentation_position: Operation not permitted
09-16 07:44:45.394  1043  1110 W StreamHAL: Error from HAL stream in function get_presentation_position: Operation not permitted
09-16 07:44:45.405  1043  1110 W StreamHAL: Error from HAL stream in function get_presentation_position: Operation not permitted
09-16 07:44:45.408  1042  1042 I SamplingProfilerIntegration: Profiling disabled.
09-16 07:44:45.408  1042  1042 D Zygote  : begin preload
09-16 07:44:45.408  1042  1042 I Zygote  : Installing ICU cache reference pinning...
09-16 07:44:45.408  1042  1042 I Zygote  : Preloading ICU data...
09-16 07:44:45.415  1043  1110 W StreamHAL: Error from HAL stream in function get_presentation_position: Operation not permitted
09-16 07:44:45.421  1042  1042 D Zygote64Timing: BeginIcuCachePinning took to complete: 13ms
09-16 07:44:45.422  1042  1042 I Zygote  : Preloading classes...
09-16 07:44:45.425  1043  1110 W StreamHAL: Error from HAL stream in function get_presentation_position: Operation not permitted
09-16 07:44:45.486  1043  1110 W StreamHAL: Error from HAL stream in function get_presentation_position: Operation not permitted
09-16 07:44:45.494   350   350 I chatty  : uid=1006(camera) mm-qcamera-daem expire 9 lines
09-16 07:44:45.494   350  1161 I chatty  : uid=1006(camera) mm-qcamera-daem expire 6 lines
09-16 07:44:45.494  1044  1044 E mm-camera-intf: mm_camera_open:  opened, break out while loop
09-16 07:44:45.495  1044  1044 D QCameraHWI_Mem: traceLogAllocStart : alloc E count=1 size=7192
09-16 07:44:45.495  1044  1044 D QCameraHWI_Mem: traceLogAllocStart : alloc E count=1 size=7192
09-16 07:44:45.495  1044  1044 D QCameraHWI_Mem:  traceLogAllocEnd : X
09-16 07:44:45.495  1044  1044 D QCameraHWI_Mem:  traceLogAllocEnd : X
09-16 07:44:45.496  1044  1044 D QCamera2HWI: openCamera: enable_4k2k is 0
09-16 07:44:45.496  1043  1110 W StreamHAL: Error from HAL stream in function get_presentation_position: Operation not permitted
09-16 07:44:45.500  1044  1044 E qomx_image_core: OMX_Init:94] Complete 2
09-16 07:44:45.502  1044  1044 D QCameraHWI_Mem: traceLogAllocStart : alloc E count=1 size=1048576
09-16 07:44:45.502  1044  1044 E QCameraHWI_Mem: traceLogAllocStart:HeapMemsize 1048576
09-16 07:44:45.502  1044  1044 D QCameraHWI_Mem: traceLogAllocStart : alloc E count=1 size=1048576
09-16 07:44:45.502  1044  1044 E QCameraHWI_Mem: traceLogAllocStart:Memsize 1048576
09-16 07:44:45.502  1044  1044 D QCameraHWI_Mem:  traceLogAllocEnd : X
09-16 07:44:45.502  1044  1044 E QCameraHWI_Mem: traceLogAllocEnd 1048576
09-16 07:44:45.502  1044  1044 D QCameraHWI_Mem:  traceLogAllocEnd : X
09-16 07:44:45.502  1044  1044 E QCameraHWI_Mem: traceLogAllocEnd 1048576
09-16 07:44:45.507  1043  1110 W StreamHAL: Error from HAL stream in function get_presentation_position: Operation not permitted
09-16 07:44:45.507  1044  1044 I Thermal-Lib: Thermal-Lib-Client: Registraion successful for camera with handle:1
09-16 07:44:45.507  1044  1044 I Thermal-Lib: Thermal-Lib-Client: Registraion successful for camcorder with handle:2
09-16 07:44:45.507   328   389 I ThermalEngine: Thermal-Server: Adding thermal event listener on fd 43
09-16 07:44:45.508  1044  1168 I Thermal-Lib: Thermal-Lib-Client: Client received msg camera 0
09-16 07:44:45.510  1044  1168 I Thermal-Lib: Thermal-Lib-Client: Client received msg camcorder 0
09-16 07:44:45.511  1044  1044 I CamDev@1.0-impl: Closing camera 1
09-16 07:44:45.513  1044  1044 E qomx_image_core: OMX_Deinit:118] Complete
09-16 07:44:45.514  1044  1044 E QCameraPostProc: deinit: Jpeg closed, rc = 0, mJpegClientHandle = 200
09-16 07:44:45.514  1044  1044 I Thermal-Lib: Thermal-Lib-Client: Unregisteration is successfull for handle:1
09-16 07:44:45.514   328   389 I ThermalEngine: Thermal-Server: removing client on fd 43
09-16 07:44:45.514  1044  1044 I Thermal-Lib: Thermal-Lib-Client: Unregisteration is successfull for handle:2
09-16 07:44:45.516  1044  1044 I CameraProviderManager: Camera provider legacy/0 ready with 2 camera devices
09-16 07:44:45.516  1044  1044 I CameraHardwareInterface: Opening camera 0
09-16 07:44:45.516   350  1170 I chatty  : uid=1006(camera) mm-qcamera-daem expire 5 lines
09-16 07:44:45.516  1044  1044 I CamDev@1.0-impl: Opening camera 0
09-16 07:44:45.516   350  1172 I chatty  : uid=1006(camera) mm-qcamera-daem expire 3 lines
09-16 07:44:45.516   350  1173 I chatty  : uid=1006(camera) mm-qcamera-daem expire 3 lines
09-16 07:44:45.517  1044  1044 I QCamera2HWI: getLogLevel gCamHalLogLevel=0
09-16 07:44:45.517  1044  1044 I vndksupport: sphal namespace is not configured for this process. Loading /vendor/lib/hw/power.msm8916.so from the current namespace instead.
09-16 07:44:45.517  1043  1110 W StreamHAL: Error from HAL stream in function get_presentation_position: Operation not permitted
09-16 07:44:45.518  1044  1044 E mm-camera-intf: mm_camera_open: dev name = /dev/video1, cam_idx = 1
09-16 07:44:45.518   350  1175 I chatty  : uid=1006(camera) mm-qcamera-daem expire 7 lines
09-16 07:44:45.521   350  1177 I chatty  : uid=1006(camera) mm-qcamera-daem expire 7 lines
09-16 07:44:45.522   350  1178 I chatty  : uid=1006(camera) mm-qcamera-daem expire 3 lines
09-16 07:44:45.527  1043  1110 W StreamHAL: Error from HAL stream in function get_presentation_position: Operation not permitted
09-16 07:44:45.568  1043  1110 W StreamHAL: Error from HAL stream in function get_presentation_position: Operation not permitted
09-16 07:44:45.575   350  1160 I chatty  : uid=1006(camera) mm-qcamera-daem expire 1 line
09-16 07:44:45.578  1043  1110 W StreamHAL: Error from HAL stream in function get_presentation_position: Operation not permitted
09-16 07:44:45.579   350  1179 I chatty  : uid=1006(camera) mm-qcamera-daem expire 60 lines
09-16 07:44:45.580   350  1180 I chatty  : uid=1006(camera) mm-qcamera-daem expire 1 line
09-16 07:44:45.580   350  1181 I chatty  : uid=1006(camera) mm-qcamera-daem expire 3 lines
09-16 07:44:45.582   350  1182 I chatty  : uid=1006(camera) mm-qcamera-daem expire 4 lines
09-16 07:44:45.584   350  1183 I chatty  : uid=1006(camera) mm-qcamera-daem expire 1 line
09-16 07:44:45.585   350  1184 I chatty  : uid=1006(camera) mm-qcamera-daem expire 2 lines
09-16 07:44:45.586   350  1185 I chatty  : uid=1006(camera) mm-qcamera-daem expire 1 line
09-16 07:44:45.587   350  1186 I chatty  : uid=1006(camera) mm-qcamera-daem expire 2 lines
09-16 07:44:45.588  1043  1110 W StreamHAL: Error from HAL stream in function get_presentation_position: Operation not permitted
09-16 07:44:45.596   350  1179 I chatty  : uid=1006(camera) mm-qcamera-daem expire 1097 lines
09-16 07:44:45.600  1043  1110 W StreamHAL: Error from HAL stream in function get_presentation_position: Operation not permitted
09-16 07:44:45.610  1043  1110 W StreamHAL: Error from HAL stream in function get_presentation_position: Operation not permitted
09-16 07:44:45.621  1043  1110 W StreamHAL: Error from HAL stream in function get_presentation_position: Operation not permitted
09-16 07:44:45.631  1043  1110 W StreamHAL: Error from HAL stream in function get_presentation_position: Operation not permitted
09-16 07:44:45.633   350  1184 I chatty  : uid=1006(camera) mm-qcamera-daem expire 3 lines
09-16 07:44:45.634   350  1190 I chatty  : uid=1006(camera) mm-qcamera-daem expire 1 line
09-16 07:44:45.636   350  1191 I chatty  : uid=1006(camera) mm-qcamera-daem expire 1 line
09-16 07:44:45.641  1043  1110 W StreamHAL: Error from HAL stream in function get_presentation_position: Operation not permitted
09-16 07:44:45.661  1043  1110 I chatty  : uid=1041(audioserver) /system/bin/audioserver identical 2 lines
09-16 07:44:45.671  1043  1110 W StreamHAL: Error from HAL stream in function get_presentation_position: Operation not permitted
09-16 07:44:45.678  1042  1042 E ActivityRecognitionHardware: activity_recognition HAL is deprecated. class_init is effectively a no-op
09-16 07:44:45.682  1043  1110 W StreamHAL: Error from HAL stream in function get_presentation_position: Operation not permitted
09-16 07:44:45.692  1043  1110 W StreamHAL: Error from HAL stream in function get_presentation_position: Operation not permitted
09-16 07:44:45.694  1042  1042 I zygote64: Thread[1,tid=1042,Native,Thread*=0x7bd6a5aa00,peer=0x12c01c88,"main"] recursive attempt to load library "/system/lib64/libmedia_jni.so"
09-16 07:44:45.694  1042  1042 D MtpDeviceJNI: register_android_mtp_MtpDevice
09-16 07:44:45.695  1042  1042 I zygote64: Thread[1,tid=1042,Native,Thread*=0x7bd6a5aa00,peer=0x12c01c88,"main"] recursive attempt to load library "/system/lib64/libmedia_jni.so"
09-16 07:44:45.695  1042  1042 I zygote64: Thread[1,tid=1042,Native,Thread*=0x7bd6a5aa00,peer=0x12c01c88,"main"] recursive attempt to load library "/system/lib64/libmedia_jni.so"
09-16 07:44:45.696  1042  1042 F MediaProfiles: frameworks/av/media/libmedia/MediaProfiles.cpp:329 CHECK(quality != -1) failed.
09-16 07:44:45.696  1042  1042 F libc    : Fatal signal 6 (SIGABRT), code -6 in tid 1042 (main)
09-16 07:44:45.699   350  1179 I chatty  : uid=1006(camera) mm-qcamera-daem expire 7 lines
09-16 07:44:45.702  1043  1110 W StreamHAL: Error from HAL stream in function get_presentation_position: Operation not permitted
09-16 07:44:45.712  1043  1110 I chatty  : uid=1041(audioserver) /system/bin/audioserver identical 1 line
09-16 07:44:45.722  1043  1110 W StreamHAL: Error from HAL stream in function get_presentation_position: Operation not permitted
09-16 07:44:45.726  1194  1194 F crash_dump64: crash_dump.cpp:279] failed to attach to thread 1042: Operation not permitted
09-16 07:44:45.726   356   356 I /system/bin/tombstoned: received crash request for pid 1042
09-16 07:44:45.728  1042  1042 F libc    : crash_dump helper failed to exec
09-16 07:44:45.733  1043  1110 W StreamHAL: Error from HAL stream in function get_presentation_position: Operation not permitted
09-16 07:44:45.742   356   356 W /system/bin/tombstoned: crash socket received short read of length 0 (expected 8)
09-16 07:44:45.743  1043  1110 W StreamHAL: Error from HAL stream in function get_presentation_position: Operation not permitted
09-16 07:44:45.750   246   246 I ServiceManager: service 'media.audio_flinger' died
09-16 07:44:45.750   246   246 I ServiceManager: service 'media.audio_policy' died
09-16 07:44:45.750   246   246 I ServiceManager: service 'media.aaudio' died
09-16 07:44:45.750   246   246 I ServiceManager: service 'media.radio' died
09-16 07:44:45.750   246   246 I ServiceManager: service 'media.sound_trigger_hw' died
09-16 07:44:45.776   350   350 I chatty  : uid=1006(camera) mm-qcamera-daem expire 2 lines
09-16 07:44:45.776   350  1197 I chatty  : uid=1006(camera) mm-qcamera-daem expire 2 lines
09-16 07:44:45.781   350  1199 I chatty  : uid=1006(camera) mm-qcamera-daem expire 4 lines
09-16 07:44:45.783   350  1200 I chatty  : uid=1006(camera) mm-qcamera-daem expire 3 lines
09-16 07:44:45.783   246   246 I ServiceManager: service 'media.player' died
09-16 07:44:45.783   246   246 I ServiceManager: service 'media.resource_manager' died
09-16 07:44:45.783   350  1201 I chatty  : uid=1006(camera) mm-qcamera-daem expire 3 lines
09-16 07:44:45.784   350  1202 I chatty  : uid=1006(camera) mm-qcamera-daem expire 2 lines
09-16 07:44:45.785   350  1203 I chatty  : uid=1006(camera) mm-qcamera-daem expire 3 lines
09-16 07:44:45.785   350  1190 I chatty  : uid=1006(camera) mm-qcamera-daem expire 1 line
09-16 07:44:45.786   350  1202 I chatty  : uid=1006(camera) mm-qcamera-daem expire 5 lines
09-16 07:44:45.788   246   246 I ServiceManager: service 'netd' died
09-16 07:44:45.788   350  1204 I chatty  : uid=1006(camera) mm-qcamera-daem expire 2 lines
09-16 07:44:45.788   350   350 I chatty  : uid=1006(camera) mm-qcamera-daem expire 3 lines
09-16 07:44:45.788   350  1203 I chatty  : uid=1006(camera) mm-qcamera-daem expire 2 lines
09-16 07:44:45.788   350  1191 I chatty  : uid=1006(camera) mm-qcamera-daem expire 1 line
09-16 07:44:45.788   350  1204 I chatty  : uid=1006(camera) mm-qcamera-daem expire 1 line
09-16 07:44:45.789   350   350 I chatty  : uid=1006(camera) mm-qcamera-daem expire 1 line
09-16 07:44:45.789   350  1203 I chatty  : uid=1006(camera) mm-qcamera-daem expire 2 lines
09-16 07:44:45.789   350   350 I chatty  : uid=1006(camera) mm-qcamera-daem expire 2 lines
09-16 07:44:45.792   246   246 I ServiceManager: service 'wificond' died
09-16 07:44:45.837   350  1196 I chatty  : uid=1006(camera) mm-qcamera-daem expire 1 line
09-16 07:44:45.837   350  1199 I chatty  : uid=1006(camera) mm-qcamera-daem expire 1 line
09-16 07:44:45.837   350   350 I chatty  : uid=1006(camera) mm-qcamera-daem expire 1 line
09-16 07:44:45.914  1205  1205 F libc    : CANNOT LINK EXECUTABLE "/system/bin/netmgrd": cannot locate symbol "_ZN6google8protobuf2io16CodedInputStream20ReadVarint32FallbackEPj" referenced by "/system/vendor/lib64/libcneapiclient.so"...
09-16 07:44:45.914  1205  1205 F libc    : Fatal signal 6 (SIGABRT), code -6 in tid 1205 (netmgrd)
09-16 07:44:45.919  1210  1210 I crash_dump64: type=1400 audit(0.0:291): avc: denied { ptrace } for scontext=u:r:crash_dump:s0 tcontext=u:r:init:s0 tclass=process permissive=1
09-16 07:44:45.939  1210  1210 I crash_dump64: obtaining output fd from tombstoned
09-16 07:44:45.939   356   356 I /system/bin/tombstoned: received crash request for pid 1205
09-16 07:44:45.940  1210  1210 I crash_dump64: performing dump of process 1205 (target tid = 1205)
09-16 07:44:45.941  1210  1210 F DEBUG   : *** *** *** *** *** *** *** *** *** *** *** *** *** *** *** ***
09-16 07:44:45.941  1210  1210 F DEBUG   : Build fingerprint: 'Wileyfox/Storm/kipper:7.1.1/N6F27C/83dbe1d738:user/release-keys'
09-16 07:44:45.941  1210  1210 F DEBUG   : Revision: '0'
09-16 07:44:45.941  1210  1210 F DEBUG   : ABI: 'arm64'
09-16 07:44:45.941  1210  1210 F DEBUG   : pid: 1205, tid: 1205, name: netmgrd  >>> /system/bin/netmgrd <<<
09-16 07:44:45.941  1210  1210 F DEBUG   : signal 6 (SIGABRT), code -6 (SI_TKILL), fault addr --------
09-16 07:44:45.942  1210  1210 F DEBUG   : Abort message: 'CANNOT LINK EXECUTABLE "/system/bin/netmgrd": cannot locate symbol "_ZN6google8protobuf2io16CodedInputStream20ReadVarint32FallbackEPj" referenced by "/system/vendor/lib64/libcneapiclient.so"...'
09-16 07:44:45.942  1210  1210 F DEBUG   :     x0   0000000000000000  x1   00000000000004b5  x2   0000000000000006  x3   0000000000000008
09-16 07:44:45.942  1210  1210 F DEBUG   :     x4   0080000000808080  x5   0080000000808080  x6   0080000000808080  x7   0000000000000010
09-16 07:44:45.942  1210  1210 F DEBUG   :     x8   0000000000000083  x9   1d8c8b8b9583a9c8  x10  0000000000000000  x11  0000000000000001
09-16 07:44:45.942  1210  1210 F DEBUG   :     x12  0000000000000008  x13  0000000000000000  x14  0000000000000000  x15  00367d14dc9471d3
09-16 07:44:45.942  1210  1210 F DEBUG   :     x16  0000007fcf5c95af  x17  01ab93594ad4f927  x18  00000073f7311230  x19  00000000000004b5
09-16 07:44:45.942  1210  1210 F DEBUG   :     x20  00000000000004b5  x21  000000555b30709b  x22  0000007fcf5ca648  x23  000000555b3c8918
09-16 07:44:45.942  1210  1210 F DEBUG   :     x24  0000007fcf5cb658  x25  00000073f740b280  x26  00000073f740c820  x27  00000073f740c880
09-16 07:44:45.942  1210  1210 F DEBUG   :     x28  0000007fcf5cb640  x29  0000007fcf5ca210  x30  00000073f73b34d8
09-16 07:44:45.942  1210  1210 F DEBUG   :     sp   0000007fcf5ca1d0  pc   00000073f73c2b5c  pstate 0000000060000000
09-16 07:44:45.944  1210  1210 F DEBUG   : 
09-16 07:44:45.944  1210  1210 F DEBUG   : backtrace:
09-16 07:44:45.944  1210  1210 F DEBUG   :     #00 pc 00000000000a1b5c  /system/bin/linker64 (__dl_tgkill+8)
09-16 07:44:45.944  1210  1210 F DEBUG   :     #01 pc 00000000000924d4  /system/bin/linker64 (__dl_abort+88)
09-16 07:44:45.944  1210  1210 F DEBUG   :     #02 pc 00000000000278c4  /system/bin/linker64 (__dl___libc_fatal+116)
09-16 07:44:45.944  1210  1210 F DEBUG   :     #03 pc 000000000001c280  /system/bin/linker64 (__dl___linker_init+3404)
09-16 07:44:45.944  1210  1210 F DEBUG   :     #04 pc 00000000000225c8  /system/bin/linker64 (_start+4)
09-16 07:44:45.959  1210  1210 I crash_dump64: type=1400 audit(0.0:292): avc: denied { signal } for scontext=u:r:crash_dump:s0 tcontext=u:r:init:s0 tclass=process permissive=1
09-16 07:44:45.974  1210  1210 E crash_dump64: unable to connect to activity manager: No such file or directory
09-16 07:44:45.974   356   356 E /system/bin/tombstoned: Tombstone written to: /data/tombstones//tombstone_04
09-16 07:44:49.469  1219  1219 W netd    : type=1400 audit(0.0:293): avc: granted { getattr } for path="/vendor" dev="rootfs" ino=2208 scontext=u:r:netd:s0 tcontext=u:object_r:rootfs:s0 tclass=lnk_file
09-16 07:44:49.519  1221  1221 W iptables-restor: type=1400 audit(0.0:294): avc: granted { getattr } for path="/vendor" dev="rootfs" ino=2208 scontext=u:r:netd:s0 tcontext=u:object_r:rootfs:s0 tclass=lnk_file
09-16 07:44:49.524  1219  1219 I Netd    : Netd 1.0 starting
09-16 07:44:49.524  1219  1219 D TetherController: Setting IP forward enable = 0
09-16 07:44:49.539  1222  1222 W ip6tables-resto: type=1400 audit(0.0:295): avc: granted { getattr } for path="/vendor" dev="rootfs" ino=2208 scontext=u:r:netd:s0 tcontext=u:object_r:rootfs:s0 tclass=lnk_file
09-16 07:44:49.550  1220  1220 I wificond: wificond is starting up...
09-16 07:44:49.559  1223  1223 W iptables: type=1400 audit(0.0:296): avc: granted { getattr } for path="/vendor" dev="rootfs" ino=2208 scontext=u:r:netd:s0 tcontext=u:object_r:rootfs:s0 tclass=lnk_file
09-16 07:44:49.569  1224  1224 W ip6tables: type=1400 audit(0.0:297): avc: granted { getattr } for path="/vendor" dev="rootfs" ino=2208 scontext=u:r:netd:s0 tcontext=u:object_r:rootfs:s0 tclass=lnk_file
09-16 07:44:49.589  1225  1225 W iptables: type=1400 audit(0.0:298): avc: granted { getattr } for path="/vendor" dev="rootfs" ino=2208 scontext=u:r:netd:s0 tcontext=u:object_r:rootfs:s0 tclass=lnk_file
09-16 07:44:49.609  1226  1226 W ip6tables: type=1400 audit(0.0:299): avc: granted { getattr } for path="/vendor" dev="rootfs" ino=2208 scontext=u:r:netd:s0 tcontext=u:object_r:rootfs:s0 tclass=lnk_file
09-16 07:44:49.629  1227  1227 W iptables: type=1400 audit(0.0:300): avc: granted { getattr } for path="/vendor" dev="rootfs" ino=2208 scontext=u:r:netd:s0 tcontext=u:object_r:rootfs:s0 tclass=lnk_file
09-16 07:44:49.649  1228  1228 W ip6tables: type=1400 audit(0.0:301): avc: granted { getattr } for path="/vendor" dev="rootfs" ino=2208 scontext=u:r:netd:s0 tcontext=u:object_r:rootfs:s0 tclass=lnk_file
09-16 07:44:49.659  1229  1229 W iptables: type=1400 audit(0.0:302): avc: granted { getattr } for path="/vendor" dev="rootfs" ino=2208 scontext=u:r:netd:s0 tcontext=u:object_r:rootfs:s0 tclass=lnk_file
09-16 07:44:49.679  1230  1230 W ip6tables: type=1400 audit(0.0:303): avc: granted { getattr } for path="/vendor" dev="rootfs" ino=2208 scontext=u:r:netd:s0 tcontext=u:object_r:rootfs:s0 tclass=lnk_file
09-16 07:44:49.693  1216  1216 I FastMixerState: sMaxFastTracks = 8
09-16 07:44:49.694  1216  1216 I audioserver: ServiceManager: 0xeb18e4a0
09-16 07:44:49.694  1216  1216 W BatteryNotifier: batterystats service unavailable!
09-16 07:44:49.695   247   247 W /system/bin/hwservicemanager: getTransportFromManifest: Cannot find entry android.hardware.audio@2.0::IDevicesFactory in either framework or device manifest, using default transport.
09-16 07:44:49.701   247   247 W /system/bin/hwservicemanager: getTransportFromManifest: Cannot find entry android.hardware.audio.effect@2.0::IEffectsFactory in either framework or device manifest, using default transport.
09-16 07:44:49.709  1238  1238 W iptables: type=1400 audit(0.0:304): avc: granted { getattr } for path="/vendor" dev="rootfs" ino=2208 scontext=u:r:netd:s0 tcontext=u:object_r:rootfs:s0 tclass=lnk_file
09-16 07:44:49.710  1216  1216 I AudioFlinger: Using default 3000 mSec as standby time.
09-16 07:44:49.712  1216  1216 I APM::ConfigParsingUtils: loadAudioPolicyConfig() loaded /system/etc/audio_policy.conf
09-16 07:44:49.721  1216  1216 D audio_hw_primary: adev_open: enter
09-16 07:44:49.729  1240  1240 W ip6tables: type=1400 audit(0.0:305): avc: granted { getattr } for path="/vendor" dev="rootfs" ino=2208 scontext=u:r:netd:s0 tcontext=u:object_r:rootfs:s0 tclass=lnk_file
09-16 07:44:49.739  1241  1241 W iptables: type=1400 audit(0.0:306): avc: granted { getattr } for path="/vendor" dev="rootfs" ino=2208 scontext=u:r:netd:s0 tcontext=u:object_r:rootfs:s0 tclass=lnk_file
09-16 07:44:49.743  1216  1216 D msm8916_platform: platform_init: mixer path file is /system/etc/mixer_paths.xml
09-16 07:44:49.759  1242  1242 W ip6tables: type=1400 audit(0.0:307): avc: granted { getattr } for path="/vendor" dev="rootfs" ino=2208 scontext=u:r:netd:s0 tcontext=u:object_r:rootfs:s0 tclass=lnk_file
09-16 07:44:49.779  1243  1243 W iptables: type=1400 audit(0.0:308): avc: granted { getattr } for path="/vendor" dev="rootfs" ino=2208 scontext=u:r:netd:s0 tcontext=u:object_r:rootfs:s0 tclass=lnk_file
09-16 07:44:49.799  1244  1244 W ip6tables: type=1400 audit(0.0:309): avc: granted { getattr } for path="/vendor" dev="rootfs" ino=2208 scontext=u:r:netd:s0 tcontext=u:object_r:rootfs:s0 tclass=lnk_file
09-16 07:44:49.810  1216  1216 E audio_route: unknown enum value string Off for ctl TTY Mode
09-16 07:44:49.810  1216  1216 E audio_route: Control 'HPHL Volume' doesn't exist - skipping
09-16 07:44:49.810  1216  1216 E audio_route: Control 'HPHR Volume' doesn't exist - skipping
09-16 07:44:49.811  1216  1216 E audio_route: Control 'RX2 MIX2 INP2' doesn't exist - skipping
09-16 07:44:49.811  1216  1216 E audio_route: Control 'RX1 MIX2 INP2' doesn't exist - skipping
09-16 07:44:49.812  1216  1216 E audio_route: Control 'MICBIAS CAPLESS Switch' doesn't exist - skipping
09-16 07:44:49.812  1216  1216 E audio_route: Control 'PRI_MI2S_RX Port Mixer INT_BT_SCO_TX' doesn't exist - skipping
09-16 07:44:49.812  1216  1216 E audio_route: unknown enum value string 8000 for ctl Internal BTSCO SampleRate
09-16 07:44:49.812  1216  1216 E audio_route: Control 'INTERNAL_BT_SCO_RX Audio Mixer Multimedia6' doesn't exist - skipping
09-16 07:44:49.813  1216  1216 E audio_route: unknown enum value string 8000 for ctl Internal BTSCO SampleRate
09-16 07:44:49.813  1216  1216 E audio_route: Control 'MI2S_DL_HL Switch' doesn't exist - skipping
09-16 07:44:49.814  1216  1216 E audio_route: Control 'MI2S_DL_HL Switch' doesn't exist - skipping
09-16 07:44:49.814  1216  1216 E audio_route: unknown enum value string 16000 for ctl Internal BTSCO SampleRate
09-16 07:44:49.814  1217  1217 I cameraserver: ServiceManager: 0xf310e4e0
09-16 07:44:49.814  1217  1217 I CameraService: CameraService started (pid=1217)
09-16 07:44:49.814  1217  1217 I CameraService: CameraService process starting
09-16 07:44:49.815  1216  1216 E audio_route: unknown enum value string 16000 for ctl Internal BTSCO SampleRate
09-16 07:44:49.815  1217  1217 W BatteryNotifier: batterystats service unavailable!
09-16 07:44:49.815  1217  1217 W BatteryNotifier: batterystats service unavailable!
09-16 07:44:49.815  1216  1216 E audio_route: Control 'LSM1 MUX' doesn't exist - skipping
09-16 07:44:49.815  1216  1216 E audio_route: Control 'LSM2 MUX' doesn't exist - skipping
09-16 07:44:49.815  1216  1216 E audio_route: Control 'LSM3 MUX' doesn't exist - skipping
09-16 07:44:49.815  1216  1216 E audio_route: Control 'LSM4 MUX' doesn't exist - skipping
09-16 07:44:49.815  1216  1216 E audio_route: Control 'LSM5 MUX' doesn't exist - skipping
09-16 07:44:49.815  1216  1216 E audio_route: unknown enum value string 16000 for ctl Internal BTSCO SampleRate
09-16 07:44:49.815  1216  1216 I chatty  : uid=1041(audioserver) /system/bin/audioserver identical 2 lines
09-16 07:44:49.815  1216  1216 E audio_route: unknown enum value string 16000 for ctl Internal BTSCO SampleRate
09-16 07:44:49.816  1216  1216 E audio_route: Control 'MI2S_DL_HL Switch' doesn't exist - skipping
09-16 07:44:49.816  1216  1216 E audio_route: unknown enum value string 16000 for ctl Internal BTSCO SampleRate
09-16 07:44:49.816  1216  1216 E audio_route: Control 'MI2S_DL_HL Switch' doesn't exist - skipping
09-16 07:44:49.816  1216  1216 E audio_route: unknown enum value string 16000 for ctl Internal BTSCO SampleRate
09-16 07:44:49.817  1216  1216 E audio_route: unknown enum value string 16000 for ctl Internal BTSCO SampleRate
09-16 07:44:49.817  1216  1216 E audio_route: Control 'LSM1 MUX' doesn't exist - skipping
09-16 07:44:49.817  1216  1216 E audio_route: Control 'LSM2 MUX' doesn't exist - skipping
09-16 07:44:49.817  1216  1216 E audio_route: Control 'LSM3 MUX' doesn't exist - skipping
09-16 07:44:49.817  1216  1216 E audio_route: Control 'LSM4 MUX' doesn't exist - skipping
09-16 07:44:49.817  1216  1216 E audio_route: Control 'LSM5 MUX' doesn't exist - skipping
09-16 07:44:49.817   247   247 W /system/bin/hwservicemanager: getTransportFromManifest: Cannot find entry android.hardware.camera.provider@2.4::ICameraProvider in either framework or device manifest, using default transport.
09-16 07:44:49.817  1216  1216 E audio_route: unknown enum value string 16000 for ctl Internal BTSCO SampleRate
09-16 07:44:49.817  1216  1216 E audio_route: Control 'MICBIAS CAPLESS Switch' doesn't exist - skipping
09-16 07:44:49.819  1216  1216 E audio_route: Control 'MI2S_DL_HL Switch' doesn't exist - skipping
09-16 07:44:49.826  1218  1218 I mediaserver: ServiceManager: 0xea78e540
09-16 07:44:49.827  1218  1218 W BatteryNotifier: batterystats service unavailable!
09-16 07:44:49.829  1250  1250 W iptables-restor: type=1400 audit(0.0:310): avc: granted { getattr } for path="/vendor" dev="rootfs" ino=2208 scontext=u:r:netd:s0 tcontext=u:object_r:rootfs:s0 tclass=lnk_file
09-16 07:44:49.832  1216  1216 D msm8916_platform: platform_init: Opened sound card:0
09-16 07:44:49.833  1216  1216 D msm8916_platform: Opening /sys/class/thermal/thermal_zone0/type
09-16 07:44:49.833  1216  1216 D msm8916_platform: Opening /sys/class/thermal/thermal_zone1/type
09-16 07:44:49.833  1216  1216 D msm8916_platform: Opening /sys/class/thermal/thermal_zone2/type
09-16 07:44:49.833  1216  1216 D msm8916_platform: Opening /sys/class/thermal/thermal_zone3/type
09-16 07:44:49.833  1216  1216 D msm8916_platform: Opening /sys/class/thermal/thermal_zone4/type
09-16 07:44:49.833  1216  1216 D msm8916_platform: Opening /sys/class/thermal/thermal_zone5/type
09-16 07:44:49.833  1216  1216 D msm8916_platform: Opening /sys/class/thermal/thermal_zone6/type
09-16 07:44:49.833  1216  1216 D msm8916_platform: Opening /sys/class/thermal/thermal_zone7/type
09-16 07:44:49.834  1216  1216 D msm8916_platform: Opening /sys/class/thermal/thermal_zone8/type
09-16 07:44:49.834  1216  1216 D msm8916_platform: Opening /sys/class/thermal/thermal_zone9/type
09-16 07:44:49.834  1216  1216 D msm8916_platform: Opening /sys/class/thermal/thermal_zone10/type
09-16 07:44:49.837  1219  1219 I Netd    : Creating child chains: 308.5ms
09-16 07:44:49.837  1219  1219 I Netd    : Setting up OEM hooks: 0.1ms
09-16 07:44:49.838  1216  1216 D ACDB-LOADER: ACDB_CMD_INITIALIZE_V2 snd_card = msm8939-snd-card, cvd_ver = 2.1, key =0
09-16 07:44:49.838  1216  1216 D ACDB-LOADER: ACDB -> Load file: /etc/acdbdata/QRD/QRD_Bluetooth_cal.acdb
09-16 07:44:49.838  1216  1216 D ACDB-LOADER: ACDB -> Load file: /etc/acdbdata/QRD/QRD_General_cal.acdb
09-16 07:44:49.838  1216  1216 D ACDB-LOADER: ACDB -> Load file: /etc/acdbdata/QRD/QRD_Global_cal.acdb
09-16 07:44:49.838  1216  1216 D ACDB-LOADER: ACDB -> Load file: /etc/acdbdata/QRD/QRD_Handset_cal.acdb
09-16 07:44:49.838  1216  1216 D ACDB-LOADER: ACDB -> Load file: /etc/acdbdata/QRD/QRD_Hdmi_cal.acdb
09-16 07:44:49.838  1216  1216 D ACDB-LOADER: ACDB -> Load file: /etc/acdbdata/QRD/QRD_Headset_cal.acdb
09-16 07:44:49.838  1216  1216 D ACDB-LOADER: ACDB -> Load file: /etc/acdbdata/QRD/QRD_Speaker_cal.acdb
09-16 07:44:49.839  1256  1256 I chatty  : uid=1006(camera) /system/bin/mm-qcamera-daemon expire 4 lines
09-16 07:44:49.839  1216  1216 D         : [ACDB Command]->SW Minor/Major/Revision version info for /etc/acdbdata/QRD/QRD_Bluetooth_cal.acdb
09-16 07:44:49.839  1216  1216 D         : [ACDB Command]->ACDB Sw Major = 5, ACDB Sw Minor = 0, ACDB Sw Revision = 2
09-16 07:44:49.839  1216  1216 D         : [ACDB Command]->ACDB File Major = 5, ACDB File Minor = 0, ACDB File Revision = 0
09-16 07:44:49.839  1216  1216 D         : [ACDB Command]->SW Minor/Major/Revision version info for /etc/acdbdata/QRD/QRD_General_cal.acdb
09-16 07:44:49.839  1216  1216 D         : [ACDB Command]->ACDB Sw Major = 5, ACDB Sw Minor = 0, ACDB Sw Revision = 2
09-16 07:44:49.839  1216  1216 D         : [ACDB Command]->ACDB File Major = 5, ACDB File Minor = 0, ACDB File Revision = 0
09-16 07:44:49.839  1216  1216 D         : [ACDB Command]->SW Minor/Major/Revision version info for /etc/acdbdata/QRD/QRD_Global_cal.acdb
09-16 07:44:49.839  1216  1216 D         : [ACDB Command]->ACDB Sw Major = 5, ACDB Sw Minor = 0, ACDB Sw Revision = 2
09-16 07:44:49.839  1216  1216 D         : [ACDB Command]->ACDB File Major = 5, ACDB File Minor = 0, ACDB File Revision = 0
09-16 07:44:49.839  1219  1219 W IptablesRestoreController: iptables-restore process 1221 terminated status=256
09-16 07:44:49.840  1219  1219 E IptablesRestoreController: iptables error:
09-16 07:44:49.840  1219  1219 E IptablesRestoreController: ------- COMMAND -------
09-16 07:44:49.840  1219  1219 E IptablesRestoreController: *filter
09-16 07:44:49.840  1219  1219 E IptablesRestoreController: :fw_dozable -
09-16 07:44:49.840  1219  1219 E IptablesRestoreController: -A fw_dozable -m owner --uid-owner 0-9999 -j RETURN
